Archive member included to satisfy reference by file (symbol)

c:/bin/pico_sdk_v1.5.0/gcc-arm-none-eabi/bin/../lib/gcc/arm-none-eabi/10.3.1/thumb/v6-m/nofp\libgcc.a(_dvmd_tls.o)
                              CMakeFiles/lab_5.dir/C_/bin/Pico_SDK_v1.5.0/pico-sdk/src/rp2_common/pico_divider/divider.S.obj (__aeabi_idiv0)
c:/bin/pico_sdk_v1.5.0/gcc-arm-none-eabi/bin/../lib/gcc/arm-none-eabi/10.3.1/../../../../arm-none-eabi/lib/thumb/v6-m/nofp\libg.a(lib_a-calloc.o)
                              CMakeFiles/lab_5.dir/C_/bin/Pico_SDK_v1.5.0/pico-sdk/src/rp2_common/pico_malloc/pico_malloc.c.obj (calloc)
c:/bin/pico_sdk_v1.5.0/gcc-arm-none-eabi/bin/../lib/gcc/arm-none-eabi/10.3.1/../../../../arm-none-eabi/lib/thumb/v6-m/nofp\libg.a(lib_a-callocr.o)
                              c:/bin/pico_sdk_v1.5.0/gcc-arm-none-eabi/bin/../lib/gcc/arm-none-eabi/10.3.1/../../../../arm-none-eabi/lib/thumb/v6-m/nofp\libg.a(lib_a-calloc.o) (_calloc_r)
c:/bin/pico_sdk_v1.5.0/gcc-arm-none-eabi/bin/../lib/gcc/arm-none-eabi/10.3.1/../../../../arm-none-eabi/lib/thumb/v6-m/nofp\libg.a(lib_a-errno.o)
                              c:/bin/pico_sdk_v1.5.0/gcc-arm-none-eabi/bin/../lib/gcc/arm-none-eabi/10.3.1/../../../../arm-none-eabi/lib/thumb/v6-m/nofp\libg.a(lib_a-callocr.o) (__errno)
c:/bin/pico_sdk_v1.5.0/gcc-arm-none-eabi/bin/../lib/gcc/arm-none-eabi/10.3.1/../../../../arm-none-eabi/lib/thumb/v6-m/nofp\libg.a(lib_a-impure.o)
                              c:/bin/pico_sdk_v1.5.0/gcc-arm-none-eabi/bin/../lib/gcc/arm-none-eabi/10.3.1/../../../../arm-none-eabi/lib/thumb/v6-m/nofp\libg.a(lib_a-calloc.o) (_impure_ptr)
c:/bin/pico_sdk_v1.5.0/gcc-arm-none-eabi/bin/../lib/gcc/arm-none-eabi/10.3.1/../../../../arm-none-eabi/lib/thumb/v6-m/nofp\libg.a(lib_a-init.o)
                              c:/bin/pico_sdk_v1.5.0/gcc-arm-none-eabi/bin/../lib/gcc/arm-none-eabi/10.3.1/../../../../arm-none-eabi/lib/thumb/v6-m/nofp/crt0.o (__libc_init_array)
c:/bin/pico_sdk_v1.5.0/gcc-arm-none-eabi/bin/../lib/gcc/arm-none-eabi/10.3.1/../../../../arm-none-eabi/lib/thumb/v6-m/nofp\libg.a(lib_a-malloc.o)
                              CMakeFiles/lab_5.dir/C_/bin/Pico_SDK_v1.5.0/pico-sdk/src/rp2_common/pico_malloc/pico_malloc.c.obj (malloc)
c:/bin/pico_sdk_v1.5.0/gcc-arm-none-eabi/bin/../lib/gcc/arm-none-eabi/10.3.1/../../../../arm-none-eabi/lib/thumb/v6-m/nofp\libg.a(lib_a-mallocr.o)
                              c:/bin/pico_sdk_v1.5.0/gcc-arm-none-eabi/bin/../lib/gcc/arm-none-eabi/10.3.1/../../../../arm-none-eabi/lib/thumb/v6-m/nofp\libg.a(lib_a-callocr.o) (_malloc_r)
c:/bin/pico_sdk_v1.5.0/gcc-arm-none-eabi/bin/../lib/gcc/arm-none-eabi/10.3.1/../../../../arm-none-eabi/lib/thumb/v6-m/nofp\libg.a(lib_a-mlock.o)
                              c:/bin/pico_sdk_v1.5.0/gcc-arm-none-eabi/bin/../lib/gcc/arm-none-eabi/10.3.1/../../../../arm-none-eabi/lib/thumb/v6-m/nofp\libg.a(lib_a-mallocr.o) (__malloc_lock)
c:/bin/pico_sdk_v1.5.0/gcc-arm-none-eabi/bin/../lib/gcc/arm-none-eabi/10.3.1/../../../../arm-none-eabi/lib/thumb/v6-m/nofp\libg.a(lib_a-realloc.o)
                              CMakeFiles/lab_5.dir/C_/bin/Pico_SDK_v1.5.0/pico-sdk/src/rp2_common/pico_malloc/pico_malloc.c.obj (realloc)
c:/bin/pico_sdk_v1.5.0/gcc-arm-none-eabi/bin/../lib/gcc/arm-none-eabi/10.3.1/../../../../arm-none-eabi/lib/thumb/v6-m/nofp\libg.a(lib_a-reallocr.o)
                              c:/bin/pico_sdk_v1.5.0/gcc-arm-none-eabi/bin/../lib/gcc/arm-none-eabi/10.3.1/../../../../arm-none-eabi/lib/thumb/v6-m/nofp\libg.a(lib_a-realloc.o) (_realloc_r)
c:/bin/pico_sdk_v1.5.0/gcc-arm-none-eabi/bin/../lib/gcc/arm-none-eabi/10.3.1/../../../../arm-none-eabi/lib/thumb/v6-m/nofp\libg.a(lib_a-sbrkr.o)
                              c:/bin/pico_sdk_v1.5.0/gcc-arm-none-eabi/bin/../lib/gcc/arm-none-eabi/10.3.1/../../../../arm-none-eabi/lib/thumb/v6-m/nofp\libg.a(lib_a-mallocr.o) (_sbrk_r)
c:/bin/pico_sdk_v1.5.0/gcc-arm-none-eabi/bin/../lib/gcc/arm-none-eabi/10.3.1/../../../../arm-none-eabi/lib/thumb/v6-m/nofp\libg.a(lib_a-strlen-stub.o)
                              CMakeFiles/lab_5.dir/C_/bin/Pico_SDK_v1.5.0/pico-sdk/src/rp2_common/pico_stdio/stdio.c.obj (strlen)
c:/bin/pico_sdk_v1.5.0/gcc-arm-none-eabi/bin/../lib/gcc/arm-none-eabi/10.3.1/../../../../arm-none-eabi/lib/thumb/v6-m/nofp\libg.a(lib_a-freer.o)
                              c:/bin/pico_sdk_v1.5.0/gcc-arm-none-eabi/bin/../lib/gcc/arm-none-eabi/10.3.1/../../../../arm-none-eabi/lib/thumb/v6-m/nofp\libg.a(lib_a-malloc.o) (_free_r)
c:/bin/pico_sdk_v1.5.0/gcc-arm-none-eabi/bin/../lib/gcc/arm-none-eabi/10.3.1/../../../../arm-none-eabi/lib/thumb/v6-m/nofp\libg.a(lib_a-lock.o)
                              c:/bin/pico_sdk_v1.5.0/gcc-arm-none-eabi/bin/../lib/gcc/arm-none-eabi/10.3.1/../../../../arm-none-eabi/lib/thumb/v6-m/nofp\libg.a(lib_a-mlock.o) (__retarget_lock_acquire_recursive)
c:/bin/pico_sdk_v1.5.0/gcc-arm-none-eabi/bin/../lib/gcc/arm-none-eabi/10.3.1/../../../../arm-none-eabi/lib/thumb/v6-m/nofp\libg.a(lib_a-memmove.o)
[...]
Memory Configuration

Name             Origin             Length             Attributes
FLASH            0x10000000         0x00200000         xr
RAM              0x20000000         0x00040000         xrw
SCRATCH_X        0x20040000         0x00001000         xrw
SCRATCH_Y        0x20041000         0x00001000         xrw
*default*        0x00000000         0xffffffff

Linker script and memory map

LOAD c:/bin/pico_sdk_v1.5.0/gcc-arm-none-eabi/bin/../lib/gcc/arm-none-eabi/10.3.1/thumb/v6-m/nofp/crti.o
LOAD c:/bin/pico_sdk_v1.5.0/gcc-arm-none-eabi/bin/../lib/gcc/arm-none-eabi/10.3.1/thumb/v6-m/nofp/crtbegin.o
LOAD c:/bin/pico_sdk_v1.5.0/gcc-arm-none-eabi/bin/../lib/gcc/arm-none-eabi/10.3.1/../../../../arm-none-eabi/lib/thumb/v6-m/nofp/crt0.o

.flash_begin    0x10000000        0x0
                0x10000000                __flash_binary_start = .

.boot2          0x10000000      0x100
                0x10000000                __boot2_start__ = .
 *(.boot2)
 .boot2         0x10000000      0x100 C:\Users\uglyz\AppData\Local\Temp\ccKmc0ld.o
                0x10000100                __boot2_end__ = .
                0x00000001                ASSERT (((__boot2_end__ - __boot2_start__) == 0x100), ERROR: Pico second stage bootloader must be 256 bytes in size)

.text           0x10000100     0x4658
                0x10000100                __logical_binary_start = .
 *(.vectors)
 .vectors       0x10000100       0xd4 CMakeFiles/lab_5.dir/C_/bin/Pico_SDK_v1.5.0/pico-sdk/src/rp2_common/pico_standard_link/crt0.S.obj
                0x10000100                __VECTOR_TABLE
                0x10000100                __vectors
                0x100001c0                isr_invalid
                0x100001c0                __default_isrs_start
                0x100001c2                isr_nmi
                0x100001c4                isr_hardfault
                0x100001c6                isr_svcall
                0x100001c8                isr_pendsv
                0x100001ca                isr_systick
                0x100001cc                isr_irq23
                0x100001cc                isr_irq18
                0x100001cc                isr_irq11
                0x100001cc                isr_irq28
                0x100001cc                isr_irq19
                0x100001cc                isr_irq0
                0x100001cc                isr_irq6
                0x100001cc                isr_irq5
                0x100001cc                isr_irq12
                0x100001cc                isr_irq22
                0x100001cc                isr_irq31
                0x100001cc                isr_irq17
                0x100001cc                isr_irq27
                0x100001cc                isr_irq30
                0x100001cc                isr_irq2
                0x100001cc                isr_irq10
                0x100001cc                isr_irq8
                0x100001cc                isr_irq24
                0x100001cc                isr_irq1
                0x100001cc                isr_irq7
                0x100001cc                isr_irq21
                0x100001cc                isr_irq20
                0x100001cc                isr_irq15
                0x100001cc                isr_irq25
                0x100001cc                isr_irq13
                0x100001cc                __unhandled_user_irq
                0x100001cc                isr_irq4
                0x100001cc                isr_irq16
                0x100001cc                isr_irq29
                0x100001cc                isr_irq26
                0x100001cc                __default_isrs_end
                0x100001cc                isr_irq3
                0x100001cc                isr_irq14
                0x100001cc                isr_irq9
                0x100001d2                unhandled_user_irq_num_in_r0
 *(.binary_info_header)
 .binary_info_header
                0x100001d4       0x14 CMakeFiles/lab_5.dir/C_/bin/Pico_SDK_v1.5.0/pico-sdk/src/rp2_common/pico_standard_link/crt0.S.obj
                0x100001e8                __binary_info_header_end = .
 *(.reset)
 .reset         0x100001e8       0xa0 CMakeFiles/lab_5.dir/C_/bin/Pico_SDK_v1.5.0/pico-sdk/src/rp2_common/pico_standard_link/crt0.S.obj
                0x100001e8                _entry_point
 .reset         0x10000288       0x30 CMakeFiles/lab_5.dir/C_/bin/Pico_SDK_v1.5.0/pico-sdk/src/rp2_common/pico_standard_link/binary_info.c.obj
 *(.init)
 .init          0x100002b8        0x4 c:/bin/pico_sdk_v1.5.0/gcc-arm-none-eabi/bin/../lib/gcc/arm-none-eabi/10.3.1/thumb/v6-m/nofp/crti.o
                0x100002b8                _init
 *(EXCLUDE_FILE(*libm.a: *libc.a:*lib_a-mem*.o *libgcc.a:) .text*)
 .text          0x100002bc       0x48 c:/bin/pico_sdk_v1.5.0/gcc-arm-none-eabi/bin/../lib/gcc/arm-none-eabi/10.3.1/thumb/v6-m/nofp/crtbegin.o
 .text.led_set_state
                0x10000304        0x8 CMakeFiles/lab_5.dir/main.c.obj
                0x10000304                led_set_state
 .text.init_gpio
                0x1000030c       0x6c CMakeFiles/lab_5.dir/main.c.obj
                0x1000030c                init_gpio
 .text.eeprom_write
                0x10000378       0x44 CMakeFiles/lab_5.dir/main.c.obj
                0x10000378                eeprom_write
 .text.eeprom_read
                0x100003bc       0x3c CMakeFiles/lab_5.dir/main.c.obj
                0x100003bc                eeprom_read
 .text.eeprom_store_led_state
                0x100003f8       0x44 CMakeFiles/lab_5.dir/main.c.obj
                0x100003f8                eeprom_store_led_state
 .text.eeprom_load_led_state
                0x1000043c       0x64 CMakeFiles/lab_5.dir/main.c.obj
                0x1000043c                eeprom_load_led_state
 .text.led_apply_state
                0x100004a0       0x30 CMakeFiles/lab_5.dir/main.c.obj
                0x100004a0                led_apply_state
 .text.led_toggle_and_store
                0x100004d0       0x60 CMakeFiles/lab_5.dir/main.c.obj
                0x100004d0                led_toggle_and_store
 .text.print_initial_state
                0x10000530       0x54 CMakeFiles/lab_5.dir/main.c.obj
                0x10000530                print_initial_state
 .text.main     0x10000584      0x108 CMakeFiles/lab_5.dir/main.c.obj
                0x10000584                main
 .text.gpio_set_function
                0x1000068c       0x30 CMakeFiles/lab_5.dir/C_/bin/Pico_SDK_v1.5.0/pico-sdk/src/rp2_common/hardware_gpio/gpio.c.obj
                0x1000068c                gpio_set_function
 .text.gpio_set_pulls
                0x100006bc       0x34 CMakeFiles/lab_5.dir/C_/bin/Pico_SDK_v1.5.0/pico-sdk/src/rp2_common/hardware_gpio/gpio.c.obj
                0x100006bc                gpio_set_pulls
 .text.gpio_init
                0x100006f0       0x16 CMakeFiles/lab_5.dir/C_/bin/Pico_SDK_v1.5.0/pico-sdk/src/rp2_common/hardware_gpio/gpio.c.obj
                0x100006f0                gpio_init
 *fill*         0x10000706        0x2 
 .text.running_on_fpga
                0x10000708       0x14 CMakeFiles/lab_5.dir/C_/bin/Pico_SDK_v1.5.0/pico-sdk/src/rp2_common/pico_platform/platform.c.obj
                0x10000708                running_on_fpga
 .text.hw_claim_lock
                0x1000071c       0x18 CMakeFiles/lab_5.dir/C_/bin/Pico_SDK_v1.5.0/pico-sdk/src/rp2_common/hardware_claim/claim.c.obj
                0x1000071c                hw_claim_lock
 .text.hw_claim_unlock
                0x10000734       0x14 CMakeFiles/lab_5.dir/C_/bin/Pico_SDK_v1.5.0/pico-sdk/src/rp2_common/hardware_claim/claim.c.obj
                0x10000734                hw_claim_unlock
 .text.hw_claim_or_assert
                0x10000748       0x32 CMakeFiles/lab_5.dir/C_/bin/Pico_SDK_v1.5.0/pico-sdk/src/rp2_common/hardware_claim/claim.c.obj
                0x10000748                hw_claim_or_assert
 *fill*         0x1000077a        0x2 
 .text.spin_locks_reset
                0x1000077c       0x20 CMakeFiles/lab_5.dir/C_/bin/Pico_SDK_v1.5.0/pico-sdk/src/rp2_common/hardware_sync/sync.c.obj
                0x1000077c                spin_locks_reset
 .text.next_striped_spin_lock_num
                0x1000079c       0x1c CMakeFiles/lab_5.dir/C_/bin/Pico_SDK_v1.5.0/pico-sdk/src/rp2_common/hardware_sync/sync.c.obj
                0x1000079c                next_striped_spin_lock_num
 .text.set_raw_irq_handler_and_unlock
                0x100007b8       0x28 CMakeFiles/lab_5.dir/C_/bin/Pico_SDK_v1.5.0/pico-sdk/src/rp2_common/hardware_irq/irq.c.obj
 .text.make_branch
                0x100007e0       0x48 CMakeFiles/lab_5.dir/C_/bin/Pico_SDK_v1.5.0/pico-sdk/src/rp2_common/hardware_irq/irq.c.obj
 .text.insert_branch_and_link
                0x10000828       0x40 CMakeFiles/lab_5.dir/C_/bin/Pico_SDK_v1.5.0/pico-sdk/src/rp2_common/hardware_irq/irq.c.obj
 .text.irq_is_enabled
                0x10000868       0x18 CMakeFiles/lab_5.dir/C_/bin/Pico_SDK_v1.5.0/pico-sdk/src/rp2_common/hardware_irq/irq.c.obj
                0x10000868                irq_is_enabled
 .text.irq_set_mask_enabled
                0x10000880       0x20 CMakeFiles/lab_5.dir/C_/bin/Pico_SDK_v1.5.0/pico-sdk/src/rp2_common/hardware_irq/irq.c.obj
                0x10000880                irq_set_mask_enabled
 .text.irq_set_enabled
                0x100008a0        0xe CMakeFiles/lab_5.dir/C_/bin/Pico_SDK_v1.5.0/pico-sdk/src/rp2_common/hardware_irq/irq.c.obj
                0x100008a0                irq_set_enabled
 *fill*         0x100008ae        0x2 
 .text.irq_get_vtable_handler
                0x100008b0       0x10 CMakeFiles/lab_5.dir/C_/bin/Pico_SDK_v1.5.0/pico-sdk/src/rp2_common/hardware_irq/irq.c.obj
                0x100008b0                irq_get_vtable_handler
 .text.irq_set_exclusive_handler
                0x100008c0       0x54 CMakeFiles/lab_5.dir/C_/bin/Pico_SDK_v1.5.0/pico-sdk/src/rp2_common/hardware_irq/irq.c.obj
                0x100008c0                irq_set_exclusive_handler
 .text.irq_remove_handler
                0x10000914      0x1ac CMakeFiles/lab_5.dir/C_/bin/Pico_SDK_v1.5.0/pico-sdk/src/rp2_common/hardware_irq/irq.c.obj
                0x10000914                irq_remove_handler
 .text.irq_add_tail_to_free_list
                0x10000ac0       0xf0 CMakeFiles/lab_5.dir/C_/bin/Pico_SDK_v1.5.0/pico-sdk/src/rp2_common/hardware_irq/irq.c.obj
                0x10000ac0                irq_add_tail_to_free_list
 .text.irq_init_priorities
                0x10000bb0       0x1c CMakeFiles/lab_5.dir/C_/bin/Pico_SDK_v1.5.0/pico-sdk/src/rp2_common/hardware_irq/irq.c.obj
                0x10000bb0                irq_init_priorities
 .text.lock_init
                0x10000bcc       0x10 CMakeFiles/lab_5.dir/C_/bin/Pico_SDK_v1.5.0/pico-sdk/src/common/pico_sync/lock_core.c.obj
                0x10000bcc                lock_init
 .text.mutex_init
                0x10000bdc       0x1a CMakeFiles/lab_5.dir/C_/bin/Pico_SDK_v1.5.0/pico-sdk/src/common/pico_sync/mutex.c.obj
                0x10000bdc                mutex_init
 .text.recursive_mutex_init
                0x10000bf6       0x1e CMakeFiles/lab_5.dir/C_/bin/Pico_SDK_v1.5.0/pico-sdk/src/common/pico_sync/mutex.c.obj
                0x10000bf6                recursive_mutex_init
 .text.alarm_pool_post_alloc_init
                0x10000c14       0x40 CMakeFiles/lab_5.dir/C_/bin/Pico_SDK_v1.5.0/pico-sdk/src/common/pico_time/time.c.obj
 .text.sleep_until_callback
                0x10000c54       0x30 CMakeFiles/lab_5.dir/C_/bin/Pico_SDK_v1.5.0/pico-sdk/src/common/pico_time/time.c.obj
 .text.timer_pool_entry_comparator
                0x10000c84       0x7c CMakeFiles/lab_5.dir/C_/bin/Pico_SDK_v1.5.0/pico-sdk/src/common/pico_time/time.c.obj
                0x10000c84                timer_pool_entry_comparator
 .text.ph_add_child_node
                0x10000d00       0xa4 CMakeFiles/lab_5.dir/C_/bin/Pico_SDK_v1.5.0/pico-sdk/src/common/pico_time/time.c.obj
 .text.ph_merge_nodes
                0x10000da4       0x3e CMakeFiles/lab_5.dir/C_/bin/Pico_SDK_v1.5.0/pico-sdk/src/common/pico_time/time.c.obj
 *fill*         0x10000de2        0x2 
 .text.add_alarm_under_lock
                0x10000de4      0x174 CMakeFiles/lab_5.dir/C_/bin/Pico_SDK_v1.5.0/pico-sdk/src/common/pico_time/time.c.obj
 .text.alarm_pool_alarm_callback
                0x10000f58      0x33c CMakeFiles/lab_5.dir/C_/bin/Pico_SDK_v1.5.0/pico-sdk/src/common/pico_time/time.c.obj
 .text.alarm_pool_init_default
                0x10001294       0x40 CMakeFiles/lab_5.dir/C_/bin/Pico_SDK_v1.5.0/pico-sdk/src/common/pico_time/time.c.obj
                0x10001294                alarm_pool_init_default
 .text.alarm_pool_get_default
                0x100012d4       0x2c CMakeFiles/lab_5.dir/C_/bin/Pico_SDK_v1.5.0/pico-sdk/src/common/pico_time/time.c.obj
                0x100012d4                alarm_pool_get_default
 .text.alarm_pool_add_alarm_at
                0x10001300      0x168 CMakeFiles/lab_5.dir/C_/bin/Pico_SDK_v1.5.0/pico-sdk/src/common/pico_time/time.c.obj
                0x10001300                alarm_pool_add_alarm_at
 .text.alarm_pool_cancel_alarm
                0x10001468       0xf0 CMakeFiles/lab_5.dir/C_/bin/Pico_SDK_v1.5.0/pico-sdk/src/common/pico_time/time.c.obj
                0x10001468                alarm_pool_cancel_alarm
 .text.sleep_until
                0x10001558       0xfc CMakeFiles/lab_5.dir/C_/bin/Pico_SDK_v1.5.0/pico-sdk/src/common/pico_time/time.c.obj
                0x10001558                sleep_until
 .text.sleep_us
                0x10001654       0x58 CMakeFiles/lab_5.dir/C_/bin/Pico_SDK_v1.5.0/pico-sdk/src/common/pico_time/time.c.obj
                0x10001654                sleep_us
 .text.sleep_ms
                0x100016ac       0x14 CMakeFiles/lab_5.dir/C_/bin/Pico_SDK_v1.5.0/pico-sdk/src/common/pico_time/time.c.obj
                0x100016ac                sleep_ms
 .text.best_effort_wfe_or_timeout
                0x100016c0       0xac CMakeFiles/lab_5.dir/C_/bin/Pico_SDK_v1.5.0/pico-sdk/src/common/pico_time/time.c.obj
                0x100016c0                best_effort_wfe_or_timeout
 .text.hardware_alarm_irq_handler
                0x1000176c       0x90 CMakeFiles/lab_5.dir/C_/bin/Pico_SDK_v1.5.0/pico-sdk/src/rp2_common/hardware_timer/timer.c.obj
 .text.hardware_alarm_claim
                0x100017fc       0x18 CMakeFiles/lab_5.dir/C_/bin/Pico_SDK_v1.5.0/pico-sdk/src/rp2_common/hardware_timer/timer.c.obj
                0x100017fc                hardware_alarm_claim
 .text.time_us_64
                0x10001814       0x18 CMakeFiles/lab_5.dir/C_/bin/Pico_SDK_v1.5.0/pico-sdk/src/rp2_common/hardware_timer/timer.c.obj
                0x10001814                time_us_64
 .text.busy_wait_until
                0x1000182c       0x28 CMakeFiles/lab_5.dir/C_/bin/Pico_SDK_v1.5.0/pico-sdk/src/rp2_common/hardware_timer/timer.c.obj
                0x1000182c                busy_wait_until
 .text.hardware_alarm_set_callback
                0x10001854       0x90 CMakeFiles/lab_5.dir/C_/bin/Pico_SDK_v1.5.0/pico-sdk/src/rp2_common/hardware_timer/timer.c.obj
                0x10001854                hardware_alarm_set_callback
 .text.hardware_alarm_set_target
                0x100018e4       0xe8 CMakeFiles/lab_5.dir/C_/bin/Pico_SDK_v1.5.0/pico-sdk/src/rp2_common/hardware_timer/timer.c.obj
                0x100018e4                hardware_alarm_set_target
 .text.hardware_alarm_cancel
                0x100019cc       0x40 CMakeFiles/lab_5.dir/C_/bin/Pico_SDK_v1.5.0/pico-sdk/src/rp2_common/hardware_timer/timer.c.obj
                0x100019cc                hardware_alarm_cancel
 .text.ph_add_child_node
                0x10001a0c       0xa4 CMakeFiles/lab_5.dir/C_/bin/Pico_SDK_v1.5.0/pico-sdk/src/common/pico_util/pheap.c.obj
 .text.ph_merge_nodes
                0x10001ab0       0x3e CMakeFiles/lab_5.dir/C_/bin/Pico_SDK_v1.5.0/pico-sdk/src/common/pico_util/pheap.c.obj
 *fill*         0x10001aee        0x2 
 .text.ph_clear
                0x10001af0       0x70 CMakeFiles/lab_5.dir/C_/bin/Pico_SDK_v1.5.0/pico-sdk/src/common/pico_util/pheap.c.obj
                0x10001af0                ph_clear
 .text.ph_post_alloc_init
                0x10001b60        0xe CMakeFiles/lab_5.dir/C_/bin/Pico_SDK_v1.5.0/pico-sdk/src/common/pico_util/pheap.c.obj
                0x10001b60                ph_post_alloc_init
 *fill*         0x10001b6e        0x2 
 .text.ph_merge_two_pass
                0x10001b70       0xa8 CMakeFiles/lab_5.dir/C_/bin/Pico_SDK_v1.5.0/pico-sdk/src/common/pico_util/pheap.c.obj
                0x10001b70                ph_merge_two_pass
 .text.ph_remove_any_head
                0x10001c18      0x128 CMakeFiles/lab_5.dir/C_/bin/Pico_SDK_v1.5.0/pico-sdk/src/common/pico_util/pheap.c.obj
 .text.ph_remove_head
                0x10001d40       0x14 CMakeFiles/lab_5.dir/C_/bin/Pico_SDK_v1.5.0/pico-sdk/src/common/pico_util/pheap.c.obj
                0x10001d40                ph_remove_head
 .text.ph_remove_and_free_node
                0x10001d54       0xf8 CMakeFiles/lab_5.dir/C_/bin/Pico_SDK_v1.5.0/pico-sdk/src/common/pico_util/pheap.c.obj
                0x10001d54                ph_remove_and_free_node
 .text.uart_set_baudrate
                0x10001e4c       0x5c CMakeFiles/lab_5.dir/C_/bin/Pico_SDK_v1.5.0/pico-sdk/src/rp2_common/hardware_uart/uart.c.obj
                0x10001e4c                uart_set_baudrate
 .text.uart_set_translate_crlf
                0x10001ea8       0x28 CMakeFiles/lab_5.dir/C_/bin/Pico_SDK_v1.5.0/pico-sdk/src/rp2_common/hardware_uart/uart.c.obj
                0x10001ea8                uart_set_translate_crlf
 .text.uart_init
                0x10001ed0       0x80 CMakeFiles/lab_5.dir/C_/bin/Pico_SDK_v1.5.0/pico-sdk/src/rp2_common/hardware_uart/uart.c.obj
                0x10001ed0                uart_init
 .text.clock_configure
                0x10001f50      0x104 CMakeFiles/lab_5.dir/C_/bin/Pico_SDK_v1.5.0/pico-sdk/src/rp2_common/hardware_clocks/clocks.c.obj
                0x10001f50                clock_configure
 .text.clocks_init
                0x10002054      0x100 CMakeFiles/lab_5.dir/C_/bin/Pico_SDK_v1.5.0/pico-sdk/src/rp2_common/hardware_clocks/clocks.c.obj
                0x10002054                clocks_init
 .text.clock_get_hz
                0x10002154        0xc CMakeFiles/lab_5.dir/C_/bin/Pico_SDK_v1.5.0/pico-sdk/src/rp2_common/hardware_clocks/clocks.c.obj
                0x10002154                clock_get_hz
 .text.pll_init
                0x10002160      0x12c CMakeFiles/lab_5.dir/C_/bin/Pico_SDK_v1.5.0/pico-sdk/src/rp2_common/hardware_pll/pll.c.obj
                0x10002160                pll_init
 .text.watchdog_start_tick
                0x1000228c       0x10 CMakeFiles/lab_5.dir/C_/bin/Pico_SDK_v1.5.0/pico-sdk/src/rp2_common/hardware_watchdog/watchdog.c.obj
                0x1000228c                watchdog_start_tick
 .text.xosc_init
                0x1000229c       0x28 CMakeFiles/lab_5.dir/C_/bin/Pico_SDK_v1.5.0/pico-sdk/src/rp2_common/hardware_xosc/xosc.c.obj
                0x1000229c                xosc_init
 .text._exit    0x100022c4        0x4 CMakeFiles/lab_5.dir/C_/bin/Pico_SDK_v1.5.0/pico-sdk/src/rp2_common/pico_runtime/runtime.c.obj
                0x100022c4                _exit
 .text.exit     0x100022c8        0x6 CMakeFiles/lab_5.dir/C_/bin/Pico_SDK_v1.5.0/pico-sdk/src/rp2_common/pico_runtime/runtime.c.obj
                0x100022c8                exit
 *fill*         0x100022ce        0x2 
 .text.__assert_func
                0x100022d0       0x3c CMakeFiles/lab_5.dir/C_/bin/Pico_SDK_v1.5.0/pico-sdk/src/rp2_common/pico_runtime/runtime.c.obj
                0x100022d0                __assert_func
 .text.runtime_init
                0x1000230c       0xf8 CMakeFiles/lab_5.dir/C_/bin/Pico_SDK_v1.5.0/pico-sdk/src/rp2_common/pico_runtime/runtime.c.obj
                0x1000230c                runtime_init
 .text.panic    0x10002404       0x30 CMakeFiles/lab_5.dir/C_/bin/Pico_SDK_v1.5.0/pico-sdk/src/rp2_common/pico_runtime/runtime.c.obj
                0x10002404                panic
 .text._out_null
                0x10002434        0x2 CMakeFiles/lab_5.dir/C_/bin/Pico_SDK_v1.5.0/pico-sdk/src/rp2_common/pico_printf/printf.c.obj
 .text._out_fct
                0x10002436        0xe CMakeFiles/lab_5.dir/C_/bin/Pico_SDK_v1.5.0/pico-sdk/src/rp2_common/pico_printf/printf.c.obj
 .text._atoi    0x10002444       0x24 CMakeFiles/lab_5.dir/C_/bin/Pico_SDK_v1.5.0/pico-sdk/src/rp2_common/pico_printf/printf.c.obj
 .text._out_rev
                0x10002468       0xae CMakeFiles/lab_5.dir/C_/bin/Pico_SDK_v1.5.0/pico-sdk/src/rp2_common/pico_printf/printf.c.obj
 .text._ntoa_format
                0x10002516      0x112 CMakeFiles/lab_5.dir/C_/bin/Pico_SDK_v1.5.0/pico-sdk/src/rp2_common/pico_printf/printf.c.obj
 .text._ntoa_long
                0x10002628       0xbc CMakeFiles/lab_5.dir/C_/bin/Pico_SDK_v1.5.0/pico-sdk/src/rp2_common/pico_printf/printf.c.obj
 .text._ntoa_long_long
                0x100026e4       0xe2 CMakeFiles/lab_5.dir/C_/bin/Pico_SDK_v1.5.0/pico-sdk/src/rp2_common/pico_printf/printf.c.obj
 *fill*         0x100027c6        0x2 
 .text._etoa    0x100027c8      0x414 CMakeFiles/lab_5.dir/C_/bin/Pico_SDK_v1.5.0/pico-sdk/src/rp2_common/pico_printf/printf.c.obj
 .text._ftoa    0x10002bdc      0x354 CMakeFiles/lab_5.dir/C_/bin/Pico_SDK_v1.5.0/pico-sdk/src/rp2_common/pico_printf/printf.c.obj
 .text._vsnprintf
                0x10002f30      0x624 CMakeFiles/lab_5.dir/C_/bin/Pico_SDK_v1.5.0/pico-sdk/src/rp2_common/pico_printf/printf.c.obj
 .text.vfctprintf
                0x10003554       0x20 CMakeFiles/lab_5.dir/C_/bin/Pico_SDK_v1.5.0/pico-sdk/src/rp2_common/pico_printf/printf.c.obj
                0x10003554                vfctprintf
 .text          0x10003574       0x10 CMakeFiles/lab_5.dir/C_/bin/Pico_SDK_v1.5.0/pico-sdk/src/rp2_common/pico_bit_ops/bit_ops_aeabi.S.obj
 .text.rom_func_lookup
                0x10003584       0x10 CMakeFiles/lab_5.dir/C_/bin/Pico_SDK_v1.5.0/pico-sdk/src/rp2_common/pico_bootrom/bootrom.c.obj
                0x10003584                rom_func_lookup
 .text.rom_data_lookup
                0x10003594       0x10 CMakeFiles/lab_5.dir/C_/bin/Pico_SDK_v1.5.0/pico-sdk/src/rp2_common/pico_bootrom/bootrom.c.obj
                0x10003594                rom_data_lookup
 .text.rom_funcs_lookup
                0x100035a4       0x36 CMakeFiles/lab_5.dir/C_/bin/Pico_SDK_v1.5.0/pico-sdk/src/rp2_common/pico_bootrom/bootrom.c.obj
                0x100035a4                rom_funcs_lookup
 *fill*         0x100035da        0x2 
 .text.__wrap___aeabi_idiv
                0x100035dc       0x50 CMakeFiles/lab_5.dir/C_/bin/Pico_SDK_v1.5.0/pico-sdk/src/rp2_common/pico_divider/divider.S.obj
                0x100035dc                __wrap___aeabi_idivmod
                0x100035dc                divmod_s32s32
                0x100035dc                div_s32s32
                0x100035dc                __wrap___aeabi_idiv
                0x100035e4                divmod_s32s32_unsafe
                0x10003610                divmod_s32s32_savestate
 .text.__wrap___aeabi_uidiv
                0x1000362c       0x4c CMakeFiles/lab_5.dir/C_/bin/Pico_SDK_v1.5.0/pico-sdk/src/rp2_common/pico_divider/divider.S.obj
                0x1000362c                __wrap___aeabi_uidiv
                0x1000362c                __wrap___aeabi_uidivmod
                0x1000362c                div_u32u32
                0x1000362c                divmod_u32u32
                0x10003634                divmod_u32u32_unsafe
                0x1000365c                divmod_u32u32_savestate
 .text.__wrap___aeabi_ldiv
                0x10003678      0x424 CMakeFiles/lab_5.dir/C_/bin/Pico_SDK_v1.5.0/pico-sdk/src/rp2_common/pico_divider/divider.S.obj
                0x10003678                div_s64s64
                0x10003678                divmod_s64s64
                0x10003678                __wrap___aeabi_ldivmod
                0x100036a8                divmod_u64u64
                0x100036a8                div_u64u64
                0x100036a8                __wrap___aeabi_uldivmod
                0x100036b8                divmod_u64u64_savestate
                0x100036d8                divmod_s64s64_unsafe
                0x10003760                divmod_u64u64_unsafe
 .text.__wrap___aeabi_darithmetic
                0x10003a9c       0x60 CMakeFiles/lab_5.dir/C_/bin/Pico_SDK_v1.5.0/pico-sdk/src/rp2_common/pico_double/double_aeabi.S.obj
                0x10003a9c                __wrap___aeabi_drsub
                0x10003aa2                __wrap___aeabi_dsub
                0x10003aac                __wrap___aeabi_dadd
                0x10003ab6                __wrap___aeabi_ddiv
                0x10003aea                __wrap___aeabi_dmul
 .text.__wrap___aeabi_cdcmple
                0x10003afc       0x6c CMakeFiles/lab_5.dir/C_/bin/Pico_SDK_v1.5.0/pico-sdk/src/rp2_common/pico_double/double_aeabi.S.obj
                0x10003afc                __wrap___aeabi_cdrcmple
                0x10003b0c                __wrap___aeabi_cdcmpeq
                0x10003b0c                __wrap___aeabi_cdcmple
 .text.__wrap___aeabi_dcmplt
                0x10003b68        0xc CMakeFiles/lab_5.dir/C_/bin/Pico_SDK_v1.5.0/pico-sdk/src/rp2_common/pico_double/double_aeabi.S.obj
                0x10003b68                __wrap___aeabi_dcmplt
 .text.__wrap___aeabi_dcmple
                0x10003b74       0x10 CMakeFiles/lab_5.dir/C_/bin/Pico_SDK_v1.5.0/pico-sdk/src/rp2_common/pico_double/double_aeabi.S.obj
                0x10003b74                __wrap___aeabi_dcmple
 .text.__wrap___aeabi_dcmpge
                0x10003b84       0x10 CMakeFiles/lab_5.dir/C_/bin/Pico_SDK_v1.5.0/pico-sdk/src/rp2_common/pico_double/double_aeabi.S.obj
                0x10003b84                __wrap___aeabi_dcmpge
 .text.__wrap___aeabi_dcmpgt
                0x10003b94        0xa CMakeFiles/lab_5.dir/C_/bin/Pico_SDK_v1.5.0/pico-sdk/src/rp2_common/pico_double/double_aeabi.S.obj
                0x10003b94                __wrap___aeabi_dcmpgt
 .text.__wrap___aeabi_dcmpun
                0x10003b9e       0x1c CMakeFiles/lab_5.dir/C_/bin/Pico_SDK_v1.5.0/pico-sdk/src/rp2_common/pico_double/double_aeabi.S.obj
                0x10003b9e                __wrap___aeabi_dcmpun
 *fill*         0x10003bba        0x2 
 .text.__wrap___aeabi_i2d
                0x10003bbc       0x38 CMakeFiles/lab_5.dir/C_/bin/Pico_SDK_v1.5.0/pico-sdk/src/rp2_common/pico_double/double_aeabi.S.obj
                0x10003bbc                __wrap___aeabi_ui2d
                0x10003bc4                __wrap___aeabi_i2d
 .text.__wrap___aeabi_d2iz
                0x10003bf4       0x48 CMakeFiles/lab_5.dir/C_/bin/Pico_SDK_v1.5.0/pico-sdk/src/rp2_common/pico_double/double_aeabi.S.obj
                0x10003bf4                double2int_z
                0x10003bf4                __wrap___aeabi_d2iz
 .text.__wrap___aeabi_d2uiz
                0x10003c3c       0x10 CMakeFiles/lab_5.dir/C_/bin/Pico_SDK_v1.5.0/pico-sdk/src/rp2_common/pico_double/double_aeabi.S.obj
                0x10003c3c                __wrap___aeabi_d2uiz
                0x10003c3c                double2uint
 .text.missing_double_func_shim
                0x10003c4c        0xc CMakeFiles/lab_5.dir/C_/bin/Pico_SDK_v1.5.0/pico-sdk/src/rp2_common/pico_double/double_init_rom.c.obj
 .text.__aeabi_double_init
                0x10003c58       0xcc CMakeFiles/lab_5.dir/C_/bin/Pico_SDK_v1.5.0/pico-sdk/src/rp2_common/pico_double/double_init_rom.c.obj
                0x10003c58                __aeabi_double_init
 .text.double_table_shim_on_use_helper
                0x10003d24       0x34 CMakeFiles/lab_5.dir/C_/bin/Pico_SDK_v1.5.0/pico-sdk/src/rp2_common/pico_double/double_v1_rom_shim.S.obj
                0x10003d24                double_table_shim_on_use_helper
 .text.__aeabi_lmul
                0x10003d58       0x32 CMakeFiles/lab_5.dir/C_/bin/Pico_SDK_v1.5.0/pico-sdk/src/rp2_common/pico_int64_ops/pico_int64_ops_aeabi.S.obj
                0x10003d58                __wrap___aeabi_lmul
 *fill*         0x10003d8a        0x2 
 .text.missing_float_func_shim
                0x10003d8c        0xc CMakeFiles/lab_5.dir/C_/bin/Pico_SDK_v1.5.0/pico-sdk/src/rp2_common/pico_float/float_init_rom.c.obj
 .text.__aeabi_float_init
                0x10003d98       0x88 CMakeFiles/lab_5.dir/C_/bin/Pico_SDK_v1.5.0/pico-sdk/src/rp2_common/pico_float/float_init_rom.c.obj
                0x10003d98                __aeabi_float_init
 .text          0x10003e20       0x10 CMakeFiles/lab_5.dir/C_/bin/Pico_SDK_v1.5.0/pico-sdk/src/rp2_common/pico_mem_ops/mem_ops_aeabi.S.obj
                0x10003e20                __aeabi_mem_init
 .text.memcpy   0x10003e30        0xc CMakeFiles/lab_5.dir/C_/bin/Pico_SDK_v1.5.0/pico-sdk/src/rp2_common/pico_mem_ops/mem_ops_aeabi.S.obj
                0x10003e30                __wrap_memcpy
                0x10003e30                __wrap___aeabi_memcpy
 .text.stdio_out_chars_no_crlf
                0x10003e3c        0xe CMakeFiles/lab_5.dir/C_/bin/Pico_SDK_v1.5.0/pico-sdk/src/rp2_common/pico_stdio/stdio.c.obj
 *fill*         0x10003e4a        0x2 
 .text.stdio_out_chars_crlf
                0x10003e4c       0x80 CMakeFiles/lab_5.dir/C_/bin/Pico_SDK_v1.5.0/pico-sdk/src/rp2_common/pico_stdio/stdio.c.obj
 .text.stdio_stack_buffer_flush
                0x10003ecc       0x44 CMakeFiles/lab_5.dir/C_/bin/Pico_SDK_v1.5.0/pico-sdk/src/rp2_common/pico_stdio/stdio.c.obj
 .text.stdio_buffered_printer
                0x10003f10       0x20 CMakeFiles/lab_5.dir/C_/bin/Pico_SDK_v1.5.0/pico-sdk/src/rp2_common/pico_stdio/stdio.c.obj
 .text.stdout_serialize_begin
                0x10003f30       0x5c CMakeFiles/lab_5.dir/C_/bin/Pico_SDK_v1.5.0/pico-sdk/src/rp2_common/pico_stdio/stdio.c.obj
                0x10003f30                stdout_serialize_begin
 .text.stdout_serialize_end
                0x10003f8c       0x10 CMakeFiles/lab_5.dir/C_/bin/Pico_SDK_v1.5.0/pico-sdk/src/rp2_common/pico_stdio/stdio.c.obj
                0x10003f8c                stdout_serialize_end
 .text.stdio_put_string
                0x10003f9c       0x98 CMakeFiles/lab_5.dir/C_/bin/Pico_SDK_v1.5.0/pico-sdk/src/rp2_common/pico_stdio/stdio.c.obj
 .text.stdio_set_driver_enabled
                0x10004034       0x2c CMakeFiles/lab_5.dir/C_/bin/Pico_SDK_v1.5.0/pico-sdk/src/rp2_common/pico_stdio/stdio.c.obj
                0x10004034                stdio_set_driver_enabled
 .text.stdio_flush
                0x10004060       0x20 CMakeFiles/lab_5.dir/C_/bin/Pico_SDK_v1.5.0/pico-sdk/src/rp2_common/pico_stdio/stdio.c.obj
                0x10004060                stdio_flush
 .text.__wrap_puts
                0x10004080       0x1e CMakeFiles/lab_5.dir/C_/bin/Pico_SDK_v1.5.0/pico-sdk/src/rp2_common/pico_stdio/stdio.c.obj
                0x10004080                __wrap_puts
 *fill*         0x1000409e        0x2 
 .text.__wrap_vprintf
                0x100040a0       0x40 CMakeFiles/lab_5.dir/C_/bin/Pico_SDK_v1.5.0/pico-sdk/src/rp2_common/pico_stdio/stdio.c.obj
                0x100040a0                __wrap_vprintf
 .text.__wrap_printf
                0x100040e0       0x18 CMakeFiles/lab_5.dir/C_/bin/Pico_SDK_v1.5.0/pico-sdk/src/rp2_common/pico_stdio/stdio.c.obj
                0x100040e0                __wrap_printf
 .text.stdio_init_all
                0x100040f8        0xa CMakeFiles/lab_5.dir/C_/bin/Pico_SDK_v1.5.0/pico-sdk/src/rp2_common/pico_stdio/stdio.c.obj
                0x100040f8                stdio_init_all
 *fill*         0x10004102        0x2 
 .text.stdio_uart_out_chars
                0x10004104       0x74 CMakeFiles/lab_5.dir/C_/bin/Pico_SDK_v1.5.0/pico-sdk/src/rp2_common/pico_stdio_uart/stdio_uart.c.obj
 .text.stdio_uart_in_chars
                0x10004178       0x80 CMakeFiles/lab_5.dir/C_/bin/Pico_SDK_v1.5.0/pico-sdk/src/rp2_common/pico_stdio_uart/stdio_uart.c.obj
                0x10004178                stdio_uart_in_chars
 .text.on_uart_rx
                0x100041f8       0x28 CMakeFiles/lab_5.dir/C_/bin/Pico_SDK_v1.5.0/pico-sdk/src/rp2_common/pico_stdio_uart/stdio_uart.c.obj
 .text.stdio_uart_set_chars_available_callback
                0x10004220       0x8c CMakeFiles/lab_5.dir/C_/bin/Pico_SDK_v1.5.0/pico-sdk/src/rp2_common/pico_stdio_uart/stdio_uart.c.obj
 .text.stdio_uart_init_full
                0x100042ac       0x44 CMakeFiles/lab_5.dir/C_/bin/Pico_SDK_v1.5.0/pico-sdk/src/rp2_common/pico_stdio_uart/stdio_uart.c.obj
                0x100042ac                stdio_uart_init_full
 .text.stdio_uart_init
                0x100042f0       0x28 CMakeFiles/lab_5.dir/C_/bin/Pico_SDK_v1.5.0/pico-sdk/src/rp2_common/pico_stdio_uart/stdio_uart.c.obj
                0x100042f0                stdio_uart_init
 .text.i2c_write_blocking_internal
                0x10004318      0x140 CMakeFiles/lab_5.dir/C_/bin/Pico_SDK_v1.5.0/pico-sdk/src/rp2_common/hardware_i2c/i2c.c.obj
 .text.i2c_read_blocking_internal
                0x10004458       0xe6 CMakeFiles/lab_5.dir/C_/bin/Pico_SDK_v1.5.0/pico-sdk/src/rp2_common/hardware_i2c/i2c.c.obj
 *fill*         0x1000453e        0x2 
 .text.i2c_set_baudrate
                0x10004540       0xf0 CMakeFiles/lab_5.dir/C_/bin/Pico_SDK_v1.5.0/pico-sdk/src/rp2_common/hardware_i2c/i2c.c.obj
                0x10004540                i2c_set_baudrate
 .text.i2c_init
                0x10004630       0x58 CMakeFiles/lab_5.dir/C_/bin/Pico_SDK_v1.5.0/pico-sdk/src/rp2_common/hardware_i2c/i2c.c.obj
                0x10004630                i2c_init
 .text.i2c_write_blocking
                0x10004688       0x18 CMakeFiles/lab_5.dir/C_/bin/Pico_SDK_v1.5.0/pico-sdk/src/rp2_common/hardware_i2c/i2c.c.obj
                0x10004688                i2c_write_blocking
 .text.i2c_read_blocking
                0x100046a0       0x18 CMakeFiles/lab_5.dir/C_/bin/Pico_SDK_v1.5.0/pico-sdk/src/rp2_common/hardware_i2c/i2c.c.obj
                0x100046a0                i2c_read_blocking
 .text.strlen   0x100046b8       0x5c c:/bin/pico_sdk_v1.5.0/gcc-arm-none-eabi/bin/../lib/gcc/arm-none-eabi/10.3.1/../../../../arm-none-eabi/lib/thumb/v6-m/nofp\libg.a(lib_a-strlen-stub.o)
                0x100046b8                strlen
 *(.fini)
 .fini          0x10004714        0x4 c:/bin/pico_sdk_v1.5.0/gcc-arm-none-eabi/bin/../lib/gcc/arm-none-eabi/10.3.1/thumb/v6-m/nofp/crti.o
                0x10004714                _fini
 .fini.__stub   0x10004718       0x40 linker stubs
 *crtbegin.o(.ctors)
 *crtbegin?.o(.ctors)
 *(EXCLUDE_FILE(*crtend.o *crtend?.o) .ctors)
 *(SORT_BY_NAME(.ctors.*))
 *(.ctors)
 *crtbegin.o(.dtors)
 *crtbegin?.o(.dtors)
 *(EXCLUDE_FILE(*crtend.o *crtend?.o) .dtors)
 *(SORT_BY_NAME(.dtors.*))
 *(.dtors)
 *(.eh_frame*)
 .eh_frame      0x10004758        0x0 c:/bin/pico_sdk_v1.5.0/gcc-arm-none-eabi/bin/../lib/gcc/arm-none-eabi/10.3.1/thumb/v6-m/nofp/crtbegin.o
                0x10004758                . = ALIGN (0x4)

.glue_7         0x10004758        0x0
 .glue_7        0x10004758        0x0 linker stubs

.glue_7t        0x10004758        0x0
 .glue_7t       0x10004758        0x0 linker stubs

.vfp11_veneer   0x10004758        0x0
 .vfp11_veneer  0x10004758        0x0 linker stubs

.v4_bx          0x10004758        0x0
 .v4_bx         0x10004758        0x0 linker stubs

.iplt           0x10004758        0x0
 .iplt          0x10004758        0x0 c:/bin/pico_sdk_v1.5.0/gcc-arm-none-eabi/bin/../lib/gcc/arm-none-eabi/10.3.1/thumb/v6-m/nofp/crtbegin.o

.rodata         0x10004758     0x10cc
 *(EXCLUDE_FILE(*libm.a: *libc.a:*lib_a-mem*.o *libgcc.a:) .rodata*)
 .rodata.led_toggle_and_store.str1.4
                0x10004758       0x2a CMakeFiles/lab_5.dir/main.c.obj
 *fill*         0x10004782        0x2 
 .rodata.print_initial_state.str1.4
                0x10004784       0x36 CMakeFiles/lab_5.dir/main.c.obj
 *fill*         0x100047ba        0x2 
 .rodata.main.str1.4
                0x100047bc       0x64 CMakeFiles/lab_5.dir/main.c.obj
 .rodata        0x10004820        0x9 CMakeFiles/lab_5.dir/main.c.obj
 *fill*         0x10004829        0x3 
 .rodata.make_branch.str1.4
                0x1000482c       0x72 CMakeFiles/lab_5.dir/C_/bin/Pico_SDK_v1.5.0/pico-sdk/src/rp2_common/hardware_irq/irq.c.obj
 *fill*         0x1000489e        0x2 
 .rodata.insert_branch_and_link.str1.4
                0x100048a0       0x10 CMakeFiles/lab_5.dir/C_/bin/Pico_SDK_v1.5.0/pico-sdk/src/rp2_common/hardware_irq/irq.c.obj
 .rodata.irq_set_exclusive_handler.str1.4
                0x100048b0       0x36 CMakeFiles/lab_5.dir/C_/bin/Pico_SDK_v1.5.0/pico-sdk/src/rp2_common/hardware_irq/irq.c.obj
 *fill*         0x100048e6        0x2 
 .rodata.irq_add_shared_handler.str1.4
                0x100048e8       0xd9 CMakeFiles/lab_5.dir/C_/bin/Pico_SDK_v1.5.0/pico-sdk/src/rp2_common/hardware_irq/irq.c.obj
 *fill*         0x100049c1        0x3 
 .rodata.irq_remove_handler.str1.4
                0x100049c4       0x3a CMakeFiles/lab_5.dir/C_/bin/Pico_SDK_v1.5.0/pico-sdk/src/rp2_common/hardware_irq/irq.c.obj
 *fill*         0x100049fe        0x2 
 .rodata.irq_add_tail_to_free_list.str1.4
                0x10004a00       0x3a CMakeFiles/lab_5.dir/C_/bin/Pico_SDK_v1.5.0/pico-sdk/src/rp2_common/hardware_irq/irq.c.obj
 *fill*         0x10004a3a        0x2 
 .rodata.__func__.0
                0x10004a3c       0x1a CMakeFiles/lab_5.dir/C_/bin/Pico_SDK_v1.5.0/pico-sdk/src/rp2_common/hardware_irq/irq.c.obj
 *fill*         0x10004a56        0x2 
 .rodata.__func__.1
                0x10004a58       0x17 CMakeFiles/lab_5.dir/C_/bin/Pico_SDK_v1.5.0/pico-sdk/src/rp2_common/hardware_irq/irq.c.obj
 *fill*         0x10004a6f        0x1 
 .rodata.__func__.2
                0x10004a70       0x13 CMakeFiles/lab_5.dir/C_/bin/Pico_SDK_v1.5.0/pico-sdk/src/rp2_common/hardware_irq/irq.c.obj
 *fill*         0x10004a83        0x1 
 .rodata.__func__.3
                0x10004a84        0xc CMakeFiles/lab_5.dir/C_/bin/Pico_SDK_v1.5.0/pico-sdk/src/rp2_common/hardware_irq/irq.c.obj
 .rodata.__func__.4
                0x10004a90        0xf CMakeFiles/lab_5.dir/C_/bin/Pico_SDK_v1.5.0/pico-sdk/src/rp2_common/hardware_irq/irq.c.obj
 *fill*         0x10004a9f        0x1 
 .rodata.__func__.6
                0x10004aa0       0x1a CMakeFiles/lab_5.dir/C_/bin/Pico_SDK_v1.5.0/pico-sdk/src/rp2_common/hardware_irq/irq.c.obj
 *fill*         0x10004aba        0x2 
 .rodata.str1.4
                0x10004abc       0xf9 CMakeFiles/lab_5.dir/C_/bin/Pico_SDK_v1.5.0/pico-sdk/src/common/pico_sync/mutex.c.obj
 *fill*         0x10004bb5        0x3 
 .rodata.__func__.1
                0x10004bb8        0xb CMakeFiles/lab_5.dir/C_/bin/Pico_SDK_v1.5.0/pico-sdk/src/common/pico_sync/mutex.c.obj
 *fill*         0x10004bc3        0x1 
 .rodata.__func__.3
                0x10004bc4       0x18 CMakeFiles/lab_5.dir/C_/bin/Pico_SDK_v1.5.0/pico-sdk/src/common/pico_sync/mutex.c.obj
 .rodata.repeating_timer_callback.str1.4
                0x10004bdc       0x50 CMakeFiles/lab_5.dir/C_/bin/Pico_SDK_v1.5.0/pico-sdk/src/common/pico_time/time.c.obj
 .rodata.timer_pool_entry_comparator.str1.4
                0x10004c2c       0x22 CMakeFiles/lab_5.dir/C_/bin/Pico_SDK_v1.5.0/pico-sdk/src/common/pico_time/time.c.obj
 *fill*         0x10004c4e        0x2 
 .rodata.ph_add_child_node.str1.4
                0x10004c50       0x9a CMakeFiles/lab_5.dir/C_/bin/Pico_SDK_v1.5.0/pico-sdk/src/common/pico_time/time.c.obj
 *fill*         0x10004cea        0x2 
 .rodata.add_alarm_under_lock.str1.4
                0x10004cec       0x28 CMakeFiles/lab_5.dir/C_/bin/Pico_SDK_v1.5.0/pico-sdk/src/common/pico_time/time.c.obj
                                 0x2b (size before relaxing)
 .rodata.alarm_pool_alarm_callback.str1.4
                0x10004d14       0x98 CMakeFiles/lab_5.dir/C_/bin/Pico_SDK_v1.5.0/pico-sdk/src/common/pico_time/time.c.obj
                                0x100 (size before relaxing)
 .rodata.alarm_pool_get_default.str1.4
                0x10004dac       0x21 CMakeFiles/lab_5.dir/C_/bin/Pico_SDK_v1.5.0/pico-sdk/src/common/pico_time/time.c.obj
 *fill*         0x10004dcd        0x3 
 .rodata.alarm_pool_cancel_alarm.str1.4
                0x10004dd0       0x27 CMakeFiles/lab_5.dir/C_/bin/Pico_SDK_v1.5.0/pico-sdk/src/common/pico_time/time.c.obj
 *fill*         0x10004df7        0x1 
 .rodata.sleep_until.str1.4
                0x10004df8       0x4d CMakeFiles/lab_5.dir/C_/bin/Pico_SDK_v1.5.0/pico-sdk/src/common/pico_time/time.c.obj
 *fill*         0x10004e45        0x3 
 .rodata.__func__.1
                0x10004e48       0x18 CMakeFiles/lab_5.dir/C_/bin/Pico_SDK_v1.5.0/pico-sdk/src/common/pico_time/time.c.obj
 .rodata.__func__.10
                0x10004e60       0x15 CMakeFiles/lab_5.dir/C_/bin/Pico_SDK_v1.5.0/pico-sdk/src/common/pico_time/time.c.obj
 *fill*         0x10004e75        0x3 
 .rodata.__func__.11
                0x10004e78       0x1a CMakeFiles/lab_5.dir/C_/bin/Pico_SDK_v1.5.0/pico-sdk/src/common/pico_time/time.c.obj
 *fill*         0x10004e92        0x2 
 .rodata.__func__.12
                0x10004e94        0xa CMakeFiles/lab_5.dir/C_/bin/Pico_SDK_v1.5.0/pico-sdk/src/common/pico_time/time.c.obj
 *fill*         0x10004e9e        0x2 
 .rodata.__func__.3
                0x10004ea0       0x17 CMakeFiles/lab_5.dir/C_/bin/Pico_SDK_v1.5.0/pico-sdk/src/common/pico_time/time.c.obj
 *fill*         0x10004eb7        0x1 
 .rodata.__func__.4
                0x10004eb8       0x12 CMakeFiles/lab_5.dir/C_/bin/Pico_SDK_v1.5.0/pico-sdk/src/common/pico_time/time.c.obj
 *fill*         0x10004eca        0x2 
 .rodata.__func__.5
                0x10004ecc        0xd CMakeFiles/lab_5.dir/C_/bin/Pico_SDK_v1.5.0/pico-sdk/src/common/pico_time/time.c.obj
 *fill*         0x10004ed9        0x3 
 .rodata.__func__.6
                0x10004edc       0x12 CMakeFiles/lab_5.dir/C_/bin/Pico_SDK_v1.5.0/pico-sdk/src/common/pico_time/time.c.obj
 *fill*         0x10004eee        0x2 
 .rodata.__func__.7
                0x10004ef0        0xf CMakeFiles/lab_5.dir/C_/bin/Pico_SDK_v1.5.0/pico-sdk/src/common/pico_time/time.c.obj
 *fill*         0x10004eff        0x1 
 .rodata.__func__.8
                0x10004f00        0xc CMakeFiles/lab_5.dir/C_/bin/Pico_SDK_v1.5.0/pico-sdk/src/common/pico_time/time.c.obj
 .rodata.__func__.9
                0x10004f0c       0x15 CMakeFiles/lab_5.dir/C_/bin/Pico_SDK_v1.5.0/pico-sdk/src/common/pico_time/time.c.obj
 *fill*         0x10004f21        0x3 
 .rodata.hardware_alarm_claim.str1.4
                0x10004f24       0x22 CMakeFiles/lab_5.dir/C_/bin/Pico_SDK_v1.5.0/pico-sdk/src/rp2_common/hardware_timer/timer.c.obj
 *fill*         0x10004f46        0x2 
 .rodata.hardware_alarm_set_target.str1.4
                0x10004f48       0x6a CMakeFiles/lab_5.dir/C_/bin/Pico_SDK_v1.5.0/pico-sdk/src/rp2_common/hardware_timer/timer.c.obj
 *fill*         0x10004fb2        0x2 
 .rodata.__func__.0
                0x10004fb4       0x1a CMakeFiles/lab_5.dir/C_/bin/Pico_SDK_v1.5.0/pico-sdk/src/rp2_common/hardware_timer/timer.c.obj
 .rodata.ph_add_child_node.str1.4
                0x10004fce       0x9a CMakeFiles/lab_5.dir/C_/bin/Pico_SDK_v1.5.0/pico-sdk/src/common/pico_util/pheap.c.obj
 *fill*         0x10004fce        0x2 
 .rodata.ph_remove_any_head.str1.4
                0x10004fd0       0x94 CMakeFiles/lab_5.dir/C_/bin/Pico_SDK_v1.5.0/pico-sdk/src/common/pico_util/pheap.c.obj
                                 0xa8 (size before relaxing)
 .rodata.ph_remove_and_free_node.str1.4
                0x10005064       0x1e CMakeFiles/lab_5.dir/C_/bin/Pico_SDK_v1.5.0/pico-sdk/src/common/pico_util/pheap.c.obj
                                 0x26 (size before relaxing)
 *fill*         0x10005082        0x2 
 .rodata.__func__.0
                0x10005084       0x18 CMakeFiles/lab_5.dir/C_/bin/Pico_SDK_v1.5.0/pico-sdk/src/common/pico_util/pheap.c.obj
 .rodata.__func__.1
                0x1000509c       0x13 CMakeFiles/lab_5.dir/C_/bin/Pico_SDK_v1.5.0/pico-sdk/src/common/pico_util/pheap.c.obj
 *fill*         0x100050af        0x1 
 .rodata.__func__.2
                0x100050b0       0x12 CMakeFiles/lab_5.dir/C_/bin/Pico_SDK_v1.5.0/pico-sdk/src/common/pico_util/pheap.c.obj
 *fill*         0x100050c2        0x2 
 .rodata.__func__.3
                0x100050c4        0xc CMakeFiles/lab_5.dir/C_/bin/Pico_SDK_v1.5.0/pico-sdk/src/common/pico_util/pheap.c.obj
 .rodata.clock_configure.str1.4
                0x100050d0       0x5c CMakeFiles/lab_5.dir/C_/bin/Pico_SDK_v1.5.0/pico-sdk/src/rp2_common/hardware_clocks/clocks.c.obj
 .rodata.__func__.1
                0x1000512c       0x10 CMakeFiles/lab_5.dir/C_/bin/Pico_SDK_v1.5.0/pico-sdk/src/rp2_common/hardware_clocks/clocks.c.obj
 .rodata.pll_init.str1.4
                0x1000513c      0x127 CMakeFiles/lab_5.dir/C_/bin/Pico_SDK_v1.5.0/pico-sdk/src/rp2_common/hardware_pll/pll.c.obj
 *fill*         0x10005263        0x1 
 .rodata.__func__.0
                0x10005264        0x9 CMakeFiles/lab_5.dir/C_/bin/Pico_SDK_v1.5.0/pico-sdk/src/rp2_common/hardware_pll/pll.c.obj
 *fill*         0x1000526d        0x3 
 .rodata.__assert_func.str1.4
                0x10005270       0x3f CMakeFiles/lab_5.dir/C_/bin/Pico_SDK_v1.5.0/pico-sdk/src/rp2_common/pico_runtime/runtime.c.obj
                                 0x43 (size before relaxing)
 *fill*         0x100052af        0x1 
 .rodata.runtime_init.str1.4
                0x100052b0       0x66 CMakeFiles/lab_5.dir/C_/bin/Pico_SDK_v1.5.0/pico-sdk/src/rp2_common/pico_runtime/runtime.c.obj
 *fill*         0x10005316        0x2 
 .rodata.panic.str1.4
                0x10005318       0x10 CMakeFiles/lab_5.dir/C_/bin/Pico_SDK_v1.5.0/pico-sdk/src/rp2_common/pico_runtime/runtime.c.obj
                                 0x12 (size before relaxing)
 .rodata.__func__.2
                0x10005328        0xd CMakeFiles/lab_5.dir/C_/bin/Pico_SDK_v1.5.0/pico-sdk/src/rp2_common/pico_runtime/runtime.c.obj
 *fill*         0x10005335        0x3 
 .rodata._ftoa.str1.4
                0x10005338       0x15 CMakeFiles/lab_5.dir/C_/bin/Pico_SDK_v1.5.0/pico-sdk/src/rp2_common/pico_printf/printf.c.obj
 *fill*         0x1000534d        0x3 
 .rodata._vsnprintf
                0x10005350      0x1e0 CMakeFiles/lab_5.dir/C_/bin/Pico_SDK_v1.5.0/pico-sdk/src/rp2_common/pico_printf/printf.c.obj
 .rodata.pow10.0
                0x10005530       0x50 CMakeFiles/lab_5.dir/C_/bin/Pico_SDK_v1.5.0/pico-sdk/src/rp2_common/pico_printf/printf.c.obj
 .rodata.missing_double_func_shim.str1.4
                0x10005580       0x18 CMakeFiles/lab_5.dir/C_/bin/Pico_SDK_v1.5.0/pico-sdk/src/rp2_common/pico_double/double_init_rom.c.obj
 .rodata.__aeabi_double_init.str1.4
                0x10005598       0xad CMakeFiles/lab_5.dir/C_/bin/Pico_SDK_v1.5.0/pico-sdk/src/rp2_common/pico_double/double_init_rom.c.obj
 *fill*         0x10005645        0x3 
 .rodata.__func__.0
                0x10005648       0x14 CMakeFiles/lab_5.dir/C_/bin/Pico_SDK_v1.5.0/pico-sdk/src/rp2_common/pico_double/double_init_rom.c.obj
 .rodata.missing_float_func_shim.str1.4
                0x1000565c        0x1 CMakeFiles/lab_5.dir/C_/bin/Pico_SDK_v1.5.0/pico-sdk/src/rp2_common/pico_float/float_init_rom.c.obj
 .rodata.__aeabi_float_init.str1.4
                0x1000565c       0x7f CMakeFiles/lab_5.dir/C_/bin/Pico_SDK_v1.5.0/pico-sdk/src/rp2_common/pico_float/float_init_rom.c.obj
 *fill*         0x100056db        0x1 
 .rodata.__func__.0
                0x100056dc       0x13 CMakeFiles/lab_5.dir/C_/bin/Pico_SDK_v1.5.0/pico-sdk/src/rp2_common/pico_float/float_init_rom.c.obj
 *fill*         0x100056ef        0x1 
 .rodata.str1.4
                0x100056f0       0x3c CMakeFiles/lab_5.dir/C_/bin/Pico_SDK_v1.5.0/pico-sdk/src/rp2_common/pico_standard_link/binary_info.c.obj
 .rodata.__bi_44
                0x1000572c        0xc CMakeFiles/lab_5.dir/C_/bin/Pico_SDK_v1.5.0/pico-sdk/src/rp2_common/pico_standard_link/binary_info.c.obj
 .rodata.__bi_75
                0x10005738        0xc CMakeFiles/lab_5.dir/C_/bin/Pico_SDK_v1.5.0/pico-sdk/src/rp2_common/pico_standard_link/binary_info.c.obj
 .rodata.__bi_81
                0x10005744        0xc CMakeFiles/lab_5.dir/C_/bin/Pico_SDK_v1.5.0/pico-sdk/src/rp2_common/pico_standard_link/binary_info.c.obj
 .rodata.stdout_serialize_begin.str1.4
                0x10005750       0x66 CMakeFiles/lab_5.dir/C_/bin/Pico_SDK_v1.5.0/pico-sdk/src/rp2_common/pico_stdio/stdio.c.obj
 .rodata.__func__.3
                0x10005750       0x15 CMakeFiles/lab_5.dir/C_/bin/Pico_SDK_v1.5.0/pico-sdk/src/rp2_common/pico_stdio/stdio.c.obj
 *fill*         0x10005765        0x3 
 .rodata.crlf_str.2
                0x10005768        0x2 CMakeFiles/lab_5.dir/C_/bin/Pico_SDK_v1.5.0/pico-sdk/src/rp2_common/pico_stdio/stdio.c.obj
 *fill*         0x1000576a        0x2 
 .rodata.str1.4
                0x1000576c       0x2c CMakeFiles/lab_5.dir/C_/bin/Pico_SDK_v1.5.0/pico-sdk/src/rp2_common/pico_stdio_uart/stdio_uart.c.obj
 .rodata.__bi_33.4
                0x10005798        0xc CMakeFiles/lab_5.dir/C_/bin/Pico_SDK_v1.5.0/pico-sdk/src/rp2_common/pico_stdio_uart/stdio_uart.c.obj
 .rodata.__bi_34.5
                0x100057a4        0x8 CMakeFiles/lab_5.dir/C_/bin/Pico_SDK_v1.5.0/pico-sdk/src/rp2_common/pico_stdio_uart/stdio_uart.c.obj
 .rodata.i2c_set_baudrate.str1.4
                0x100057ac       0x62 CMakeFiles/lab_5.dir/C_/bin/Pico_SDK_v1.5.0/pico-sdk/src/rp2_common/hardware_i2c/i2c.c.obj
 *fill*         0x1000580e        0x2 
 .rodata.__func__.0
                0x10005810       0x11 CMakeFiles/lab_5.dir/C_/bin/Pico_SDK_v1.5.0/pico-sdk/src/rp2_common/hardware_i2c/i2c.c.obj
                0x10005824                . = ALIGN (0x4)
 *fill*         0x10005821        0x3 
 *(SORT_BY_ALIGNMENT(SORT_BY_NAME(.flashdata*)))
                0x10005824                . = ALIGN (0x4)

.rel.dyn        0x10005824        0x0
 .rel.iplt      0x10005824        0x0 c:/bin/pico_sdk_v1.5.0/gcc-arm-none-eabi/bin/../lib/gcc/arm-none-eabi/10.3.1/thumb/v6-m/nofp/crtbegin.o

.ARM.extab
 *(.ARM.extab* .gnu.linkonce.armextab.*)
                0x10005824                __exidx_start = .

.ARM.exidx
 *(.ARM.exidx* .gnu.linkonce.armexidx.*)
                0x10005824                __exidx_end = .
                0x10005824                . = ALIGN (0x4)
                0x10005824                __binary_info_start = .

.binary_info    0x10005824       0x24
 *(.binary_info.keep.*)
 .binary_info.keep.__bi_ptr22
                0x10005824        0x4 CMakeFiles/lab_5.dir/C_/bin/Pico_SDK_v1.5.0/pico-sdk/src/rp2_common/pico_standard_link/binary_info.c.obj
 .binary_info.keep.__bi_ptr30
                0x10005828        0x4 CMakeFiles/lab_5.dir/C_/bin/Pico_SDK_v1.5.0/pico-sdk/src/rp2_common/pico_standard_link/binary_info.c.obj
 .binary_info.keep.__bi_ptr38
                0x1000582c        0x4 CMakeFiles/lab_5.dir/C_/bin/Pico_SDK_v1.5.0/pico-sdk/src/rp2_common/pico_standard_link/binary_info.c.obj
 .binary_info.keep.__bi_ptr44
                0x10005830        0x4 CMakeFiles/lab_5.dir/C_/bin/Pico_SDK_v1.5.0/pico-sdk/src/rp2_common/pico_standard_link/binary_info.c.obj
 .binary_info.keep.__bi_ptr50
                0x10005834        0x4 CMakeFiles/lab_5.dir/C_/bin/Pico_SDK_v1.5.0/pico-sdk/src/rp2_common/pico_standard_link/binary_info.c.obj
 .binary_info.keep.__bi_ptr75
                0x10005838        0x4 CMakeFiles/lab_5.dir/C_/bin/Pico_SDK_v1.5.0/pico-sdk/src/rp2_common/pico_standard_link/binary_info.c.obj
 .binary_info.keep.__bi_ptr81
                0x1000583c        0x4 CMakeFiles/lab_5.dir/C_/bin/Pico_SDK_v1.5.0/pico-sdk/src/rp2_common/pico_standard_link/binary_info.c.obj
 *(.binary_info.*)
 .binary_info.__bi_ptr33
                0x10005840        0x4 CMakeFiles/lab_5.dir/C_/bin/Pico_SDK_v1.5.0/pico-sdk/src/rp2_common/pico_stdio_uart/stdio_uart.c.obj
 .binary_info.__bi_ptr34
                0x10005844        0x4 CMakeFiles/lab_5.dir/C_/bin/Pico_SDK_v1.5.0/pico-sdk/src/rp2_common/pico_stdio_uart/stdio_uart.c.obj
                0x10005848                __binary_info_end = .
                0x10005848                . = ALIGN (0x4)
                0x10005848                __etext = .

.ram_vector_table
                0x20000000       0xc0
 *(.ram_vector_table)
 .ram_vector_table
                0x20000000       0xc0 CMakeFiles/lab_5.dir/C_/bin/Pico_SDK_v1.5.0/pico-sdk/src/rp2_common/pico_runtime/runtime.c.obj
                0x20000000                ram_vector_table

.data           0x200000c0      0x254 load address 0x10005848
                0x200000c0                __data_start__ = .
 *(vtable)
 *(.time_critical*)
 .time_critical.mutex_try_enter
                0x200000c0       0x46 CMakeFiles/lab_5.dir/C_/bin/Pico_SDK_v1.5.0/pico-sdk/src/common/pico_sync/mutex.c.obj
                0x200000c0                mutex_try_enter
 *fill*         0x20000106        0x2 
 .time_critical.mutex_enter_block_until
                0x20000108       0x8c CMakeFiles/lab_5.dir/C_/bin/Pico_SDK_v1.5.0/pico-sdk/src/common/pico_sync/mutex.c.obj
                0x20000108                mutex_enter_block_until
 .time_critical.mutex_try_enter_block_until
                0x20000194       0x34 CMakeFiles/lab_5.dir/C_/bin/Pico_SDK_v1.5.0/pico-sdk/src/common/pico_sync/mutex.c.obj
                0x20000194                mutex_try_enter_block_until
 .time_critical.mutex_exit
                0x200001c8       0x4c CMakeFiles/lab_5.dir/C_/bin/Pico_SDK_v1.5.0/pico-sdk/src/common/pico_sync/mutex.c.obj
                0x200001c8                mutex_exit
 *(.text*)
 .text          0x20000214        0x4 c:/bin/pico_sdk_v1.5.0/gcc-arm-none-eabi/bin/../lib/gcc/arm-none-eabi/10.3.1/thumb/v6-m/nofp\libgcc.a(_dvmd_tls.o)
                0x20000214                __aeabi_idiv0
                0x20000214                __aeabi_ldiv0
 .text.__stub   0x20000218       0x20 linker stubs
                0x20000238                . = ALIGN (0x4)
 *(.rodata*)
                0x20000238                . = ALIGN (0x4)
 *(.data*)
 .data.striped_spin_lock_num
                0x20000238        0x1 CMakeFiles/lab_5.dir/C_/bin/Pico_SDK_v1.5.0/pico-sdk/src/rp2_common/hardware_sync/sync.c.obj
 *fill*         0x20000239        0x3 
 .data          0x2000023c       0x48 CMakeFiles/lab_5.dir/C_/bin/Pico_SDK_v1.5.0/pico-sdk/src/rp2_common/hardware_irq/irq_handler_chain.S.obj
                0x2000023c                irq_handler_chain_slots
                0x2000026c                irq_handler_chain_first_slot
                0x20000276                irq_handler_chain_remove_tail
 .data.default_alarm_pool
                0x20000284       0x18 CMakeFiles/lab_5.dir/C_/bin/Pico_SDK_v1.5.0/pico-sdk/src/common/pico_time/time.c.obj
 .data.default_alarm_pool_heap
                0x2000029c       0x10 CMakeFiles/lab_5.dir/C_/bin/Pico_SDK_v1.5.0/pico-sdk/src/common/pico_time/time.c.obj
 *fill*         0x200002ac        0x4 
 .data.aeabi_bits_funcs
                0x200002b0       0x10 CMakeFiles/lab_5.dir/C_/bin/Pico_SDK_v1.5.0/pico-sdk/src/rp2_common/pico_bit_ops/bit_ops_aeabi.S.obj
                0x200002b0                aeabi_bits_funcs
                0x200002c0                aeabi_bits_funcs_end
 .data.aeabi_mem_funcs
                0x200002c0       0x10 CMakeFiles/lab_5.dir/C_/bin/Pico_SDK_v1.5.0/pico-sdk/src/rp2_common/pico_mem_ops/mem_ops_aeabi.S.obj
                0x200002c0                aeabi_mem_funcs
                0x200002d0                aeabi_mem_funcs_end
 .data.stdio_uart
                0x200002d0       0x18 CMakeFiles/lab_5.dir/C_/bin/Pico_SDK_v1.5.0/pico-sdk/src/rp2_common/pico_stdio_uart/stdio_uart.c.obj
                0x200002d0                stdio_uart
 .data.i2c0_inst
                0x200002e8        0x8 CMakeFiles/lab_5.dir/C_/bin/Pico_SDK_v1.5.0/pico-sdk/src/rp2_common/hardware_i2c/i2c.c.obj
                0x200002e8                i2c0_inst
 .data.i2c1_inst
                0x200002f0        0x8 CMakeFiles/lab_5.dir/C_/bin/Pico_SDK_v1.5.0/pico-sdk/src/rp2_common/hardware_i2c/i2c.c.obj
                0x200002f0                i2c1_inst
                0x200002f8                . = ALIGN (0x4)
 *(.after_data.*)
                0x200002f8                . = ALIGN (0x4)
                0x200002f8                PROVIDE (__mutex_array_start = .)
 *(SORT_BY_NAME(.mutex_array.*))
 *(.mutex_array)
 .mutex_array   0x200002f8        0x8 CMakeFiles/lab_5.dir/C_/bin/Pico_SDK_v1.5.0/pico-sdk/src/rp2_common/pico_stdio/stdio.c.obj
                0x20000300                PROVIDE (__mutex_array_end = .)
                0x20000300                . = ALIGN (0x4)
                0x20000300                PROVIDE (__preinit_array_start = .)
 *(SORT_BY_NAME(.preinit_array.*))
 .preinit_array.00001
                0x20000300        0x4 CMakeFiles/lab_5.dir/C_/bin/Pico_SDK_v1.5.0/pico-sdk/src/rp2_common/pico_mem_ops/mem_ops_aeabi.S.obj
 .preinit_array.00010
                0x20000304        0x4 CMakeFiles/lab_5.dir/C_/bin/Pico_SDK_v1.5.0/pico-sdk/src/rp2_common/pico_bit_ops/bit_ops_aeabi.S.obj
 .preinit_array.00020
                0x20000308        0x4 CMakeFiles/lab_5.dir/C_/bin/Pico_SDK_v1.5.0/pico-sdk/src/rp2_common/pico_double/double_aeabi.S.obj
 .preinit_array.00020
                0x2000030c        0x4 CMakeFiles/lab_5.dir/C_/bin/Pico_SDK_v1.5.0/pico-sdk/src/rp2_common/pico_float/float_aeabi.S.obj
 *(.preinit_array)
                0x20000310                PROVIDE (__preinit_array_end = .)
                0x20000310                . = ALIGN (0x4)
                0x20000310                PROVIDE (__init_array_start = .)
 *(SORT_BY_NAME(.init_array.*))
 *(.init_array)
 .init_array    0x20000310        0x4 c:/bin/pico_sdk_v1.5.0/gcc-arm-none-eabi/bin/../lib/gcc/arm-none-eabi/10.3.1/thumb/v6-m/nofp/crtbegin.o
                0x20000314                PROVIDE (__init_array_end = .)
                0x20000314                . = ALIGN (0x4)
                [!provide]                PROVIDE (__fini_array_start = .)
 *(SORT_BY_NAME(.fini_array.*))
 *(.fini_array)
                [!provide]                PROVIDE (__fini_array_end = .)
 *(.jcr)
                0x20000314                . = ALIGN (0x4)
                0x20000314                __data_end__ = .

.igot.plt       0x20000314        0x0 load address 0x10005a9c
 .igot.plt      0x20000314        0x0 c:/bin/pico_sdk_v1.5.0/gcc-arm-none-eabi/bin/../lib/gcc/arm-none-eabi/10.3.1/thumb/v6-m/nofp/crtbegin.o

.uninitialized_data
                0x20000314        0x0 load address 0x10005a9c
                0x20000314                . = ALIGN (0x4)
 *(.uninitialized_data*)

.scratch_x      0x20040000        0x0 load address 0x10005a9c
                0x20040000                __scratch_x_start__ = .
 *(.scratch_x.*)
                0x20040000                . = ALIGN (0x4)
                0x20040000                __scratch_x_end__ = .
                0x10005a9c                __scratch_x_source__ = LOADADDR (.scratch_x)

.scratch_y      0x20041000        0x0 load address 0x10005a9c
                0x20041000                __scratch_y_start__ = .
 *(.scratch_y.*)
                0x20041000                . = ALIGN (0x4)
                0x20041000                __scratch_y_end__ = .
                0x10005a9c                __scratch_y_source__ = LOADADDR (.scratch_y)

.bss            0x20000318      0x3d8
                0x20000318                . = ALIGN (0x4)
                0x20000318                __bss_start__ = .
 *(SORT_BY_ALIGNMENT(SORT_BY_NAME(.bss*)))
 .bss.default_alarm_pool_entries
                0x20000318      0x100 CMakeFiles/lab_5.dir/C_/bin/Pico_SDK_v1.5.0/pico-sdk/src/common/pico_time/time.c.obj
 .bss           0x20000418       0x1c c:/bin/pico_sdk_v1.5.0/gcc-arm-none-eabi/bin/../lib/gcc/arm-none-eabi/10.3.1/thumb/v6-m/nofp/crtbegin.o
 .bss.alarm_callbacks
                0x20000434       0x10 CMakeFiles/lab_5.dir/C_/bin/Pico_SDK_v1.5.0/pico-sdk/src/rp2_common/hardware_timer/timer.c.obj
 .bss.chars_available_callback
                0x20000444        0x4 CMakeFiles/lab_5.dir/C_/bin/Pico_SDK_v1.5.0/pico-sdk/src/rp2_common/pico_stdio_uart/stdio_uart.c.obj
 .bss.chars_available_param
                0x20000448        0x4 CMakeFiles/lab_5.dir/C_/bin/Pico_SDK_v1.5.0/pico-sdk/src/rp2_common/pico_stdio_uart/stdio_uart.c.obj
 .bss.configured_freq
                0x2000044c       0x28 CMakeFiles/lab_5.dir/C_/bin/Pico_SDK_v1.5.0/pico-sdk/src/rp2_common/hardware_clocks/clocks.c.obj
 .bss.default_alarm_pool_entry_ids_high
                0x20000474       0x10 CMakeFiles/lab_5.dir/C_/bin/Pico_SDK_v1.5.0/pico-sdk/src/common/pico_time/time.c.obj
 .bss.default_alarm_pool_heap_nodes
                0x20000484       0x30 CMakeFiles/lab_5.dir/C_/bin/Pico_SDK_v1.5.0/pico-sdk/src/common/pico_time/time.c.obj
 .bss.drivers   0x200004b4        0x4 CMakeFiles/lab_5.dir/C_/bin/Pico_SDK_v1.5.0/pico-sdk/src/rp2_common/pico_stdio/stdio.c.obj
 .bss.filter    0x200004b8        0x4 CMakeFiles/lab_5.dir/C_/bin/Pico_SDK_v1.5.0/pico-sdk/src/rp2_common/pico_stdio/stdio.c.obj
 .bss.pools     0x200004bc       0x10 CMakeFiles/lab_5.dir/C_/bin/Pico_SDK_v1.5.0/pico-sdk/src/common/pico_time/time.c.obj
 .bss.sd_table  0x200004cc      0x100 CMakeFiles/lab_5.dir/C_/bin/Pico_SDK_v1.5.0/pico-sdk/src/rp2_common/pico_double/double_init_rom.c.obj
                0x200004cc                sd_table
 .bss.sf_clz_func
                0x200005cc        0x4 CMakeFiles/lab_5.dir/C_/bin/Pico_SDK_v1.5.0/pico-sdk/src/rp2_common/pico_double/double_init_rom.c.obj
                0x200005cc                sf_clz_func
 .bss.sf_table  0x200005d0      0x100 CMakeFiles/lab_5.dir/C_/bin/Pico_SDK_v1.5.0/pico-sdk/src/rp2_common/pico_float/float_init_rom.c.obj
                0x200005d0                sf_table
 .bss.sleep_notifier
                0x200006d0        0x4 CMakeFiles/lab_5.dir/C_/bin/Pico_SDK_v1.5.0/pico-sdk/src/common/pico_time/time.c.obj
 .bss.target_hi
                0x200006d4       0x10 CMakeFiles/lab_5.dir/C_/bin/Pico_SDK_v1.5.0/pico-sdk/src/rp2_common/hardware_timer/timer.c.obj
 .bss.uart_char_to_line_feed
                0x200006e4        0x4 CMakeFiles/lab_5.dir/C_/bin/Pico_SDK_v1.5.0/pico-sdk/src/rp2_common/hardware_uart/uart.c.obj
                0x200006e4                uart_char_to_line_feed
 .bss.uart_instance
                0x200006e8        0x4 CMakeFiles/lab_5.dir/C_/bin/Pico_SDK_v1.5.0/pico-sdk/src/rp2_common/pico_stdio_uart/stdio_uart.c.obj
 .bss.claimed   0x200006ec        0x1 CMakeFiles/lab_5.dir/C_/bin/Pico_SDK_v1.5.0/pico-sdk/src/rp2_common/hardware_timer/timer.c.obj
 .bss.irq_hander_chain_free_slot_head
                0x200006ed        0x1 CMakeFiles/lab_5.dir/C_/bin/Pico_SDK_v1.5.0/pico-sdk/src/rp2_common/hardware_irq/irq.c.obj
 .bss.timer_callbacks_pending
                0x200006ee        0x1 CMakeFiles/lab_5.dir/C_/bin/Pico_SDK_v1.5.0/pico-sdk/src/rp2_common/hardware_timer/timer.c.obj
 *(COMMON)
                0x200006f0                . = ALIGN (0x4)
 *fill*         0x200006ef        0x1 
                0x200006f0                __bss_end__ = .

.heap           0x200006f0      0x800
                0x200006f0                __end__ = .
                0x200006f0                end = __end__
 *(.heap*)
 .heap          0x200006f0      0x800 CMakeFiles/lab_5.dir/C_/bin/Pico_SDK_v1.5.0/pico-sdk/src/rp2_common/pico_standard_link/crt0.S.obj
                0x20000ef0                __HeapLimit = .

.stack1_dummy   0x20040000        0x0
 *(.stack1*)

.stack_dummy    0x20041000      0x800
 *(.stack*)
 .stack         0x20041000      0x800 CMakeFiles/lab_5.dir/C_/bin/Pico_SDK_v1.5.0/pico-sdk/src/rp2_common/pico_standard_link/crt0.S.obj

.flash_end      0x10005a9c        0x0
                0x10005a9c                __flash_binary_end = .
                0x20040000                __StackLimit = (ORIGIN (RAM) + LENGTH (RAM))
                0x20041000                __StackOneTop = (ORIGIN (SCRATCH_X) + LENGTH (SCRATCH_X))
                0x20042000                __StackTop = (ORIGIN (SCRATCH_Y) + LENGTH (SCRATCH_Y))
                0x20041000                __StackOneBottom = (__StackOneTop - SIZEOF (.stack1_dummy))
                0x20041800                __StackBottom = (__StackTop - SIZEOF (.stack_dummy))
                0x20042000                PROVIDE (__stack = __StackTop)
                0x00000001                ASSERT ((__StackLimit >= __HeapLimit), region RAM overflowed)
                0x00000001                ASSERT (((__binary_info_header_end - __logical_binary_start) <= 0x100), Binary info must be in first 256 bytes of the binary)
LOAD CMakeFiles/lab_5.dir/main.c.obj
LOAD CMakeFiles/lab_5.dir/C_/bin/Pico_SDK_v1.5.0/pico-sdk/src/rp2_common/pico_stdlib/stdlib.c.obj
LOAD CMakeFiles/lab_5.dir/C_/bin/Pico_SDK_v1.5.0/pico-sdk/src/rp2_common/hardware_gpio/gpio.c.obj
LOAD CMakeFiles/lab_5.dir/C_/bin/Pico_SDK_v1.5.0/pico-sdk/src/rp2_common/pico_platform/platform.c.obj
LOAD CMakeFiles/lab_5.dir/C_/bin/Pico_SDK_v1.5.0/pico-sdk/src/rp2_common/hardware_claim/claim.c.obj
LOAD CMakeFiles/lab_5.dir/C_/bin/Pico_SDK_v1.5.0/pico-sdk/src/rp2_common/hardware_sync/sync.c.obj
LOAD CMakeFiles/lab_5.dir/C_/bin/Pico_SDK_v1.5.0/pico-sdk/src/rp2_common/hardware_irq/irq.c.obj
LOAD CMakeFiles/lab_5.dir/C_/bin/Pico_SDK_v1.5.0/pico-sdk/src/rp2_common/hardware_irq/irq_handler_chain.S.obj
LOAD CMakeFiles/lab_5.dir/C_/bin/Pico_SDK_v1.5.0/pico-sdk/src/common/pico_sync/sem.c.obj
LOAD CMakeFiles/lab_5.dir/C_/bin/Pico_SDK_v1.5.0/pico-sdk/src/common/pico_sync/lock_core.c.obj
LOAD CMakeFiles/lab_5.dir/C_/bin/Pico_SDK_v1.5.0/pico-sdk/src/common/pico_sync/mutex.c.obj
LOAD CMakeFiles/lab_5.dir/C_/bin/Pico_SDK_v1.5.0/pico-sdk/src/common/pico_sync/critical_section.c.obj
LOAD CMakeFiles/lab_5.dir/C_/bin/Pico_SDK_v1.5.0/pico-sdk/src/common/pico_time/time.c.obj
LOAD CMakeFiles/lab_5.dir/C_/bin/Pico_SDK_v1.5.0/pico-sdk/src/common/pico_time/timeout_helper.c.obj
LOAD CMakeFiles/lab_5.dir/C_/bin/Pico_SDK_v1.5.0/pico-sdk/src/rp2_common/hardware_timer/timer.c.obj
LOAD CMakeFiles/lab_5.dir/C_/bin/Pico_SDK_v1.5.0/pico-sdk/src/common/pico_util/datetime.c.obj
LOAD CMakeFiles/lab_5.dir/C_/bin/Pico_SDK_v1.5.0/pico-sdk/src/common/pico_util/pheap.c.obj
LOAD CMakeFiles/lab_5.dir/C_/bin/Pico_SDK_v1.5.0/pico-sdk/src/common/pico_util/queue.c.obj
LOAD CMakeFiles/lab_5.dir/C_/bin/Pico_SDK_v1.5.0/pico-sdk/src/rp2_common/hardware_uart/uart.c.obj
LOAD CMakeFiles/lab_5.dir/C_/bin/Pico_SDK_v1.5.0/pico-sdk/src/rp2_common/hardware_clocks/clocks.c.obj
LOAD CMakeFiles/lab_5.dir/C_/bin/Pico_SDK_v1.5.0/pico-sdk/src/rp2_common/hardware_pll/pll.c.obj
LOAD CMakeFiles/lab_5.dir/C_/bin/Pico_SDK_v1.5.0/pico-sdk/src/rp2_common/hardware_vreg/vreg.c.obj
LOAD CMakeFiles/lab_5.dir/C_/bin/Pico_SDK_v1.5.0/pico-sdk/src/rp2_common/hardware_watchdog/watchdog.c.obj
LOAD CMakeFiles/lab_5.dir/C_/bin/Pico_SDK_v1.5.0/pico-sdk/src/rp2_common/hardware_xosc/xosc.c.obj
LOAD CMakeFiles/lab_5.dir/C_/bin/Pico_SDK_v1.5.0/pico-sdk/src/rp2_common/hardware_divider/divider.S.obj
LOAD CMakeFiles/lab_5.dir/C_/bin/Pico_SDK_v1.5.0/pico-sdk/src/rp2_common/pico_runtime/runtime.c.obj
LOAD CMakeFiles/lab_5.dir/C_/bin/Pico_SDK_v1.5.0/pico-sdk/src/rp2_common/pico_printf/printf.c.obj
LOAD CMakeFiles/lab_5.dir/C_/bin/Pico_SDK_v1.5.0/pico-sdk/src/rp2_common/pico_bit_ops/bit_ops_aeabi.S.obj
LOAD CMakeFiles/lab_5.dir/C_/bin/Pico_SDK_v1.5.0/pico-sdk/src/rp2_common/pico_bootrom/bootrom.c.obj
LOAD CMakeFiles/lab_5.dir/C_/bin/Pico_SDK_v1.5.0/pico-sdk/src/rp2_common/pico_divider/divider.S.obj
LOAD CMakeFiles/lab_5.dir/C_/bin/Pico_SDK_v1.5.0/pico-sdk/src/rp2_common/pico_double/double_aeabi.S.obj
LOAD CMakeFiles/lab_5.dir/C_/bin/Pico_SDK_v1.5.0/pico-sdk/src/rp2_common/pico_double/double_init_rom.c.obj
LOAD CMakeFiles/lab_5.dir/C_/bin/Pico_SDK_v1.5.0/pico-sdk/src/rp2_common/pico_double/double_math.c.obj
LOAD CMakeFiles/lab_5.dir/C_/bin/Pico_SDK_v1.5.0/pico-sdk/src/rp2_common/pico_double/double_v1_rom_shim.S.obj
LOAD CMakeFiles/lab_5.dir/C_/bin/Pico_SDK_v1.5.0/pico-sdk/src/rp2_common/pico_int64_ops/pico_int64_ops_aeabi.S.obj
LOAD CMakeFiles/lab_5.dir/C_/bin/Pico_SDK_v1.5.0/pico-sdk/src/rp2_common/pico_float/float_aeabi.S.obj
LOAD CMakeFiles/lab_5.dir/C_/bin/Pico_SDK_v1.5.0/pico-sdk/src/rp2_common/pico_float/float_init_rom.c.obj
LOAD CMakeFiles/lab_5.dir/C_/bin/Pico_SDK_v1.5.0/pico-sdk/src/rp2_common/pico_float/float_math.c.obj
LOAD CMakeFiles/lab_5.dir/C_/bin/Pico_SDK_v1.5.0/pico-sdk/src/rp2_common/pico_float/float_v1_rom_shim.S.obj
LOAD CMakeFiles/lab_5.dir/C_/bin/Pico_SDK_v1.5.0/pico-sdk/src/rp2_common/pico_malloc/pico_malloc.c.obj
LOAD CMakeFiles/lab_5.dir/C_/bin/Pico_SDK_v1.5.0/pico-sdk/src/rp2_common/pico_mem_ops/mem_ops_aeabi.S.obj
LOAD CMakeFiles/lab_5.dir/C_/bin/Pico_SDK_v1.5.0/pico-sdk/src/rp2_common/pico_standard_link/crt0.S.obj
LOAD CMakeFiles/lab_5.dir/C_/bin/Pico_SDK_v1.5.0/pico-sdk/src/rp2_common/pico_standard_link/new_delete.cpp.obj
LOAD CMakeFiles/lab_5.dir/C_/bin/Pico_SDK_v1.5.0/pico-sdk/src/rp2_common/pico_standard_link/binary_info.c.obj
LOAD CMakeFiles/lab_5.dir/C_/bin/Pico_SDK_v1.5.0/pico-sdk/src/rp2_common/pico_stdio/stdio.c.obj
LOAD CMakeFiles/lab_5.dir/C_/bin/Pico_SDK_v1.5.0/pico-sdk/src/rp2_common/pico_stdio_uart/stdio_uart.c.obj
LOAD CMakeFiles/lab_5.dir/C_/bin/Pico_SDK_v1.5.0/pico-sdk/src/rp2_common/hardware_i2c/i2c.c.obj
LOAD C:\Users\uglyz\AppData\Local\Temp\ccKmc0ld.o
LOAD c:/bin/pico_sdk_v1.5.0/gcc-arm-none-eabi/bin/../lib/gcc/arm-none-eabi/10.3.1/../../../../arm-none-eabi/lib/thumb/v6-m/nofp\libstdc++.a
LOAD c:/bin/pico_sdk_v1.5.0/gcc-arm-none-eabi/bin/../lib/gcc/arm-none-eabi/10.3.1/../../../../arm-none-eabi/lib/thumb/v6-m/nofp\libm.a
START GROUP
LOAD c:/bin/pico_sdk_v1.5.0/gcc-arm-none-eabi/bin/../lib/gcc/arm-none-eabi/10.3.1/thumb/v6-m/nofp\libgcc.a
LOAD c:/bin/pico_sdk_v1.5.0/gcc-arm-none-eabi/bin/../lib/gcc/arm-none-eabi/10.3.1/../../../../arm-none-eabi/lib/thumb/v6-m/nofp\libg.a
LOAD c:/bin/pico_sdk_v1.5.0/gcc-arm-none-eabi/bin/../lib/gcc/arm-none-eabi/10.3.1/../../../../arm-none-eabi/lib/thumb/v6-m/nofp\libc.a
END GROUP
START GROUP
LOAD c:/bin/pico_sdk_v1.5.0/gcc-arm-none-eabi/bin/../lib/gcc/arm-none-eabi/10.3.1/thumb/v6-m/nofp\libgcc.a
LOAD c:/bin/pico_sdk_v1.5.0/gcc-arm-none-eabi/bin/../lib/gcc/arm-none-eabi/10.3.1/../../../../arm-none-eabi/lib/thumb/v6-m/nofp\libc.a
LOAD c:/bin/pico_sdk_v1.5.0/gcc-arm-none-eabi/bin/../lib/gcc/arm-none-eabi/10.3.1/../../../../arm-none-eabi/lib/thumb/v6-m/nofp\libnosys.a
END GROUP
LOAD c:/bin/pico_sdk_v1.5.0/gcc-arm-none-eabi/bin/../lib/gcc/arm-none-eabi/10.3.1/thumb/v6-m/nofp/crtend.o
LOAD c:/bin/pico_sdk_v1.5.0/gcc-arm-none-eabi/bin/../lib/gcc/arm-none-eabi/10.3.1/thumb/v6-m/nofp/crtn.o
OUTPUT(lab_5.elf elf32-littlearm)
LOAD linker stubs

.ARM.attributes
                0x00000000       0x28
 .ARM.attributes
                0x00000000       0x1e c:/bin/pico_sdk_v1.5.0/gcc-arm-none-eabi/bin/../lib/gcc/arm-none-eabi/10.3.1/thumb/v6-m/nofp/crti.o
 .ARM.attributes
                0x0000001e       0x2c c:/bin/pico_sdk_v1.5.0/gcc-arm-none-eabi/bin/../lib/gcc/arm-none-eabi/10.3.1/thumb/v6-m/nofp/crtbegin.o
 .ARM.attributes
                0x0000004a       0x2c CMakeFiles/lab_5.dir/main.c.obj
 .ARM.attributes
                0x00000076       0x2c CMakeFiles/lab_5.dir/C_/bin/Pico_SDK_v1.5.0/pico-sdk/src/rp2_common/hardware_gpio/gpio.c.obj
 .ARM.attributes
                0x000000a2       0x2c CMakeFiles/lab_5.dir/C_/bin/Pico_SDK_v1.5.0/pico-sdk/src/rp2_common/pico_platform/platform.c.obj
 .ARM.attributes
                0x000000ce       0x2c CMakeFiles/lab_5.dir/C_/bin/Pico_SDK_v1.5.0/pico-sdk/src/rp2_common/hardware_claim/claim.c.obj
 .ARM.attributes
                0x000000fa       0x2c CMakeFiles/lab_5.dir/C_/bin/Pico_SDK_v1.5.0/pico-sdk/src/rp2_common/hardware_sync/sync.c.obj
 .ARM.attributes
                0x00000126       0x2c CMakeFiles/lab_5.dir/C_/bin/Pico_SDK_v1.5.0/pico-sdk/src/rp2_common/hardware_irq/irq.c.obj
 .ARM.attributes
                0x00000152       0x22 CMakeFiles/lab_5.dir/C_/bin/Pico_SDK_v1.5.0/pico-sdk/src/rp2_common/hardware_irq/irq_handler_chain.S.obj
 .ARM.attributes
                0x00000174       0x2c CMakeFiles/lab_5.dir/C_/bin/Pico_SDK_v1.5.0/pico-sdk/src/common/pico_sync/lock_core.c.obj
 .ARM.attributes
                0x000001a0       0x2c CMakeFiles/lab_5.dir/C_/bin/Pico_SDK_v1.5.0/pico-sdk/src/common/pico_sync/mutex.c.obj
 .ARM.attributes
                0x000001cc       0x2c CMakeFiles/lab_5.dir/C_/bin/Pico_SDK_v1.5.0/pico-sdk/src/common/pico_time/time.c.obj
 .ARM.attributes
                0x000001f8       0x2c CMakeFiles/lab_5.dir/C_/bin/Pico_SDK_v1.5.0/pico-sdk/src/rp2_common/hardware_timer/timer.c.obj
 .ARM.attributes
                0x00000224       0x2c CMakeFiles/lab_5.dir/C_/bin/Pico_SDK_v1.5.0/pico-sdk/src/common/pico_util/pheap.c.obj
 .ARM.attributes
                0x00000250       0x2c CMakeFiles/lab_5.dir/C_/bin/Pico_SDK_v1.5.0/pico-sdk/src/rp2_common/hardware_uart/uart.c.obj
 .ARM.attributes
                0x0000027c       0x2c CMakeFiles/lab_5.dir/C_/bin/Pico_SDK_v1.5.0/pico-sdk/src/rp2_common/hardware_clocks/clocks.c.obj
 .ARM.attributes
                0x000002a8       0x2c CMakeFiles/lab_5.dir/C_/bin/Pico_SDK_v1.5.0/pico-sdk/src/rp2_common/hardware_pll/pll.c.obj
 .ARM.attributes
                0x000002d4       0x2c CMakeFiles/lab_5.dir/C_/bin/Pico_SDK_v1.5.0/pico-sdk/src/rp2_common/hardware_watchdog/watchdog.c.obj
 .ARM.attributes
                0x00000300       0x2c CMakeFiles/lab_5.dir/C_/bin/Pico_SDK_v1.5.0/pico-sdk/src/rp2_common/hardware_xosc/xosc.c.obj
 .ARM.attributes
                0x0000032c       0x2c CMakeFiles/lab_5.dir/C_/bin/Pico_SDK_v1.5.0/pico-sdk/src/rp2_common/pico_runtime/runtime.c.obj
 .ARM.attributes
                0x00000358       0x2c CMakeFiles/lab_5.dir/C_/bin/Pico_SDK_v1.5.0/pico-sdk/src/rp2_common/pico_printf/printf.c.obj
 .ARM.attributes
                0x00000384       0x22 CMakeFiles/lab_5.dir/C_/bin/Pico_SDK_v1.5.0/pico-sdk/src/rp2_common/pico_bit_ops/bit_ops_aeabi.S.obj
 .ARM.attributes
                0x000003a6       0x2c CMakeFiles/lab_5.dir/C_/bin/Pico_SDK_v1.5.0/pico-sdk/src/rp2_common/pico_bootrom/bootrom.c.obj
 .ARM.attributes
                0x000003d2       0x22 CMakeFiles/lab_5.dir/C_/bin/Pico_SDK_v1.5.0/pico-sdk/src/rp2_common/pico_divider/divider.S.obj
 .ARM.attributes
                0x000003f4       0x22 CMakeFiles/lab_5.dir/C_/bin/Pico_SDK_v1.5.0/pico-sdk/src/rp2_common/pico_double/double_aeabi.S.obj
 .ARM.attributes
                0x00000416       0x2c CMakeFiles/lab_5.dir/C_/bin/Pico_SDK_v1.5.0/pico-sdk/src/rp2_common/pico_double/double_init_rom.c.obj
 .ARM.attributes
                0x00000442       0x22 CMakeFiles/lab_5.dir/C_/bin/Pico_SDK_v1.5.0/pico-sdk/src/rp2_common/pico_double/double_v1_rom_shim.S.obj
 .ARM.attributes
                0x00000464       0x22 CMakeFiles/lab_5.dir/C_/bin/Pico_SDK_v1.5.0/pico-sdk/src/rp2_common/pico_int64_ops/pico_int64_ops_aeabi.S.obj
 .ARM.attributes
                0x00000486       0x22 CMakeFiles/lab_5.dir/C_/bin/Pico_SDK_v1.5.0/pico-sdk/src/rp2_common/pico_float/float_aeabi.S.obj
 .ARM.attributes
                0x000004a8       0x2c CMakeFiles/lab_5.dir/C_/bin/Pico_SDK_v1.5.0/pico-sdk/src/rp2_common/pico_float/float_init_rom.c.obj
 .ARM.attributes
                0x000004d4       0x22 CMakeFiles/lab_5.dir/C_/bin/Pico_SDK_v1.5.0/pico-sdk/src/rp2_common/pico_mem_ops/mem_ops_aeabi.S.obj
 .ARM.attributes
                0x000004f6       0x22 CMakeFiles/lab_5.dir/C_/bin/Pico_SDK_v1.5.0/pico-sdk/src/rp2_common/pico_standard_link/crt0.S.obj
 .ARM.attributes
                0x00000518       0x2c CMakeFiles/lab_5.dir/C_/bin/Pico_SDK_v1.5.0/pico-sdk/src/rp2_common/pico_standard_link/binary_info.c.obj
 .ARM.attributes
                0x00000544       0x2c CMakeFiles/lab_5.dir/C_/bin/Pico_SDK_v1.5.0/pico-sdk/src/rp2_common/pico_stdio/stdio.c.obj
 .ARM.attributes
                0x00000570       0x2c CMakeFiles/lab_5.dir/C_/bin/Pico_SDK_v1.5.0/pico-sdk/src/rp2_common/pico_stdio_uart/stdio_uart.c.obj
 .ARM.attributes
                0x0000059c       0x2c CMakeFiles/lab_5.dir/C_/bin/Pico_SDK_v1.5.0/pico-sdk/src/rp2_common/hardware_i2c/i2c.c.obj
 .ARM.attributes
                0x000005c8       0x22 C:\Users\uglyz\AppData\Local\Temp\ccKmc0ld.o
 .ARM.attributes
                0x000005ea       0x1e c:/bin/pico_sdk_v1.5.0/gcc-arm-none-eabi/bin/../lib/gcc/arm-none-eabi/10.3.1/thumb/v6-m/nofp\libgcc.a(_dvmd_tls.o)
 .ARM.attributes
                0x00000608       0x2c c:/bin/pico_sdk_v1.5.0/gcc-arm-none-eabi/bin/../lib/gcc/arm-none-eabi/10.3.1/../../../../arm-none-eabi/lib/thumb/v6-m/nofp\libg.a(lib_a-strlen-stub.o)

.comment        0x00000000       0x49
 .comment       0x00000000       0x49 CMakeFiles/lab_5.dir/main.c.obj
                                 0x4a (size before relaxing)
 .comment       0x00000049       0x4a CMakeFiles/lab_5.dir/C_/bin/Pico_SDK_v1.5.0/pico-sdk/src/rp2_common/hardware_gpio/gpio.c.obj
 .comment       0x00000049       0x4a CMakeFiles/lab_5.dir/C_/bin/Pico_SDK_v1.5.0/pico-sdk/src/rp2_common/pico_platform/platform.c.obj
 .comment       0x00000049       0x4a CMakeFiles/lab_5.dir/C_/bin/Pico_SDK_v1.5.0/pico-sdk/src/rp2_common/hardware_claim/claim.c.obj
 .comment       0x00000049       0x4a CMakeFiles/lab_5.dir/C_/bin/Pico_SDK_v1.5.0/pico-sdk/src/rp2_common/hardware_sync/sync.c.obj
 .comment       0x00000049       0x4a CMakeFiles/lab_5.dir/C_/bin/Pico_SDK_v1.5.0/pico-sdk/src/rp2_common/hardware_irq/irq.c.obj
 .comment       0x00000049       0x4a CMakeFiles/lab_5.dir/C_/bin/Pico_SDK_v1.5.0/pico-sdk/src/common/pico_sync/lock_core.c.obj
 .comment       0x00000049       0x4a CMakeFiles/lab_5.dir/C_/bin/Pico_SDK_v1.5.0/pico-sdk/src/common/pico_sync/mutex.c.obj
 .comment       0x00000049       0x4a CMakeFiles/lab_5.dir/C_/bin/Pico_SDK_v1.5.0/pico-sdk/src/common/pico_time/time.c.obj
 .comment       0x00000049       0x4a CMakeFiles/lab_5.dir/C_/bin/Pico_SDK_v1.5.0/pico-sdk/src/rp2_common/hardware_timer/timer.c.obj
 .comment       0x00000049       0x4a CMakeFiles/lab_5.dir/C_/bin/Pico_SDK_v1.5.0/pico-sdk/src/common/pico_util/pheap.c.obj
 .comment       0x00000049       0x4a CMakeFiles/lab_5.dir/C_/bin/Pico_SDK_v1.5.0/pico-sdk/src/rp2_common/hardware_uart/uart.c.obj
 .comment       0x00000049       0x4a CMakeFiles/lab_5.dir/C_/bin/Pico_SDK_v1.5.0/pico-sdk/src/rp2_common/hardware_clocks/clocks.c.obj
 .comment       0x00000049       0x4a CMakeFiles/lab_5.dir/C_/bin/Pico_SDK_v1.5.0/pico-sdk/src/rp2_common/hardware_pll/pll.c.obj
 .comment       0x00000049       0x4a CMakeFiles/lab_5.dir/C_/bin/Pico_SDK_v1.5.0/pico-sdk/src/rp2_common/hardware_watchdog/watchdog.c.obj
 .comment       0x00000049       0x4a CMakeFiles/lab_5.dir/C_/bin/Pico_SDK_v1.5.0/pico-sdk/src/rp2_common/hardware_xosc/xosc.c.obj
 .comment       0x00000049       0x4a CMakeFiles/lab_5.dir/C_/bin/Pico_SDK_v1.5.0/pico-sdk/src/rp2_common/pico_runtime/runtime.c.obj
 .comment       0x00000049       0x4a CMakeFiles/lab_5.dir/C_/bin/Pico_SDK_v1.5.0/pico-sdk/src/rp2_common/pico_printf/printf.c.obj
 .comment       0x00000049       0x4a CMakeFiles/lab_5.dir/C_/bin/Pico_SDK_v1.5.0/pico-sdk/src/rp2_common/pico_bootrom/bootrom.c.obj
 .comment       0x00000049       0x4a CMakeFiles/lab_5.dir/C_/bin/Pico_SDK_v1.5.0/pico-sdk/src/rp2_common/pico_double/double_init_rom.c.obj
 .comment       0x00000049       0x4a CMakeFiles/lab_5.dir/C_/bin/Pico_SDK_v1.5.0/pico-sdk/src/rp2_common/pico_float/float_init_rom.c.obj
 .comment       0x00000049       0x4a CMakeFiles/lab_5.dir/C_/bin/Pico_SDK_v1.5.0/pico-sdk/src/rp2_common/pico_standard_link/binary_info.c.obj
 .comment       0x00000049       0x4a CMakeFiles/lab_5.dir/C_/bin/Pico_SDK_v1.5.0/pico-sdk/src/rp2_common/pico_stdio/stdio.c.obj
 .comment       0x00000049       0x4a CMakeFiles/lab_5.dir/C_/bin/Pico_SDK_v1.5.0/pico-sdk/src/rp2_common/pico_stdio_uart/stdio_uart.c.obj
 .comment       0x00000049       0x4a CMakeFiles/lab_5.dir/C_/bin/Pico_SDK_v1.5.0/pico-sdk/src/rp2_common/hardware_i2c/i2c.c.obj

.debug_info     0x00000000    0x17c0a
 .debug_info    0x00000000     0x1547 CMakeFiles/lab_5.dir/main.c.obj
 .debug_info    0x00001547     0x16d8 CMakeFiles/lab_5.dir/C_/bin/Pico_SDK_v1.5.0/pico-sdk/src/rp2_common/hardware_gpio/gpio.c.obj
 .debug_info    0x00002c1f      0x1e3 CMakeFiles/lab_5.dir/C_/bin/Pico_SDK_v1.5.0/pico-sdk/src/rp2_common/pico_platform/platform.c.obj
 .debug_info    0x00002e02      0x6bc CMakeFiles/lab_5.dir/C_/bin/Pico_SDK_v1.5.0/pico-sdk/src/rp2_common/hardware_claim/claim.c.obj
 .debug_info    0x000034be      0x58e CMakeFiles/lab_5.dir/C_/bin/Pico_SDK_v1.5.0/pico-sdk/src/rp2_common/hardware_sync/sync.c.obj
 .debug_info    0x00003a4c     0x1c9c CMakeFiles/lab_5.dir/C_/bin/Pico_SDK_v1.5.0/pico-sdk/src/rp2_common/hardware_irq/irq.c.obj
 .debug_info    0x000056e8      0x1a4 CMakeFiles/lab_5.dir/C_/bin/Pico_SDK_v1.5.0/pico-sdk/src/common/pico_sync/lock_core.c.obj
 .debug_info    0x0000588c     0x20d3 CMakeFiles/lab_5.dir/C_/bin/Pico_SDK_v1.5.0/pico-sdk/src/common/pico_sync/mutex.c.obj
 .debug_info    0x0000795f     0x4066 CMakeFiles/lab_5.dir/C_/bin/Pico_SDK_v1.5.0/pico-sdk/src/common/pico_time/time.c.obj
 .debug_info    0x0000b9c5     0x13ee CMakeFiles/lab_5.dir/C_/bin/Pico_SDK_v1.5.0/pico-sdk/src/rp2_common/hardware_timer/timer.c.obj
 .debug_info    0x0000cdb3     0x123b CMakeFiles/lab_5.dir/C_/bin/Pico_SDK_v1.5.0/pico-sdk/src/common/pico_util/pheap.c.obj
 .debug_info    0x0000dfee      0xb65 CMakeFiles/lab_5.dir/C_/bin/Pico_SDK_v1.5.0/pico-sdk/src/rp2_common/hardware_uart/uart.c.obj
 .debug_info    0x0000eb53      0xf8d CMakeFiles/lab_5.dir/C_/bin/Pico_SDK_v1.5.0/pico-sdk/src/rp2_common/hardware_clocks/clocks.c.obj
 .debug_info    0x0000fae0      0x51b CMakeFiles/lab_5.dir/C_/bin/Pico_SDK_v1.5.0/pico-sdk/src/rp2_common/hardware_pll/pll.c.obj
 .debug_info    0x0000fffb      0x4ee CMakeFiles/lab_5.dir/C_/bin/Pico_SDK_v1.5.0/pico-sdk/src/rp2_common/hardware_watchdog/watchdog.c.obj
 .debug_info    0x000104e9      0x1d8 CMakeFiles/lab_5.dir/C_/bin/Pico_SDK_v1.5.0/pico-sdk/src/rp2_common/hardware_xosc/xosc.c.obj
 .debug_info    0x000106c1     0x1028 CMakeFiles/lab_5.dir/C_/bin/Pico_SDK_v1.5.0/pico-sdk/src/rp2_common/pico_runtime/runtime.c.obj
 .debug_info    0x000116e9     0x1a5f CMakeFiles/lab_5.dir/C_/bin/Pico_SDK_v1.5.0/pico-sdk/src/rp2_common/pico_printf/printf.c.obj
 .debug_info    0x00013148       0x22 CMakeFiles/lab_5.dir/C_/bin/Pico_SDK_v1.5.0/pico-sdk/src/rp2_common/pico_bit_ops/bit_ops_aeabi.S.obj
 .debug_info    0x0001316a      0x27c CMakeFiles/lab_5.dir/C_/bin/Pico_SDK_v1.5.0/pico-sdk/src/rp2_common/pico_bootrom/bootrom.c.obj
 .debug_info    0x000133e6       0x22 CMakeFiles/lab_5.dir/C_/bin/Pico_SDK_v1.5.0/pico-sdk/src/rp2_common/pico_divider/divider.S.obj
 .debug_info    0x00013408       0x22 CMakeFiles/lab_5.dir/C_/bin/Pico_SDK_v1.5.0/pico-sdk/src/rp2_common/pico_double/double_aeabi.S.obj
 .debug_info    0x0001342a      0x2fb CMakeFiles/lab_5.dir/C_/bin/Pico_SDK_v1.5.0/pico-sdk/src/rp2_common/pico_double/double_init_rom.c.obj
 .debug_info    0x00013725       0x26 CMakeFiles/lab_5.dir/C_/bin/Pico_SDK_v1.5.0/pico-sdk/src/rp2_common/pico_double/double_v1_rom_shim.S.obj
 .debug_info    0x0001374b       0x26 CMakeFiles/lab_5.dir/C_/bin/Pico_SDK_v1.5.0/pico-sdk/src/rp2_common/pico_int64_ops/pico_int64_ops_aeabi.S.obj
 .debug_info    0x00013771       0x22 CMakeFiles/lab_5.dir/C_/bin/Pico_SDK_v1.5.0/pico-sdk/src/rp2_common/pico_float/float_aeabi.S.obj
 .debug_info    0x00013793      0x2d8 CMakeFiles/lab_5.dir/C_/bin/Pico_SDK_v1.5.0/pico-sdk/src/rp2_common/pico_float/float_init_rom.c.obj
 .debug_info    0x00013a6b       0x22 CMakeFiles/lab_5.dir/C_/bin/Pico_SDK_v1.5.0/pico-sdk/src/rp2_common/pico_mem_ops/mem_ops_aeabi.S.obj
 .debug_info    0x00013a8d       0x22 CMakeFiles/lab_5.dir/C_/bin/Pico_SDK_v1.5.0/pico-sdk/src/rp2_common/pico_standard_link/crt0.S.obj
 .debug_info    0x00013aaf      0x2f6 CMakeFiles/lab_5.dir/C_/bin/Pico_SDK_v1.5.0/pico-sdk/src/rp2_common/pico_standard_link/binary_info.c.obj
 .debug_info    0x00013da5     0x1821 CMakeFiles/lab_5.dir/C_/bin/Pico_SDK_v1.5.0/pico-sdk/src/rp2_common/pico_stdio/stdio.c.obj
 .debug_info    0x000155c6     0x1044 CMakeFiles/lab_5.dir/C_/bin/Pico_SDK_v1.5.0/pico-sdk/src/rp2_common/pico_stdio_uart/stdio_uart.c.obj
 .debug_info    0x0001660a     0x1600 CMakeFiles/lab_5.dir/C_/bin/Pico_SDK_v1.5.0/pico-sdk/src/rp2_common/hardware_i2c/i2c.c.obj

.debug_abbrev   0x00000000     0x47c7
 .debug_abbrev  0x00000000      0x359 CMakeFiles/lab_5.dir/main.c.obj
 .debug_abbrev  0x00000359      0x339 CMakeFiles/lab_5.dir/C_/bin/Pico_SDK_v1.5.0/pico-sdk/src/rp2_common/hardware_gpio/gpio.c.obj
 .debug_abbrev  0x00000692       0xeb CMakeFiles/lab_5.dir/C_/bin/Pico_SDK_v1.5.0/pico-sdk/src/rp2_common/pico_platform/platform.c.obj
 .debug_abbrev  0x0000077d      0x2e9 CMakeFiles/lab_5.dir/C_/bin/Pico_SDK_v1.5.0/pico-sdk/src/rp2_common/hardware_claim/claim.c.obj
 .debug_abbrev  0x00000a66      0x21b CMakeFiles/lab_5.dir/C_/bin/Pico_SDK_v1.5.0/pico-sdk/src/rp2_common/hardware_sync/sync.c.obj
 .debug_abbrev  0x00000c81      0x4e7 CMakeFiles/lab_5.dir/C_/bin/Pico_SDK_v1.5.0/pico-sdk/src/rp2_common/hardware_irq/irq.c.obj
 .debug_abbrev  0x00001168      0x116 CMakeFiles/lab_5.dir/C_/bin/Pico_SDK_v1.5.0/pico-sdk/src/common/pico_sync/lock_core.c.obj
 .debug_abbrev  0x0000127e      0x397 CMakeFiles/lab_5.dir/C_/bin/Pico_SDK_v1.5.0/pico-sdk/src/common/pico_sync/mutex.c.obj
 .debug_abbrev  0x00001615      0x571 CMakeFiles/lab_5.dir/C_/bin/Pico_SDK_v1.5.0/pico-sdk/src/common/pico_time/time.c.obj
 .debug_abbrev  0x00001b86      0x3b8 CMakeFiles/lab_5.dir/C_/bin/Pico_SDK_v1.5.0/pico-sdk/src/rp2_common/hardware_timer/timer.c.obj
 .debug_abbrev  0x00001f3e      0x297 CMakeFiles/lab_5.dir/C_/bin/Pico_SDK_v1.5.0/pico-sdk/src/common/pico_util/pheap.c.obj
 .debug_abbrev  0x000021d5      0x2d2 CMakeFiles/lab_5.dir/C_/bin/Pico_SDK_v1.5.0/pico-sdk/src/rp2_common/hardware_uart/uart.c.obj
 .debug_abbrev  0x000024a7      0x3a5 CMakeFiles/lab_5.dir/C_/bin/Pico_SDK_v1.5.0/pico-sdk/src/rp2_common/hardware_clocks/clocks.c.obj
 .debug_abbrev  0x0000284c      0x1ea CMakeFiles/lab_5.dir/C_/bin/Pico_SDK_v1.5.0/pico-sdk/src/rp2_common/hardware_pll/pll.c.obj
 .debug_abbrev  0x00002a36      0x1a8 CMakeFiles/lab_5.dir/C_/bin/Pico_SDK_v1.5.0/pico-sdk/src/rp2_common/hardware_watchdog/watchdog.c.obj
 .debug_abbrev  0x00002bde      0x109 CMakeFiles/lab_5.dir/C_/bin/Pico_SDK_v1.5.0/pico-sdk/src/rp2_common/hardware_xosc/xosc.c.obj
 .debug_abbrev  0x00002ce7      0x4ba CMakeFiles/lab_5.dir/C_/bin/Pico_SDK_v1.5.0/pico-sdk/src/rp2_common/pico_runtime/runtime.c.obj
 .debug_abbrev  0x000031a1      0x384 CMakeFiles/lab_5.dir/C_/bin/Pico_SDK_v1.5.0/pico-sdk/src/rp2_common/pico_printf/printf.c.obj
 .debug_abbrev  0x00003525       0x12 CMakeFiles/lab_5.dir/C_/bin/Pico_SDK_v1.5.0/pico-sdk/src/rp2_common/pico_bit_ops/bit_ops_aeabi.S.obj
 .debug_abbrev  0x00003537      0x13b CMakeFiles/lab_5.dir/C_/bin/Pico_SDK_v1.5.0/pico-sdk/src/rp2_common/pico_bootrom/bootrom.c.obj
 .debug_abbrev  0x00003672       0x12 CMakeFiles/lab_5.dir/C_/bin/Pico_SDK_v1.5.0/pico-sdk/src/rp2_common/pico_divider/divider.S.obj
 .debug_abbrev  0x00003684       0x12 CMakeFiles/lab_5.dir/C_/bin/Pico_SDK_v1.5.0/pico-sdk/src/rp2_common/pico_double/double_aeabi.S.obj
 .debug_abbrev  0x00003696      0x196 CMakeFiles/lab_5.dir/C_/bin/Pico_SDK_v1.5.0/pico-sdk/src/rp2_common/pico_double/double_init_rom.c.obj
 .debug_abbrev  0x0000382c       0x14 CMakeFiles/lab_5.dir/C_/bin/Pico_SDK_v1.5.0/pico-sdk/src/rp2_common/pico_double/double_v1_rom_shim.S.obj
 .debug_abbrev  0x00003840       0x14 CMakeFiles/lab_5.dir/C_/bin/Pico_SDK_v1.5.0/pico-sdk/src/rp2_common/pico_int64_ops/pico_int64_ops_aeabi.S.obj
 .debug_abbrev  0x00003854       0x12 CMakeFiles/lab_5.dir/C_/bin/Pico_SDK_v1.5.0/pico-sdk/src/rp2_common/pico_float/float_aeabi.S.obj
 .debug_abbrev  0x00003866      0x18d CMakeFiles/lab_5.dir/C_/bin/Pico_SDK_v1.5.0/pico-sdk/src/rp2_common/pico_float/float_init_rom.c.obj
 .debug_abbrev  0x000039f3       0x12 CMakeFiles/lab_5.dir/C_/bin/Pico_SDK_v1.5.0/pico-sdk/src/rp2_common/pico_mem_ops/mem_ops_aeabi.S.obj
 .debug_abbrev  0x00003a05       0x12 CMakeFiles/lab_5.dir/C_/bin/Pico_SDK_v1.5.0/pico-sdk/src/rp2_common/pico_standard_link/crt0.S.obj
 .debug_abbrev  0x00003a17       0xad CMakeFiles/lab_5.dir/C_/bin/Pico_SDK_v1.5.0/pico-sdk/src/rp2_common/pico_standard_link/binary_info.c.obj
 .debug_abbrev  0x00003ac4      0x4a5 CMakeFiles/lab_5.dir/C_/bin/Pico_SDK_v1.5.0/pico-sdk/src/rp2_common/pico_stdio/stdio.c.obj
 .debug_abbrev  0x00003f69      0x3e8 CMakeFiles/lab_5.dir/C_/bin/Pico_SDK_v1.5.0/pico-sdk/src/rp2_common/pico_stdio_uart/stdio_uart.c.obj
 .debug_abbrev  0x00004351      0x476 CMakeFiles/lab_5.dir/C_/bin/Pico_SDK_v1.5.0/pico-sdk/src/rp2_common/hardware_i2c/i2c.c.obj

.debug_loc      0x00000000    0x101c7
 .debug_loc     0x00000000      0x738 CMakeFiles/lab_5.dir/main.c.obj
 .debug_loc     0x00000738     0x118d CMakeFiles/lab_5.dir/C_/bin/Pico_SDK_v1.5.0/pico-sdk/src/rp2_common/hardware_gpio/gpio.c.obj
 .debug_loc     0x000018c5       0xe9 CMakeFiles/lab_5.dir/C_/bin/Pico_SDK_v1.5.0/pico-sdk/src/rp2_common/pico_platform/platform.c.obj
 .debug_loc     0x000019ae      0x45f CMakeFiles/lab_5.dir/C_/bin/Pico_SDK_v1.5.0/pico-sdk/src/rp2_common/hardware_claim/claim.c.obj
 .debug_loc     0x00001e0d      0x233 CMakeFiles/lab_5.dir/C_/bin/Pico_SDK_v1.5.0/pico-sdk/src/rp2_common/hardware_sync/sync.c.obj
 .debug_loc     0x00002040     0x13f5 CMakeFiles/lab_5.dir/C_/bin/Pico_SDK_v1.5.0/pico-sdk/src/rp2_common/hardware_irq/irq.c.obj
 .debug_loc     0x00003435       0x60 CMakeFiles/lab_5.dir/C_/bin/Pico_SDK_v1.5.0/pico-sdk/src/common/pico_sync/lock_core.c.obj
 .debug_loc     0x00003495     0x152e CMakeFiles/lab_5.dir/C_/bin/Pico_SDK_v1.5.0/pico-sdk/src/common/pico_sync/mutex.c.obj
 .debug_loc     0x000049c3     0x31cb CMakeFiles/lab_5.dir/C_/bin/Pico_SDK_v1.5.0/pico-sdk/src/common/pico_time/time.c.obj
 .debug_loc     0x00007b8e      0xacb CMakeFiles/lab_5.dir/C_/bin/Pico_SDK_v1.5.0/pico-sdk/src/rp2_common/hardware_timer/timer.c.obj
 .debug_loc     0x00008659     0x1446 CMakeFiles/lab_5.dir/C_/bin/Pico_SDK_v1.5.0/pico-sdk/src/common/pico_util/pheap.c.obj
 .debug_loc     0x00009a9f      0x533 CMakeFiles/lab_5.dir/C_/bin/Pico_SDK_v1.5.0/pico-sdk/src/rp2_common/hardware_uart/uart.c.obj
 .debug_loc     0x00009fd2      0x81d CMakeFiles/lab_5.dir/C_/bin/Pico_SDK_v1.5.0/pico-sdk/src/rp2_common/hardware_clocks/clocks.c.obj
 .debug_loc     0x0000a7ef      0x2f3 CMakeFiles/lab_5.dir/C_/bin/Pico_SDK_v1.5.0/pico-sdk/src/rp2_common/hardware_pll/pll.c.obj
 .debug_loc     0x0000aae2      0x2ec CMakeFiles/lab_5.dir/C_/bin/Pico_SDK_v1.5.0/pico-sdk/src/rp2_common/hardware_watchdog/watchdog.c.obj
 .debug_loc     0x0000adce       0x71 CMakeFiles/lab_5.dir/C_/bin/Pico_SDK_v1.5.0/pico-sdk/src/rp2_common/hardware_xosc/xosc.c.obj
 .debug_loc     0x0000ae3f      0x674 CMakeFiles/lab_5.dir/C_/bin/Pico_SDK_v1.5.0/pico-sdk/src/rp2_common/pico_runtime/runtime.c.obj
 .debug_loc     0x0000b4b3     0x2095 CMakeFiles/lab_5.dir/C_/bin/Pico_SDK_v1.5.0/pico-sdk/src/rp2_common/pico_printf/printf.c.obj
 .debug_loc     0x0000d548      0x1a1 CMakeFiles/lab_5.dir/C_/bin/Pico_SDK_v1.5.0/pico-sdk/src/rp2_common/pico_bootrom/bootrom.c.obj
 .debug_loc     0x0000d6e9       0x59 CMakeFiles/lab_5.dir/C_/bin/Pico_SDK_v1.5.0/pico-sdk/src/rp2_common/pico_double/double_init_rom.c.obj
 .debug_loc     0x0000d742       0x81 CMakeFiles/lab_5.dir/C_/bin/Pico_SDK_v1.5.0/pico-sdk/src/rp2_common/pico_float/float_init_rom.c.obj
 .debug_loc     0x0000d7c3      0xe23 CMakeFiles/lab_5.dir/C_/bin/Pico_SDK_v1.5.0/pico-sdk/src/rp2_common/pico_stdio/stdio.c.obj
 .debug_loc     0x0000e5e6      0x888 CMakeFiles/lab_5.dir/C_/bin/Pico_SDK_v1.5.0/pico-sdk/src/rp2_common/pico_stdio_uart/stdio_uart.c.obj
 .debug_loc     0x0000ee6e     0x1359 CMakeFiles/lab_5.dir/C_/bin/Pico_SDK_v1.5.0/pico-sdk/src/rp2_common/hardware_i2c/i2c.c.obj

.debug_aranges  0x00000000      0xe30
 .debug_aranges
                0x00000000       0x70 CMakeFiles/lab_5.dir/main.c.obj
 .debug_aranges
                0x00000070      0x100 CMakeFiles/lab_5.dir/C_/bin/Pico_SDK_v1.5.0/pico-sdk/src/rp2_common/hardware_gpio/gpio.c.obj
 .debug_aranges
                0x00000170       0x28 CMakeFiles/lab_5.dir/C_/bin/Pico_SDK_v1.5.0/pico-sdk/src/rp2_common/pico_platform/platform.c.obj
 .debug_aranges
                0x00000198       0x48 CMakeFiles/lab_5.dir/C_/bin/Pico_SDK_v1.5.0/pico-sdk/src/rp2_common/hardware_claim/claim.c.obj
 .debug_aranges
                0x000001e0       0x58 CMakeFiles/lab_5.dir/C_/bin/Pico_SDK_v1.5.0/pico-sdk/src/rp2_common/hardware_sync/sync.c.obj
 .debug_aranges
                0x00000238       0xc8 CMakeFiles/lab_5.dir/C_/bin/Pico_SDK_v1.5.0/pico-sdk/src/rp2_common/hardware_irq/irq.c.obj
 .debug_aranges
                0x00000300       0x20 CMakeFiles/lab_5.dir/C_/bin/Pico_SDK_v1.5.0/pico-sdk/src/common/pico_sync/lock_core.c.obj
 .debug_aranges
                0x00000320       0x90 CMakeFiles/lab_5.dir/C_/bin/Pico_SDK_v1.5.0/pico-sdk/src/common/pico_sync/mutex.c.obj
 .debug_aranges
                0x000003b0       0xe8 CMakeFiles/lab_5.dir/C_/bin/Pico_SDK_v1.5.0/pico-sdk/src/common/pico_time/time.c.obj
 .debug_aranges
                0x00000498       0x88 CMakeFiles/lab_5.dir/C_/bin/Pico_SDK_v1.5.0/pico-sdk/src/rp2_common/hardware_timer/timer.c.obj
 .debug_aranges
                0x00000520       0x78 CMakeFiles/lab_5.dir/C_/bin/Pico_SDK_v1.5.0/pico-sdk/src/common/pico_util/pheap.c.obj
 .debug_aranges
                0x00000598       0x40 CMakeFiles/lab_5.dir/C_/bin/Pico_SDK_v1.5.0/pico-sdk/src/rp2_common/hardware_uart/uart.c.obj
 .debug_aranges
                0x000005d8       0x70 CMakeFiles/lab_5.dir/C_/bin/Pico_SDK_v1.5.0/pico-sdk/src/rp2_common/hardware_clocks/clocks.c.obj
 .debug_aranges
                0x00000648       0x28 CMakeFiles/lab_5.dir/C_/bin/Pico_SDK_v1.5.0/pico-sdk/src/rp2_common/hardware_pll/pll.c.obj
 .debug_aranges
                0x00000670       0x58 CMakeFiles/lab_5.dir/C_/bin/Pico_SDK_v1.5.0/pico-sdk/src/rp2_common/hardware_watchdog/watchdog.c.obj
 .debug_aranges
                0x000006c8       0x30 CMakeFiles/lab_5.dir/C_/bin/Pico_SDK_v1.5.0/pico-sdk/src/rp2_common/hardware_xosc/xosc.c.obj
 .debug_aranges
                0x000006f8       0x88 CMakeFiles/lab_5.dir/C_/bin/Pico_SDK_v1.5.0/pico-sdk/src/rp2_common/pico_runtime/runtime.c.obj
 .debug_aranges
                0x00000780       0x90 CMakeFiles/lab_5.dir/C_/bin/Pico_SDK_v1.5.0/pico-sdk/src/rp2_common/pico_printf/printf.c.obj
 .debug_aranges
                0x00000810       0x68 CMakeFiles/lab_5.dir/C_/bin/Pico_SDK_v1.5.0/pico-sdk/src/rp2_common/pico_bit_ops/bit_ops_aeabi.S.obj
 .debug_aranges
                0x00000878       0x30 CMakeFiles/lab_5.dir/C_/bin/Pico_SDK_v1.5.0/pico-sdk/src/rp2_common/pico_bootrom/bootrom.c.obj
 .debug_aranges
                0x000008a8       0x40 CMakeFiles/lab_5.dir/C_/bin/Pico_SDK_v1.5.0/pico-sdk/src/rp2_common/pico_divider/divider.S.obj
 .debug_aranges
                0x000008e8      0x140 CMakeFiles/lab_5.dir/C_/bin/Pico_SDK_v1.5.0/pico-sdk/src/rp2_common/pico_double/double_aeabi.S.obj
 .debug_aranges