Archive member included to satisfy reference by file (symbol)

c:/bin/pico_sdk_v1.5.0/gcc-arm-none-eabi/bin/../lib/gcc/arm-none-eabi/10.3.1/thumb/v6-m/nofp\libgcc.a(_dvmd_tls.o)
                              CMakeFiles/c_project.dir/C_/bin/Pico_SDK_v1.5.0/pico-sdk/src/rp2_common/pico_divider/divider.S.obj (__aeabi_idiv0)
c:/bin/pico_sdk_v1.5.0/gcc-arm-none-eabi/bin/../lib/gcc/arm-none-eabi/10.3.1/../../../../arm-none-eabi/lib/thumb/v6-m/nofp\libg.a(lib_a-calloc.o)
                              CMakeFiles/c_project.dir/C_/bin/Pico_SDK_v1.5.0/pico-sdk/src/rp2_common/pico_malloc/pico_malloc.c.obj (calloc)
c:/bin/pico_sdk_v1.5.0/gcc-arm-none-eabi/bin/../lib/gcc/arm-none-eabi/10.3.1/../../../../arm-none-eabi/lib/thumb/v6-m/nofp\libg.a(lib_a-callocr.o)
                              c:/bin/pico_sdk_v1.5.0/gcc-arm-none-eabi/bin/../lib/gcc/arm-none-eabi/10.3.1/../../../../arm-none-eabi/lib/thumb/v6-m/nofp\libg.a(lib_a-calloc.o) (_calloc_r)
c:/bin/pico_sdk_v1.5.0/gcc-arm-none-eabi/bin/../lib/gcc/arm-none-eabi/10.3.1/../../../../arm-none-eabi/lib/thumb/v6-m/nofp\libg.a(lib_a-errno.o)
                              c:/bin/pico_sdk_v1.5.0/gcc-arm-none-eabi/bin/../lib/gcc/arm-none-eabi/10.3.1/../../../../arm-none-eabi/lib/thumb/v6-m/nofp\libg.a(lib_a-callocr.o) (__errno)
c:/bin/pico_sdk_v1.5.0/gcc-arm-none-eabi/bin/../lib/gcc/arm-none-eabi/10.3.1/../../../../arm-none-eabi/lib/thumb/v6-m/nofp\libg.a(lib_a-impure.o)
                              c:/bin/pico_sdk_v1.5.0/gcc-arm-none-eabi/bin/../lib/gcc/arm-none-eabi/10.3.1/../../../../arm-none-eabi/lib/thumb/v6-m/nofp\libg.a(lib_a-calloc.o) (_impure_ptr)
c:/bin/pico_sdk_v1.5.0/gcc-arm-none-eabi/bin/../lib/gcc/arm-none-eabi/10.3.1/../../../../arm-none-eabi/lib/thumb/v6-m/nofp\libg.a(lib_a-init.o)
                              c:/bin/pico_sdk_v1.5.0/gcc-arm-none-eabi/bin/../lib/gcc/arm-none-eabi/10.3.1/../../../../arm-none-eabi/lib/thumb/v6-m/nofp/crt0.o (__libc_init_array)
c:/bin/pico_sdk_v1.5.0/gcc-arm-none-eabi/bin/../lib/gcc/arm-none-eabi/10.3.1/../../../../arm-none-eabi/lib/thumb/v6-m/nofp\libg.a(lib_a-malloc.o)
                              CMakeFiles/c_project.dir/C_/bin/Pico_SDK_v1.5.0/pico-sdk/src/rp2_common/pico_malloc/pico_malloc.c.obj (malloc)
c:/bin/pico_sdk_v1.5.0/gcc-arm-none-eabi/bin/../lib/gcc/arm-none-eabi/10.3.1/../../../../arm-none-eabi/lib/thumb/v6-m/nofp\libg.a(lib_a-mallocr.o)
                              c:/bin/pico_sdk_v1.5.0/gcc-arm-none-eabi/bin/../lib/gcc/arm-none-eabi/10.3.1/../../../../arm-none-eabi/lib/thumb/v6-m/nofp\libg.a(lib_a-callocr.o) (_malloc_r)
c:/bin/pico_sdk_v1.5.0/gcc-arm-none-eabi/bin/../lib/gcc/arm-none-eabi/10.3.1/../../../../arm-none-eabi/lib/thumb/v6-m/nofp\libg.a(lib_a-mlock.o)
                              c:/bin/pico_sdk_v1.5.0/gcc-arm-none-eabi/bin/../lib/gcc/arm-none-eabi/10.3.1/../../../../arm-none-eabi/lib/thumb/v6-m/nofp\libg.a(lib_a-mallocr.o) (__malloc_lock)
c:/bin/pico_sdk_v1.5.0/gcc-arm-none-eabi/bin/../lib/gcc/arm-none-eabi/10.3.1/../../../../arm-none-eabi/lib/thumb/v6-m/nofp\libg.a(lib_a-realloc.o)
                              CMakeFiles/c_project.dir/C_/bin/Pico_SDK_v1.5.0/pico-sdk/src/rp2_common/pico_malloc/pico_malloc.c.obj (realloc)
c:/bin/pico_sdk_v1.5.0/gcc-arm-none-eabi/bin/../lib/gcc/arm-none-eabi/10.3.1/../../../../arm-none-eabi/lib/thumb/v6-m/nofp\libg.a(lib_a-reallocr.o)
                              c:/bin/pico_sdk_v1.5.0/gcc-arm-none-eabi/bin/../lib/gcc/arm-none-eabi/10.3.1/../../../../arm-none-eabi/lib/thumb/v6-m/nofp\libg.a(lib_a-realloc.o) (_realloc_r)
c:/bin/pico_sdk_v1.5.0/gcc-arm-none-eabi/bin/../lib/gcc/arm-none-eabi/10.3.1/../../../../arm-none-eabi/lib/thumb/v6-m/nofp\libg.a(lib_a-sbrkr.o)
                              c:/bin/pico_sdk_v1.5.0/gcc-arm-none-eabi/bin/../lib/gcc/arm-none-eabi/10.3.1/../../../../arm-none-eabi/lib/thumb/v6-m/nofp\libg.a(lib_a-mallocr.o) (_sbrk_r)
c:/bin/pico_sdk_v1.5.0/gcc-arm-none-eabi/bin/../lib/gcc/arm-none-eabi/10.3.1/../../../../arm-none-eabi/lib/thumb/v6-m/nofp\libg.a(lib_a-strlen-stub.o)
                              CMakeFiles/c_project.dir/C_/bin/Pico_SDK_v1.5.0/pico-sdk/src/rp2_common/pico_stdio/stdio.c.obj (strlen)
c:/bin/pico_sdk_v1.5.0/gcc-arm-none-eabi/bin/../lib/gcc/arm-none-eabi/10.3.1/../../../../arm-none-eabi/lib/thumb/v6-m/nofp\libg.a(lib_a-freer.o)
                              c:/bin/pico_sdk_v1.5.0/gcc-arm-none-eabi/bin/../lib/gcc/arm-none-eabi/10.3.1/../../../../arm-none-eabi/lib/thumb/v6-m/nofp\libg.a(lib_a-malloc.o) (_free_r)
c:/bin/pico_sdk_v1.5.0/gcc-arm-none-eabi/bin/../lib/gcc/arm-none-eabi/10.3.1/../../../../arm-none-eabi/lib/thumb/v6-m/nofp\libg.a(lib_a-lock.o)
                              c:/bin/pico_sdk_v1.5.0/gcc-arm-none-eabi/bin/../lib/gcc/arm-none-eabi/10.3.1/../../../../arm-none-eabi/lib/thumb/v6-m/nofp\libg.a(lib_a-mlock.o) (__retarget_lock_acquire_recursive)
c:/bin/pico_sdk_v1.5.0/gcc-arm-none-eabi/bin/../lib/gcc/arm-none-eabi/10.3.1/../../../../arm-none-eabi/lib/thumb/v6-m/nofp\libg.a(lib_a-memmove.o)
[...]
Memory Configuration

Name             Origin             Length             Attributes
FLASH            0x10000000         0x00200000         xr
RAM              0x20000000         0x00040000         xrw
SCRATCH_X        0x20040000         0x00001000         xrw
SCRATCH_Y        0x20041000         0x00001000         xrw
*default*        0x00000000         0xffffffff

Linker script and memory map

LOAD c:/bin/pico_sdk_v1.5.0/gcc-arm-none-eabi/bin/../lib/gcc/arm-none-eabi/10.3.1/thumb/v6-m/nofp/crti.o
LOAD c:/bin/pico_sdk_v1.5.0/gcc-arm-none-eabi/bin/../lib/gcc/arm-none-eabi/10.3.1/thumb/v6-m/nofp/crtbegin.o
LOAD c:/bin/pico_sdk_v1.5.0/gcc-arm-none-eabi/bin/../lib/gcc/arm-none-eabi/10.3.1/../../../../arm-none-eabi/lib/thumb/v6-m/nofp/crt0.o

.flash_begin    0x10000000        0x0
                0x10000000                __flash_binary_start = .

.boot2          0x10000000      0x100
                0x10000000                __boot2_start__ = .
 *(.boot2)
 .boot2         0x10000000      0x100 C:\Users\uglyz\AppData\Local\Temp\ccguGLzc.o
                0x10000100                __boot2_end__ = .
                0x00000001                ASSERT (((__boot2_end__ - __boot2_start__) == 0x100), ERROR: Pico second stage bootloader must be 256 bytes in size)

.text           0x10000100     0x4908
                0x10000100                __logical_binary_start = .
 *(.vectors)
 .vectors       0x10000100       0xd4 CMakeFiles/c_project.dir/C_/bin/Pico_SDK_v1.5.0/pico-sdk/src/rp2_common/pico_standard_link/crt0.S.obj
                0x10000100                __VECTOR_TABLE
                0x10000100                __vectors
                0x100001c0                isr_invalid
                0x100001c0                __default_isrs_start
                0x100001c2                isr_nmi
                0x100001c4                isr_hardfault
                0x100001c6                isr_svcall
                0x100001c8                isr_pendsv
                0x100001ca                isr_systick
                0x100001cc                isr_irq23
                0x100001cc                isr_irq18
                0x100001cc                isr_irq11
                0x100001cc                isr_irq28
                0x100001cc                isr_irq19
                0x100001cc                isr_irq0
                0x100001cc                isr_irq6
                0x100001cc                isr_irq5
                0x100001cc                isr_irq12
                0x100001cc                isr_irq22
                0x100001cc                isr_irq31
                0x100001cc                isr_irq17
                0x100001cc                isr_irq27
                0x100001cc                isr_irq30
                0x100001cc                isr_irq2
                0x100001cc                isr_irq10
                0x100001cc                isr_irq8
                0x100001cc                isr_irq24
                0x100001cc                isr_irq1
                0x100001cc                isr_irq7
                0x100001cc                isr_irq21
                0x100001cc                isr_irq20
                0x100001cc                isr_irq15
                0x100001cc                isr_irq25
                0x100001cc                isr_irq13
                0x100001cc                __unhandled_user_irq
                0x100001cc                isr_irq4
                0x100001cc                isr_irq16
                0x100001cc                isr_irq29
                0x100001cc                isr_irq26
                0x100001cc                __default_isrs_end
                0x100001cc                isr_irq3
                0x100001cc                isr_irq14
                0x100001cc                isr_irq9
                0x100001d2                unhandled_user_irq_num_in_r0
 *(.binary_info_header)
 .binary_info_header
                0x100001d4       0x14 CMakeFiles/c_project.dir/C_/bin/Pico_SDK_v1.5.0/pico-sdk/src/rp2_common/pico_standard_link/crt0.S.obj
                0x100001e8                __binary_info_header_end = .
 *(.reset)
 .reset         0x100001e8       0xa0 CMakeFiles/c_project.dir/C_/bin/Pico_SDK_v1.5.0/pico-sdk/src/rp2_common/pico_standard_link/crt0.S.obj
                0x100001e8                _entry_point
 .reset         0x10000288       0x30 CMakeFiles/c_project.dir/C_/bin/Pico_SDK_v1.5.0/pico-sdk/src/rp2_common/pico_standard_link/binary_info.c.obj
 *(.init)
 .init          0x100002b8        0x4 c:/bin/pico_sdk_v1.5.0/gcc-arm-none-eabi/bin/../lib/gcc/arm-none-eabi/10.3.1/thumb/v6-m/nofp/crti.o
                0x100002b8                _init
 *(EXCLUDE_FILE(*libm.a: *libc.a:*lib_a-mem*.o *libgcc.a:) .text*)
 .text          0x100002bc       0x48 c:/bin/pico_sdk_v1.5.0/gcc-arm-none-eabi/bin/../lib/gcc/arm-none-eabi/10.3.1/thumb/v6-m/nofp/crtbegin.o
 .text.get_absolute_time
                0x10000304       0x2c CMakeFiles/c_project.dir/main.c.obj
 .text.generic_irq_callback
                0x10000330       0x8c CMakeFiles/c_project.dir/main.c.obj
                0x10000330                generic_irq_callback
 .text.putting_motor_coil
                0x100003bc       0x80 CMakeFiles/c_project.dir/main.c.obj
                0x100003bc                putting_motor_coil
 .text.for_use_motor
                0x1000043c       0x54 CMakeFiles/c_project.dir/main.c.obj
                0x1000043c                for_use_motor
 .text.check_button_pressed
                0x10000490       0x2e CMakeFiles/c_project.dir/main.c.obj
                0x10000490                check_button_pressed
 *fill*         0x100004be        0x2 
 .text.pin_initialization
                0x100004c0       0xb0 CMakeFiles/c_project.dir/main.c.obj
                0x100004c0                pin_initialization
 .text.blink_led
                0x10000570       0x28 CMakeFiles/c_project.dir/main.c.obj
                0x10000570                blink_led
 .text.motor_calibration
                0x10000598      0x178 CMakeFiles/c_project.dir/main.c.obj
                0x10000598                motor_calibration
 .text.dispense_pills
                0x10000710       0xb4 CMakeFiles/c_project.dir/main.c.obj
                0x10000710                dispense_pills
 .text.main     0x100007c4      0x178 CMakeFiles/c_project.dir/main.c.obj
                0x100007c4                main
 .text.gpio_set_function
                0x1000093c       0x30 CMakeFiles/c_project.dir/C_/bin/Pico_SDK_v1.5.0/pico-sdk/src/rp2_common/hardware_gpio/gpio.c.obj
                0x1000093c                gpio_set_function
 .text.gpio_set_pulls
                0x1000096c       0x34 CMakeFiles/c_project.dir/C_/bin/Pico_SDK_v1.5.0/pico-sdk/src/rp2_common/hardware_gpio/gpio.c.obj
                0x1000096c                gpio_set_pulls
 .text.gpio_set_irq_callback
                0x100009a0       0x48 CMakeFiles/c_project.dir/C_/bin/Pico_SDK_v1.5.0/pico-sdk/src/rp2_common/hardware_gpio/gpio.c.obj
                0x100009a0                gpio_set_irq_callback
 .text.gpio_acknowledge_irq
                0x100009e8       0x18 CMakeFiles/c_project.dir/C_/bin/Pico_SDK_v1.5.0/pico-sdk/src/rp2_common/hardware_gpio/gpio.c.obj
                0x100009e8                gpio_acknowledge_irq
 .text._gpio_set_irq_enabled
                0x10000a00       0x34 CMakeFiles/c_project.dir/C_/bin/Pico_SDK_v1.5.0/pico-sdk/src/rp2_common/hardware_gpio/gpio.c.obj
 .text.gpio_set_irq_enabled
                0x10000a34       0x20 CMakeFiles/c_project.dir/C_/bin/Pico_SDK_v1.5.0/pico-sdk/src/rp2_common/hardware_gpio/gpio.c.obj
                0x10000a34                gpio_set_irq_enabled
 .text.gpio_set_irq_enabled_with_callback
                0x10000a54       0x20 CMakeFiles/c_project.dir/C_/bin/Pico_SDK_v1.5.0/pico-sdk/src/rp2_common/hardware_gpio/gpio.c.obj
                0x10000a54                gpio_set_irq_enabled_with_callback
 .text.gpio_default_irq_handler
                0x10000a74       0x98 CMakeFiles/c_project.dir/C_/bin/Pico_SDK_v1.5.0/pico-sdk/src/rp2_common/hardware_gpio/gpio.c.obj
 .text.gpio_init
                0x10000b0c       0x16 CMakeFiles/c_project.dir/C_/bin/Pico_SDK_v1.5.0/pico-sdk/src/rp2_common/hardware_gpio/gpio.c.obj
                0x10000b0c                gpio_init
 *fill*         0x10000b22        0x2 
 .text.running_on_fpga
                0x10000b24       0x14 CMakeFiles/c_project.dir/C_/bin/Pico_SDK_v1.5.0/pico-sdk/src/rp2_common/pico_platform/platform.c.obj
                0x10000b24                running_on_fpga
 .text.hw_claim_lock
                0x10000b38       0x18 CMakeFiles/c_project.dir/C_/bin/Pico_SDK_v1.5.0/pico-sdk/src/rp2_common/hardware_claim/claim.c.obj
                0x10000b38                hw_claim_lock
 .text.hw_claim_unlock
                0x10000b50       0x14 CMakeFiles/c_project.dir/C_/bin/Pico_SDK_v1.5.0/pico-sdk/src/rp2_common/hardware_claim/claim.c.obj
                0x10000b50                hw_claim_unlock
 .text.hw_claim_or_assert
                0x10000b64       0x32 CMakeFiles/c_project.dir/C_/bin/Pico_SDK_v1.5.0/pico-sdk/src/rp2_common/hardware_claim/claim.c.obj
                0x10000b64                hw_claim_or_assert
 *fill*         0x10000b96        0x2 
 .text.spin_locks_reset
                0x10000b98       0x20 CMakeFiles/c_project.dir/C_/bin/Pico_SDK_v1.5.0/pico-sdk/src/rp2_common/hardware_sync/sync.c.obj
                0x10000b98                spin_locks_reset
 .text.next_striped_spin_lock_num
                0x10000bb8       0x1c CMakeFiles/c_project.dir/C_/bin/Pico_SDK_v1.5.0/pico-sdk/src/rp2_common/hardware_sync/sync.c.obj
                0x10000bb8                next_striped_spin_lock_num
 .text.set_raw_irq_handler_and_unlock
                0x10000bd4       0x28 CMakeFiles/c_project.dir/C_/bin/Pico_SDK_v1.5.0/pico-sdk/src/rp2_common/hardware_irq/irq.c.obj
 .text.make_branch
                0x10000bfc       0x48 CMakeFiles/c_project.dir/C_/bin/Pico_SDK_v1.5.0/pico-sdk/src/rp2_common/hardware_irq/irq.c.obj
 .text.insert_branch_and_link
                0x10000c44       0x40 CMakeFiles/c_project.dir/C_/bin/Pico_SDK_v1.5.0/pico-sdk/src/rp2_common/hardware_irq/irq.c.obj
 .text.irq_is_enabled
                0x10000c84       0x18 CMakeFiles/c_project.dir/C_/bin/Pico_SDK_v1.5.0/pico-sdk/src/rp2_common/hardware_irq/irq.c.obj
                0x10000c84                irq_is_enabled
 .text.irq_set_mask_enabled
                0x10000c9c       0x20 CMakeFiles/c_project.dir/C_/bin/Pico_SDK_v1.5.0/pico-sdk/src/rp2_common/hardware_irq/irq.c.obj
                0x10000c9c                irq_set_mask_enabled
 .text.irq_set_enabled
                0x10000cbc        0xe CMakeFiles/c_project.dir/C_/bin/Pico_SDK_v1.5.0/pico-sdk/src/rp2_common/hardware_irq/irq.c.obj
                0x10000cbc                irq_set_enabled
 *fill*         0x10000cca        0x2 
 .text.irq_get_vtable_handler
                0x10000ccc       0x10 CMakeFiles/c_project.dir/C_/bin/Pico_SDK_v1.5.0/pico-sdk/src/rp2_common/hardware_irq/irq.c.obj
                0x10000ccc                irq_get_vtable_handler
 .text.irq_set_exclusive_handler
                0x10000cdc       0x54 CMakeFiles/c_project.dir/C_/bin/Pico_SDK_v1.5.0/pico-sdk/src/rp2_common/hardware_irq/irq.c.obj
                0x10000cdc                irq_set_exclusive_handler
 .text.irq_add_shared_handler
                0x10000d30      0x234 CMakeFiles/c_project.dir/C_/bin/Pico_SDK_v1.5.0/pico-sdk/src/rp2_common/hardware_irq/irq.c.obj
                0x10000d30                irq_add_shared_handler
 .text.irq_remove_handler
                0x10000f64      0x1ac CMakeFiles/c_project.dir/C_/bin/Pico_SDK_v1.5.0/pico-sdk/src/rp2_common/hardware_irq/irq.c.obj
                0x10000f64                irq_remove_handler
 .text.irq_add_tail_to_free_list
                0x10001110       0xf0 CMakeFiles/c_project.dir/C_/bin/Pico_SDK_v1.5.0/pico-sdk/src/rp2_common/hardware_irq/irq.c.obj
                0x10001110                irq_add_tail_to_free_list
 .text.irq_init_priorities
                0x10001200       0x1c CMakeFiles/c_project.dir/C_/bin/Pico_SDK_v1.5.0/pico-sdk/src/rp2_common/hardware_irq/irq.c.obj
                0x10001200                irq_init_priorities
 .text.lock_init
                0x1000121c       0x10 CMakeFiles/c_project.dir/C_/bin/Pico_SDK_v1.5.0/pico-sdk/src/common/pico_sync/lock_core.c.obj
                0x1000121c                lock_init
 .text.mutex_init
                0x1000122c       0x1a CMakeFiles/c_project.dir/C_/bin/Pico_SDK_v1.5.0/pico-sdk/src/common/pico_sync/mutex.c.obj
                0x1000122c                mutex_init
 .text.recursive_mutex_init
                0x10001246       0x1e CMakeFiles/c_project.dir/C_/bin/Pico_SDK_v1.5.0/pico-sdk/src/common/pico_sync/mutex.c.obj
                0x10001246                recursive_mutex_init
 .text.alarm_pool_post_alloc_init
                0x10001264       0x40 CMakeFiles/c_project.dir/C_/bin/Pico_SDK_v1.5.0/pico-sdk/src/common/pico_time/time.c.obj
 .text.sleep_until_callback
                0x100012a4       0x30 CMakeFiles/c_project.dir/C_/bin/Pico_SDK_v1.5.0/pico-sdk/src/common/pico_time/time.c.obj
 .text.timer_pool_entry_comparator
                0x100012d4       0x7c CMakeFiles/c_project.dir/C_/bin/Pico_SDK_v1.5.0/pico-sdk/src/common/pico_time/time.c.obj
                0x100012d4                timer_pool_entry_comparator
 .text.ph_add_child_node
                0x10001350       0xa4 CMakeFiles/c_project.dir/C_/bin/Pico_SDK_v1.5.0/pico-sdk/src/common/pico_time/time.c.obj
 .text.ph_merge_nodes
                0x100013f4       0x3e CMakeFiles/c_project.dir/C_/bin/Pico_SDK_v1.5.0/pico-sdk/src/common/pico_time/time.c.obj
 *fill*         0x10001432        0x2 
 .text.add_alarm_under_lock
                0x10001434      0x174 CMakeFiles/c_project.dir/C_/bin/Pico_SDK_v1.5.0/pico-sdk/src/common/pico_time/time.c.obj
 .text.alarm_pool_alarm_callback
                0x100015a8      0x33c CMakeFiles/c_project.dir/C_/bin/Pico_SDK_v1.5.0/pico-sdk/src/common/pico_time/time.c.obj
 .text.alarm_pool_init_default
                0x100018e4       0x40 CMakeFiles/c_project.dir/C_/bin/Pico_SDK_v1.5.0/pico-sdk/src/common/pico_time/time.c.obj
                0x100018e4                alarm_pool_init_default
 .text.alarm_pool_get_default
                0x10001924       0x2c CMakeFiles/c_project.dir/C_/bin/Pico_SDK_v1.5.0/pico-sdk/src/common/pico_time/time.c.obj
                0x10001924                alarm_pool_get_default
 .text.alarm_pool_add_alarm_at
                0x10001950      0x168 CMakeFiles/c_project.dir/C_/bin/Pico_SDK_v1.5.0/pico-sdk/src/common/pico_time/time.c.obj
                0x10001950                alarm_pool_add_alarm_at
 .text.alarm_pool_cancel_alarm
                0x10001ab8       0xf0 CMakeFiles/c_project.dir/C_/bin/Pico_SDK_v1.5.0/pico-sdk/src/common/pico_time/time.c.obj
                0x10001ab8                alarm_pool_cancel_alarm
 .text.sleep_until
                0x10001ba8       0xfc CMakeFiles/c_project.dir/C_/bin/Pico_SDK_v1.5.0/pico-sdk/src/common/pico_time/time.c.obj
                0x10001ba8                sleep_until
 .text.sleep_us
                0x10001ca4       0x58 CMakeFiles/c_project.dir/C_/bin/Pico_SDK_v1.5.0/pico-sdk/src/common/pico_time/time.c.obj
                0x10001ca4                sleep_us
 .text.sleep_ms
                0x10001cfc       0x14 CMakeFiles/c_project.dir/C_/bin/Pico_SDK_v1.5.0/pico-sdk/src/common/pico_time/time.c.obj
                0x10001cfc                sleep_ms
 .text.best_effort_wfe_or_timeout
                0x10001d10       0xac CMakeFiles/c_project.dir/C_/bin/Pico_SDK_v1.5.0/pico-sdk/src/common/pico_time/time.c.obj
                0x10001d10                best_effort_wfe_or_timeout
 .text.hardware_alarm_irq_handler
                0x10001dbc       0x90 CMakeFiles/c_project.dir/C_/bin/Pico_SDK_v1.5.0/pico-sdk/src/rp2_common/hardware_timer/timer.c.obj
 .text.hardware_alarm_claim
                0x10001e4c       0x18 CMakeFiles/c_project.dir/C_/bin/Pico_SDK_v1.5.0/pico-sdk/src/rp2_common/hardware_timer/timer.c.obj
                0x10001e4c                hardware_alarm_claim
 .text.time_us_64
                0x10001e64       0x18 CMakeFiles/c_project.dir/C_/bin/Pico_SDK_v1.5.0/pico-sdk/src/rp2_common/hardware_timer/timer.c.obj
                0x10001e64                time_us_64
 .text.busy_wait_until
                0x10001e7c       0x28 CMakeFiles/c_project.dir/C_/bin/Pico_SDK_v1.5.0/pico-sdk/src/rp2_common/hardware_timer/timer.c.obj
                0x10001e7c                busy_wait_until
 .text.hardware_alarm_set_callback
                0x10001ea4       0x90 CMakeFiles/c_project.dir/C_/bin/Pico_SDK_v1.5.0/pico-sdk/src/rp2_common/hardware_timer/timer.c.obj
                0x10001ea4                hardware_alarm_set_callback
 .text.hardware_alarm_set_target
                0x10001f34       0xe8 CMakeFiles/c_project.dir/C_/bin/Pico_SDK_v1.5.0/pico-sdk/src/rp2_common/hardware_timer/timer.c.obj
                0x10001f34                hardware_alarm_set_target
 .text.hardware_alarm_cancel
                0x1000201c       0x40 CMakeFiles/c_project.dir/C_/bin/Pico_SDK_v1.5.0/pico-sdk/src/rp2_common/hardware_timer/timer.c.obj
                0x1000201c                hardware_alarm_cancel
 .text.ph_add_child_node
                0x1000205c       0xa4 CMakeFiles/c_project.dir/C_/bin/Pico_SDK_v1.5.0/pico-sdk/src/common/pico_util/pheap.c.obj
 .text.ph_merge_nodes
                0x10002100       0x3e CMakeFiles/c_project.dir/C_/bin/Pico_SDK_v1.5.0/pico-sdk/src/common/pico_util/pheap.c.obj
 *fill*         0x1000213e        0x2 
 .text.ph_clear
                0x10002140       0x70 CMakeFiles/c_project.dir/C_/bin/Pico_SDK_v1.5.0/pico-sdk/src/common/pico_util/pheap.c.obj
                0x10002140                ph_clear
 .text.ph_post_alloc_init
                0x100021b0        0xe CMakeFiles/c_project.dir/C_/bin/Pico_SDK_v1.5.0/pico-sdk/src/common/pico_util/pheap.c.obj
                0x100021b0                ph_post_alloc_init
 *fill*         0x100021be        0x2 
 .text.ph_merge_two_pass
                0x100021c0       0xa8 CMakeFiles/c_project.dir/C_/bin/Pico_SDK_v1.5.0/pico-sdk/src/common/pico_util/pheap.c.obj
                0x100021c0                ph_merge_two_pass
 .text.ph_remove_any_head
                0x10002268      0x128 CMakeFiles/c_project.dir/C_/bin/Pico_SDK_v1.5.0/pico-sdk/src/common/pico_util/pheap.c.obj
 .text.ph_remove_head
                0x10002390       0x14 CMakeFiles/c_project.dir/C_/bin/Pico_SDK_v1.5.0/pico-sdk/src/common/pico_util/pheap.c.obj
                0x10002390                ph_remove_head
 .text.ph_remove_and_free_node
                0x100023a4       0xf8 CMakeFiles/c_project.dir/C_/bin/Pico_SDK_v1.5.0/pico-sdk/src/common/pico_util/pheap.c.obj
                0x100023a4                ph_remove_and_free_node
 .text.uart_set_baudrate
                0x1000249c       0x5c CMakeFiles/c_project.dir/C_/bin/Pico_SDK_v1.5.0/pico-sdk/src/rp2_common/hardware_uart/uart.c.obj
                0x1000249c                uart_set_baudrate
 .text.uart_set_translate_crlf
                0x100024f8       0x28 CMakeFiles/c_project.dir/C_/bin/Pico_SDK_v1.5.0/pico-sdk/src/rp2_common/hardware_uart/uart.c.obj
                0x100024f8                uart_set_translate_crlf
 .text.uart_init
                0x10002520       0x80 CMakeFiles/c_project.dir/C_/bin/Pico_SDK_v1.5.0/pico-sdk/src/rp2_common/hardware_uart/uart.c.obj
                0x10002520                uart_init
 .text.clock_configure
                0x100025a0      0x104 CMakeFiles/c_project.dir/C_/bin/Pico_SDK_v1.5.0/pico-sdk/src/rp2_common/hardware_clocks/clocks.c.obj
                0x100025a0                clock_configure
 .text.clocks_init
                0x100026a4      0x100 CMakeFiles/c_project.dir/C_/bin/Pico_SDK_v1.5.0/pico-sdk/src/rp2_common/hardware_clocks/clocks.c.obj
                0x100026a4                clocks_init
 .text.clock_get_hz
                0x100027a4        0xc CMakeFiles/c_project.dir/C_/bin/Pico_SDK_v1.5.0/pico-sdk/src/rp2_common/hardware_clocks/clocks.c.obj
                0x100027a4                clock_get_hz
 .text.pll_init
                0x100027b0      0x12c CMakeFiles/c_project.dir/C_/bin/Pico_SDK_v1.5.0/pico-sdk/src/rp2_common/hardware_pll/pll.c.obj
                0x100027b0                pll_init
 .text.watchdog_start_tick
                0x100028dc       0x10 CMakeFiles/c_project.dir/C_/bin/Pico_SDK_v1.5.0/pico-sdk/src/rp2_common/hardware_watchdog/watchdog.c.obj
                0x100028dc                watchdog_start_tick
 .text.xosc_init
                0x100028ec       0x28 CMakeFiles/c_project.dir/C_/bin/Pico_SDK_v1.5.0/pico-sdk/src/rp2_common/hardware_xosc/xosc.c.obj
                0x100028ec                xosc_init
 .text._exit    0x10002914        0x4 CMakeFiles/c_project.dir/C_/bin/Pico_SDK_v1.5.0/pico-sdk/src/rp2_common/pico_runtime/runtime.c.obj
                0x10002914                _exit
 .text.exit     0x10002918        0x6 CMakeFiles/c_project.dir/C_/bin/Pico_SDK_v1.5.0/pico-sdk/src/rp2_common/pico_runtime/runtime.c.obj
                0x10002918                exit
 *fill*         0x1000291e        0x2 
 .text.__assert_func
                0x10002920       0x3c CMakeFiles/c_project.dir/C_/bin/Pico_SDK_v1.5.0/pico-sdk/src/rp2_common/pico_runtime/runtime.c.obj
                0x10002920                __assert_func
 .text.runtime_init
                0x1000295c       0xf8 CMakeFiles/c_project.dir/C_/bin/Pico_SDK_v1.5.0/pico-sdk/src/rp2_common/pico_runtime/runtime.c.obj
                0x1000295c                runtime_init
 .text.panic    0x10002a54       0x30 CMakeFiles/c_project.dir/C_/bin/Pico_SDK_v1.5.0/pico-sdk/src/rp2_common/pico_runtime/runtime.c.obj
                0x10002a54                panic
 .text._out_null
                0x10002a84        0x2 CMakeFiles/c_project.dir/C_/bin/Pico_SDK_v1.5.0/pico-sdk/src/rp2_common/pico_printf/printf.c.obj
 .text._out_fct
                0x10002a86        0xe CMakeFiles/c_project.dir/C_/bin/Pico_SDK_v1.5.0/pico-sdk/src/rp2_common/pico_printf/printf.c.obj
 .text._atoi    0x10002a94       0x24 CMakeFiles/c_project.dir/C_/bin/Pico_SDK_v1.5.0/pico-sdk/src/rp2_common/pico_printf/printf.c.obj
 .text._out_rev
                0x10002ab8       0xae CMakeFiles/c_project.dir/C_/bin/Pico_SDK_v1.5.0/pico-sdk/src/rp2_common/pico_printf/printf.c.obj
 .text._ntoa_format
                0x10002b66      0x112 CMakeFiles/c_project.dir/C_/bin/Pico_SDK_v1.5.0/pico-sdk/src/rp2_common/pico_printf/printf.c.obj
 .text._ntoa_long
                0x10002c78       0xbc CMakeFiles/c_project.dir/C_/bin/Pico_SDK_v1.5.0/pico-sdk/src/rp2_common/pico_printf/printf.c.obj
 .text._ntoa_long_long
                0x10002d34       0xe2 CMakeFiles/c_project.dir/C_/bin/Pico_SDK_v1.5.0/pico-sdk/src/rp2_common/pico_printf/printf.c.obj
 *fill*         0x10002e16        0x2 
 .text._etoa    0x10002e18      0x414 CMakeFiles/c_project.dir/C_/bin/Pico_SDK_v1.5.0/pico-sdk/src/rp2_common/pico_printf/printf.c.obj
 .text._ftoa    0x1000322c      0x354 CMakeFiles/c_project.dir/C_/bin/Pico_SDK_v1.5.0/pico-sdk/src/rp2_common/pico_printf/printf.c.obj
 .text._vsnprintf
                0x10003580      0x624 CMakeFiles/c_project.dir/C_/bin/Pico_SDK_v1.5.0/pico-sdk/src/rp2_common/pico_printf/printf.c.obj
 .text.vfctprintf
                0x10003ba4       0x20 CMakeFiles/c_project.dir/C_/bin/Pico_SDK_v1.5.0/pico-sdk/src/rp2_common/pico_printf/printf.c.obj
                0x10003ba4                vfctprintf
 .text          0x10003bc4       0x10 CMakeFiles/c_project.dir/C_/bin/Pico_SDK_v1.5.0/pico-sdk/src/rp2_common/pico_bit_ops/bit_ops_aeabi.S.obj
 .text.rom_func_lookup
                0x10003bd4       0x10 CMakeFiles/c_project.dir/C_/bin/Pico_SDK_v1.5.0/pico-sdk/src/rp2_common/pico_bootrom/bootrom.c.obj
                0x10003bd4                rom_func_lookup
 .text.rom_data_lookup
                0x10003be4       0x10 CMakeFiles/c_project.dir/C_/bin/Pico_SDK_v1.5.0/pico-sdk/src/rp2_common/pico_bootrom/bootrom.c.obj
                0x10003be4                rom_data_lookup
 .text.rom_funcs_lookup
                0x10003bf4       0x36 CMakeFiles/c_project.dir/C_/bin/Pico_SDK_v1.5.0/pico-sdk/src/rp2_common/pico_bootrom/bootrom.c.obj
                0x10003bf4                rom_funcs_lookup
 *fill*         0x10003c2a        0x2 
 .text.__wrap___aeabi_idiv
                0x10003c2c       0x50 CMakeFiles/c_project.dir/C_/bin/Pico_SDK_v1.5.0/pico-sdk/src/rp2_common/pico_divider/divider.S.obj
                0x10003c2c                __wrap___aeabi_idivmod
                0x10003c2c                divmod_s32s32
                0x10003c2c                div_s32s32
                0x10003c2c                __wrap___aeabi_idiv
                0x10003c34                divmod_s32s32_unsafe
                0x10003c60                divmod_s32s32_savestate
 .text.__wrap___aeabi_uidiv
                0x10003c7c       0x4c CMakeFiles/c_project.dir/C_/bin/Pico_SDK_v1.5.0/pico-sdk/src/rp2_common/pico_divider/divider.S.obj
                0x10003c7c                __wrap___aeabi_uidiv
                0x10003c7c                __wrap___aeabi_uidivmod
                0x10003c7c                div_u32u32
                0x10003c7c                divmod_u32u32
                0x10003c84                divmod_u32u32_unsafe
                0x10003cac                divmod_u32u32_savestate
 .text.__wrap___aeabi_ldiv
                0x10003cc8      0x424 CMakeFiles/c_project.dir/C_/bin/Pico_SDK_v1.5.0/pico-sdk/src/rp2_common/pico_divider/divider.S.obj
                0x10003cc8                div_s64s64
                0x10003cc8                divmod_s64s64
                0x10003cc8                __wrap___aeabi_ldivmod
                0x10003cf8                divmod_u64u64
                0x10003cf8                div_u64u64
                0x10003cf8                __wrap___aeabi_uldivmod
                0x10003d08                divmod_u64u64_savestate
                0x10003d28                divmod_s64s64_unsafe
                0x10003db0                divmod_u64u64_unsafe
 .text.__wrap___aeabi_darithmetic
                0x100040ec       0x60 CMakeFiles/c_project.dir/C_/bin/Pico_SDK_v1.5.0/pico-sdk/src/rp2_common/pico_double/double_aeabi.S.obj
                0x100040ec                __wrap___aeabi_drsub
                0x100040f2                __wrap___aeabi_dsub
                0x100040fc                __wrap___aeabi_dadd
                0x10004106                __wrap___aeabi_ddiv
                0x1000413a                __wrap___aeabi_dmul
 .text.__wrap___aeabi_cdcmple
                0x1000414c       0x6c CMakeFiles/c_project.dir/C_/bin/Pico_SDK_v1.5.0/pico-sdk/src/rp2_common/pico_double/double_aeabi.S.obj
                0x1000414c                __wrap___aeabi_cdrcmple
                0x1000415c                __wrap___aeabi_cdcmpeq
                0x1000415c                __wrap___aeabi_cdcmple
 .text.__wrap___aeabi_dcmplt
                0x100041b8        0xc CMakeFiles/c_project.dir/C_/bin/Pico_SDK_v1.5.0/pico-sdk/src/rp2_common/pico_double/double_aeabi.S.obj
                0x100041b8                __wrap___aeabi_dcmplt
 .text.__wrap___aeabi_dcmple
                0x100041c4       0x10 CMakeFiles/c_project.dir/C_/bin/Pico_SDK_v1.5.0/pico-sdk/src/rp2_common/pico_double/double_aeabi.S.obj
                0x100041c4                __wrap___aeabi_dcmple
 .text.__wrap___aeabi_dcmpge
                0x100041d4       0x10 CMakeFiles/c_project.dir/C_/bin/Pico_SDK_v1.5.0/pico-sdk/src/rp2_common/pico_double/double_aeabi.S.obj
                0x100041d4                __wrap___aeabi_dcmpge
 .text.__wrap___aeabi_dcmpgt
                0x100041e4        0xa CMakeFiles/c_project.dir/C_/bin/Pico_SDK_v1.5.0/pico-sdk/src/rp2_common/pico_double/double_aeabi.S.obj
                0x100041e4                __wrap___aeabi_dcmpgt
 .text.__wrap___aeabi_dcmpun
                0x100041ee       0x1c CMakeFiles/c_project.dir/C_/bin/Pico_SDK_v1.5.0/pico-sdk/src/rp2_common/pico_double/double_aeabi.S.obj
                0x100041ee                __wrap___aeabi_dcmpun
 *fill*         0x1000420a        0x2 
 .text.__wrap___aeabi_i2d
                0x1000420c       0x38 CMakeFiles/c_project.dir/C_/bin/Pico_SDK_v1.5.0/pico-sdk/src/rp2_common/pico_double/double_aeabi.S.obj
                0x1000420c                __wrap___aeabi_ui2d
                0x10004214                __wrap___aeabi_i2d
 .text.__wrap___aeabi_d2iz
                0x10004244       0x48 CMakeFiles/c_project.dir/C_/bin/Pico_SDK_v1.5.0/pico-sdk/src/rp2_common/pico_double/double_aeabi.S.obj
                0x10004244                double2int_z
                0x10004244                __wrap___aeabi_d2iz
 .text.__wrap___aeabi_d2uiz
                0x1000428c       0x10 CMakeFiles/c_project.dir/C_/bin/Pico_SDK_v1.5.0/pico-sdk/src/rp2_common/pico_double/double_aeabi.S.obj
                0x1000428c                __wrap___aeabi_d2uiz
                0x1000428c                double2uint
 .text.missing_double_func_shim
                0x1000429c        0xc CMakeFiles/c_project.dir/C_/bin/Pico_SDK_v1.5.0/pico-sdk/src/rp2_common/pico_double/double_init_rom.c.obj
 .text.__aeabi_double_init
                0x100042a8       0xcc CMakeFiles/c_project.dir/C_/bin/Pico_SDK_v1.5.0/pico-sdk/src/rp2_common/pico_double/double_init_rom.c.obj
                0x100042a8                __aeabi_double_init
 .text.double_table_shim_on_use_helper
                0x10004374       0x34 CMakeFiles/c_project.dir/C_/bin/Pico_SDK_v1.5.0/pico-sdk/src/rp2_common/pico_double/double_v1_rom_shim.S.obj
                0x10004374                double_table_shim_on_use_helper
 .text.__aeabi_lmul
                0x100043a8       0x32 CMakeFiles/c_project.dir/C_/bin/Pico_SDK_v1.5.0/pico-sdk/src/rp2_common/pico_int64_ops/pico_int64_ops_aeabi.S.obj
                0x100043a8                __wrap___aeabi_lmul
 *fill*         0x100043da        0x2 
 .text.missing_float_func_shim
                0x100043dc        0xc CMakeFiles/c_project.dir/C_/bin/Pico_SDK_v1.5.0/pico-sdk/src/rp2_common/pico_float/float_init_rom.c.obj
 .text.__aeabi_float_init
                0x100043e8       0x88 CMakeFiles/c_project.dir/C_/bin/Pico_SDK_v1.5.0/pico-sdk/src/rp2_common/pico_float/float_init_rom.c.obj
                0x100043e8                __aeabi_float_init
 .text          0x10004470       0x10 CMakeFiles/c_project.dir/C_/bin/Pico_SDK_v1.5.0/pico-sdk/src/rp2_common/pico_mem_ops/mem_ops_aeabi.S.obj
                0x10004470                __aeabi_mem_init
 .text.memcpy   0x10004480        0xc CMakeFiles/c_project.dir/C_/bin/Pico_SDK_v1.5.0/pico-sdk/src/rp2_common/pico_mem_ops/mem_ops_aeabi.S.obj
                0x10004480                __wrap_memcpy
                0x10004480                __wrap___aeabi_memcpy
 .text.stdio_out_chars_no_crlf
                0x1000448c        0xe CMakeFiles/c_project.dir/C_/bin/Pico_SDK_v1.5.0/pico-sdk/src/rp2_common/pico_stdio/stdio.c.obj
 *fill*         0x1000449a        0x2 
 .text.stdio_out_chars_crlf
                0x1000449c       0x80 CMakeFiles/c_project.dir/C_/bin/Pico_SDK_v1.5.0/pico-sdk/src/rp2_common/pico_stdio/stdio.c.obj
 .text.stdio_stack_buffer_flush
                0x1000451c       0x44 CMakeFiles/c_project.dir/C_/bin/Pico_SDK_v1.5.0/pico-sdk/src/rp2_common/pico_stdio/stdio.c.obj
 .text.stdio_buffered_printer
                0x10004560       0x20 CMakeFiles/c_project.dir/C_/bin/Pico_SDK_v1.5.0/pico-sdk/src/rp2_common/pico_stdio/stdio.c.obj
 .text.stdout_serialize_begin
                0x10004580       0x5c CMakeFiles/c_project.dir/C_/bin/Pico_SDK_v1.5.0/pico-sdk/src/rp2_common/pico_stdio/stdio.c.obj
                0x10004580                stdout_serialize_begin
 .text.stdout_serialize_end
                0x100045dc       0x10 CMakeFiles/c_project.dir/C_/bin/Pico_SDK_v1.5.0/pico-sdk/src/rp2_common/pico_stdio/stdio.c.obj
                0x100045dc                stdout_serialize_end
 .text.stdio_put_string
                0x100045ec       0x98 CMakeFiles/c_project.dir/C_/bin/Pico_SDK_v1.5.0/pico-sdk/src/rp2_common/pico_stdio/stdio.c.obj
 .text.stdio_set_driver_enabled
                0x10004684       0x2c CMakeFiles/c_project.dir/C_/bin/Pico_SDK_v1.5.0/pico-sdk/src/rp2_common/pico_stdio/stdio.c.obj
                0x10004684                stdio_set_driver_enabled
 .text.stdio_flush
                0x100046b0       0x20 CMakeFiles/c_project.dir/C_/bin/Pico_SDK_v1.5.0/pico-sdk/src/rp2_common/pico_stdio/stdio.c.obj
                0x100046b0                stdio_flush
 .text.__wrap_puts
                0x100046d0       0x1e CMakeFiles/c_project.dir/C_/bin/Pico_SDK_v1.5.0/pico-sdk/src/rp2_common/pico_stdio/stdio.c.obj
                0x100046d0                __wrap_puts
 *fill*         0x100046ee        0x2 
 .text.__wrap_vprintf
                0x100046f0       0x40 CMakeFiles/c_project.dir/C_/bin/Pico_SDK_v1.5.0/pico-sdk/src/rp2_common/pico_stdio/stdio.c.obj
                0x100046f0                __wrap_vprintf
 .text.__wrap_printf
                0x10004730       0x18 CMakeFiles/c_project.dir/C_/bin/Pico_SDK_v1.5.0/pico-sdk/src/rp2_common/pico_stdio/stdio.c.obj
                0x10004730                __wrap_printf
 .text.stdio_init_all
                0x10004748        0xa CMakeFiles/c_project.dir/C_/bin/Pico_SDK_v1.5.0/pico-sdk/src/rp2_common/pico_stdio/stdio.c.obj
                0x10004748                stdio_init_all
 *fill*         0x10004752        0x2 
 .text.stdio_uart_out_chars
                0x10004754       0x74 CMakeFiles/c_project.dir/C_/bin/Pico_SDK_v1.5.0/pico-sdk/src/rp2_common/pico_stdio_uart/stdio_uart.c.obj
 .text.stdio_uart_in_chars
                0x100047c8       0x80 CMakeFiles/c_project.dir/C_/bin/Pico_SDK_v1.5.0/pico-sdk/src/rp2_common/pico_stdio_uart/stdio_uart.c.obj
                0x100047c8                stdio_uart_in_chars
 .text.on_uart_rx
                0x10004848       0x28 CMakeFiles/c_project.dir/C_/bin/Pico_SDK_v1.5.0/pico-sdk/src/rp2_common/pico_stdio_uart/stdio_uart.c.obj
 .text.stdio_uart_set_chars_available_callback
                0x10004870       0x8c CMakeFiles/c_project.dir/C_/bin/Pico_SDK_v1.5.0/pico-sdk/src/rp2_common/pico_stdio_uart/stdio_uart.c.obj
 .text.stdio_uart_init_full
                0x100048fc       0x44 CMakeFiles/c_project.dir/C_/bin/Pico_SDK_v1.5.0/pico-sdk/src/rp2_common/pico_stdio_uart/stdio_uart.c.obj
                0x100048fc                stdio_uart_init_full
 .text.stdio_uart_init
                0x10004940       0x28 CMakeFiles/c_project.dir/C_/bin/Pico_SDK_v1.5.0/pico-sdk/src/rp2_common/pico_stdio_uart/stdio_uart.c.obj
                0x10004940                stdio_uart_init
 .text.strlen   0x10004968       0x5c c:/bin/pico_sdk_v1.5.0/gcc-arm-none-eabi/bin/../lib/gcc/arm-none-eabi/10.3.1/../../../../arm-none-eabi/lib/thumb/v6-m/nofp\libg.a(lib_a-strlen-stub.o)
                0x10004968                strlen
 *(.fini)
 .fini          0x100049c4        0x4 c:/bin/pico_sdk_v1.5.0/gcc-arm-none-eabi/bin/../lib/gcc/arm-none-eabi/10.3.1/thumb/v6-m/nofp/crti.o
                0x100049c4                _fini
 .fini.__stub   0x100049c8       0x40 linker stubs
 *crtbegin.o(.ctors)
 *crtbegin?.o(.ctors)
 *(EXCLUDE_FILE(*crtend.o *crtend?.o) .ctors)
 *(SORT_BY_NAME(.ctors.*))
 *(.ctors)
 *crtbegin.o(.dtors)
 *crtbegin?.o(.dtors)
 *(EXCLUDE_FILE(*crtend.o *crtend?.o) .dtors)
 *(SORT_BY_NAME(.dtors.*))
 *(.dtors)
 *(.eh_frame*)
 .eh_frame      0x10004a08        0x0 c:/bin/pico_sdk_v1.5.0/gcc-arm-none-eabi/bin/../lib/gcc/arm-none-eabi/10.3.1/thumb/v6-m/nofp/crtbegin.o
                0x10004a08                . = ALIGN (0x4)

.glue_7         0x10004a08        0x0
 .glue_7        0x10004a08        0x0 linker stubs

.glue_7t        0x10004a08        0x0
 .glue_7t       0x10004a08        0x0 linker stubs

.vfp11_veneer   0x10004a08        0x0
 .vfp11_veneer  0x10004a08        0x0 linker stubs

.v4_bx          0x10004a08        0x0
 .v4_bx         0x10004a08        0x0 linker stubs

.iplt           0x10004a08        0x0
 .iplt          0x10004a08        0x0 c:/bin/pico_sdk_v1.5.0/gcc-arm-none-eabi/bin/../lib/gcc/arm-none-eabi/10.3.1/thumb/v6-m/nofp/crtbegin.o

.rodata         0x10004a08     0x11e8
 *(EXCLUDE_FILE(*libm.a: *libc.a:*lib_a-mem*.o *libgcc.a:) .rodata*)
 .rodata.get_absolute_time.str1.4
                0x10004a08       0x66 CMakeFiles/c_project.dir/main.c.obj
 *fill*         0x10004a6e        0x2 
 .rodata.motor_calibration.str1.4
                0x10004a70       0xc5 CMakeFiles/c_project.dir/main.c.obj
 *fill*         0x10004b35        0x3 
 .rodata.dispense_pills.str1.4
                0x10004b38       0xd1 CMakeFiles/c_project.dir/main.c.obj
 *fill*         0x10004c09        0x3 
 .rodata.main.str1.4
                0x10004c0c       0x75 CMakeFiles/c_project.dir/main.c.obj
 *fill*         0x10004c81        0x3 
 .rodata.__func__.0
                0x10004c84       0x15 CMakeFiles/c_project.dir/main.c.obj
 *fill*         0x10004c99        0x3 
 .rodata.step_values
                0x10004c9c       0x20 CMakeFiles/c_project.dir/main.c.obj
                0x10004c9c                step_values
 .rodata.make_branch.str1.4
                0x10004cbc       0x72 CMakeFiles/c_project.dir/C_/bin/Pico_SDK_v1.5.0/pico-sdk/src/rp2_common/hardware_irq/irq.c.obj
 *fill*         0x10004d2e        0x2 
 .rodata.insert_branch_and_link.str1.4
                0x10004d30       0x10 CMakeFiles/c_project.dir/C_/bin/Pico_SDK_v1.5.0/pico-sdk/src/rp2_common/hardware_irq/irq.c.obj
 .rodata.irq_set_exclusive_handler.str1.4
                0x10004d40       0x36 CMakeFiles/c_project.dir/C_/bin/Pico_SDK_v1.5.0/pico-sdk/src/rp2_common/hardware_irq/irq.c.obj
 *fill*         0x10004d76        0x2 
 .rodata.irq_add_shared_handler.str1.4
                0x10004d78       0xd9 CMakeFiles/c_project.dir/C_/bin/Pico_SDK_v1.5.0/pico-sdk/src/rp2_common/hardware_irq/irq.c.obj
 *fill*         0x10004e51        0x3 
 .rodata.irq_remove_handler.str1.4
                0x10004e54       0x3a CMakeFiles/c_project.dir/C_/bin/Pico_SDK_v1.5.0/pico-sdk/src/rp2_common/hardware_irq/irq.c.obj
 *fill*         0x10004e8e        0x2 
 .rodata.irq_add_tail_to_free_list.str1.4
                0x10004e90       0x3a CMakeFiles/c_project.dir/C_/bin/Pico_SDK_v1.5.0/pico-sdk/src/rp2_common/hardware_irq/irq.c.obj
 *fill*         0x10004eca        0x2 
 .rodata.__func__.0
                0x10004ecc       0x1a CMakeFiles/c_project.dir/C_/bin/Pico_SDK_v1.5.0/pico-sdk/src/rp2_common/hardware_irq/irq.c.obj
 *fill*         0x10004ee6        0x2 
 .rodata.__func__.1
                0x10004ee8       0x17 CMakeFiles/c_project.dir/C_/bin/Pico_SDK_v1.5.0/pico-sdk/src/rp2_common/hardware_irq/irq.c.obj
 *fill*         0x10004eff        0x1 
 .rodata.__func__.2
                0x10004f00       0x13 CMakeFiles/c_project.dir/C_/bin/Pico_SDK_v1.5.0/pico-sdk/src/rp2_common/hardware_irq/irq.c.obj
 *fill*         0x10004f13        0x1 
 .rodata.__func__.3
                0x10004f14        0xc CMakeFiles/c_project.dir/C_/bin/Pico_SDK_v1.5.0/pico-sdk/src/rp2_common/hardware_irq/irq.c.obj
 .rodata.__func__.4
                0x10004f20        0xf CMakeFiles/c_project.dir/C_/bin/Pico_SDK_v1.5.0/pico-sdk/src/rp2_common/hardware_irq/irq.c.obj
 *fill*         0x10004f2f        0x1 
 .rodata.__func__.5
                0x10004f30       0x17 CMakeFiles/c_project.dir/C_/bin/Pico_SDK_v1.5.0/pico-sdk/src/rp2_common/hardware_irq/irq.c.obj
 *fill*         0x10004f47        0x1 
 .rodata.__func__.6
                0x10004f48       0x1a CMakeFiles/c_project.dir/C_/bin/Pico_SDK_v1.5.0/pico-sdk/src/rp2_common/hardware_irq/irq.c.obj
 *fill*         0x10004f62        0x2 
 .rodata.str1.4
                0x10004f64       0x91 CMakeFiles/c_project.dir/C_/bin/Pico_SDK_v1.5.0/pico-sdk/src/common/pico_sync/mutex.c.obj
                                 0xf9 (size before relaxing)
 *fill*         0x10004ff5        0x3 
 .rodata.__func__.1
                0x10004ff8        0xb CMakeFiles/c_project.dir/C_/bin/Pico_SDK_v1.5.0/pico-sdk/src/common/pico_sync/mutex.c.obj
 *fill*         0x10005003        0x1 
 .rodata.__func__.3
                0x10005004       0x18 CMakeFiles/c_project.dir/C_/bin/Pico_SDK_v1.5.0/pico-sdk/src/common/pico_sync/mutex.c.obj
 .rodata.repeating_timer_callback.str1.4
                0x1000501c       0x50 CMakeFiles/c_project.dir/C_/bin/Pico_SDK_v1.5.0/pico-sdk/src/common/pico_time/time.c.obj
 .rodata.timer_pool_entry_comparator.str1.4
                0x1000506c       0x22 CMakeFiles/c_project.dir/C_/bin/Pico_SDK_v1.5.0/pico-sdk/src/common/pico_time/time.c.obj
 *fill*         0x1000508e        0x2 
 .rodata.ph_add_child_node.str1.4
                0x10005090       0x9a CMakeFiles/c_project.dir/C_/bin/Pico_SDK_v1.5.0/pico-sdk/src/common/pico_time/time.c.obj
 *fill*         0x1000512a        0x2 
 .rodata.add_alarm_under_lock.str1.4
                0x1000512c       0x28 CMakeFiles/c_project.dir/C_/bin/Pico_SDK_v1.5.0/pico-sdk/src/common/pico_time/time.c.obj
                                 0x2b (size before relaxing)
 .rodata.alarm_pool_alarm_callback.str1.4
                0x10005154       0x98 CMakeFiles/c_project.dir/C_/bin/Pico_SDK_v1.5.0/pico-sdk/src/common/pico_time/time.c.obj
                                0x100 (size before relaxing)
 .rodata.alarm_pool_get_default.str1.4
                0x100051ec       0x21 CMakeFiles/c_project.dir/C_/bin/Pico_SDK_v1.5.0/pico-sdk/src/common/pico_time/time.c.obj
 *fill*         0x1000520d        0x3 
 .rodata.alarm_pool_cancel_alarm.str1.4
                0x10005210       0x27 CMakeFiles/c_project.dir/C_/bin/Pico_SDK_v1.5.0/pico-sdk/src/common/pico_time/time.c.obj
 *fill*         0x10005237        0x1 
 .rodata.sleep_until.str1.4
                0x10005238       0x4d CMakeFiles/c_project.dir/C_/bin/Pico_SDK_v1.5.0/pico-sdk/src/common/pico_time/time.c.obj
 *fill*         0x10005285        0x3 
 .rodata.__func__.1
                0x10005288       0x18 CMakeFiles/c_project.dir/C_/bin/Pico_SDK_v1.5.0/pico-sdk/src/common/pico_time/time.c.obj
 .rodata.__func__.10
                0x100052a0       0x15 CMakeFiles/c_project.dir/C_/bin/Pico_SDK_v1.5.0/pico-sdk/src/common/pico_time/time.c.obj
 *fill*         0x100052b5        0x3 
 .rodata.__func__.11
                0x100052b8       0x1a CMakeFiles/c_project.dir/C_/bin/Pico_SDK_v1.5.0/pico-sdk/src/common/pico_time/time.c.obj
 *fill*         0x100052d2        0x2 
 .rodata.__func__.12
                0x100052d4        0xa CMakeFiles/c_project.dir/C_/bin/Pico_SDK_v1.5.0/pico-sdk/src/common/pico_time/time.c.obj
 *fill*         0x100052de        0x2 
 .rodata.__func__.3
                0x100052e0       0x17 CMakeFiles/c_project.dir/C_/bin/Pico_SDK_v1.5.0/pico-sdk/src/common/pico_time/time.c.obj
 *fill*         0x100052f7        0x1 
 .rodata.__func__.4
                0x100052f8       0x12 CMakeFiles/c_project.dir/C_/bin/Pico_SDK_v1.5.0/pico-sdk/src/common/pico_time/time.c.obj
 *fill*         0x1000530a        0x2 
 .rodata.__func__.5
                0x1000530c        0xd CMakeFiles/c_project.dir/C_/bin/Pico_SDK_v1.5.0/pico-sdk/src/common/pico_time/time.c.obj
 *fill*         0x10005319        0x3 
 .rodata.__func__.6
                0x1000531c       0x12 CMakeFiles/c_project.dir/C_/bin/Pico_SDK_v1.5.0/pico-sdk/src/common/pico_time/time.c.obj
 *fill*         0x1000532e        0x2 
 .rodata.__func__.7
                0x10005330        0xf CMakeFiles/c_project.dir/C_/bin/Pico_SDK_v1.5.0/pico-sdk/src/common/pico_time/time.c.obj
 *fill*         0x1000533f        0x1 
 .rodata.__func__.8
                0x10005340        0xc CMakeFiles/c_project.dir/C_/bin/Pico_SDK_v1.5.0/pico-sdk/src/common/pico_time/time.c.obj
 .rodata.__func__.9
                0x1000534c       0x15 CMakeFiles/c_project.dir/C_/bin/Pico_SDK_v1.5.0/pico-sdk/src/common/pico_time/time.c.obj
 *fill*         0x10005361        0x3 
 .rodata.hardware_alarm_claim.str1.4
                0x10005364       0x22 CMakeFiles/c_project.dir/C_/bin/Pico_SDK_v1.5.0/pico-sdk/src/rp2_common/hardware_timer/timer.c.obj
 *fill*         0x10005386        0x2 
 .rodata.hardware_alarm_set_target.str1.4
                0x10005388       0x6a CMakeFiles/c_project.dir/C_/bin/Pico_SDK_v1.5.0/pico-sdk/src/rp2_common/hardware_timer/timer.c.obj
 *fill*         0x100053f2        0x2 
 .rodata.__func__.0
                0x100053f4       0x1a CMakeFiles/c_project.dir/C_/bin/Pico_SDK_v1.5.0/pico-sdk/src/rp2_common/hardware_timer/timer.c.obj
 .rodata.ph_add_child_node.str1.4
                0x1000540e       0x9a CMakeFiles/c_project.dir/C_/bin/Pico_SDK_v1.5.0/pico-sdk/src/common/pico_util/pheap.c.obj
 *fill*         0x1000540e        0x2 
 .rodata.ph_remove_any_head.str1.4
                0x10005410       0x94 CMakeFiles/c_project.dir/C_/bin/Pico_SDK_v1.5.0/pico-sdk/src/common/pico_util/pheap.c.obj
                                 0xa8 (size before relaxing)
 .rodata.ph_remove_and_free_node.str1.4
                0x100054a4       0x1e CMakeFiles/c_project.dir/C_/bin/Pico_SDK_v1.5.0/pico-sdk/src/common/pico_util/pheap.c.obj
                                 0x26 (size before relaxing)
 *fill*         0x100054c2        0x2 
 .rodata.__func__.0
                0x100054c4       0x18 CMakeFiles/c_project.dir/C_/bin/Pico_SDK_v1.5.0/pico-sdk/src/common/pico_util/pheap.c.obj
 .rodata.__func__.1
                0x100054dc       0x13 CMakeFiles/c_project.dir/C_/bin/Pico_SDK_v1.5.0/pico-sdk/src/common/pico_util/pheap.c.obj
 *fill*         0x100054ef        0x1 
 .rodata.__func__.2
                0x100054f0       0x12 CMakeFiles/c_project.dir/C_/bin/Pico_SDK_v1.5.0/pico-sdk/src/common/pico_util/pheap.c.obj
 *fill*         0x10005502        0x2 
 .rodata.__func__.3
                0x10005504        0xc CMakeFiles/c_project.dir/C_/bin/Pico_SDK_v1.5.0/pico-sdk/src/common/pico_util/pheap.c.obj
 .rodata.clock_configure.str1.4
                0x10005510       0x5c CMakeFiles/c_project.dir/C_/bin/Pico_SDK_v1.5.0/pico-sdk/src/rp2_common/hardware_clocks/clocks.c.obj
 .rodata.__func__.1
                0x1000556c       0x10 CMakeFiles/c_project.dir/C_/bin/Pico_SDK_v1.5.0/pico-sdk/src/rp2_common/hardware_clocks/clocks.c.obj
 .rodata.pll_init.str1.4
                0x1000557c      0x127 CMakeFiles/c_project.dir/C_/bin/Pico_SDK_v1.5.0/pico-sdk/src/rp2_common/hardware_pll/pll.c.obj
 *fill*         0x100056a3        0x1 
 .rodata.__func__.0
                0x100056a4        0x9 CMakeFiles/c_project.dir/C_/bin/Pico_SDK_v1.5.0/pico-sdk/src/rp2_common/hardware_pll/pll.c.obj
 *fill*         0x100056ad        0x3 
 .rodata.__assert_func.str1.4
                0x100056b0       0x3f CMakeFiles/c_project.dir/C_/bin/Pico_SDK_v1.5.0/pico-sdk/src/rp2_common/pico_runtime/runtime.c.obj
                                 0x43 (size before relaxing)
 *fill*         0x100056ef        0x1 
 .rodata.runtime_init.str1.4
                0x100056f0       0x66 CMakeFiles/c_project.dir/C_/bin/Pico_SDK_v1.5.0/pico-sdk/src/rp2_common/pico_runtime/runtime.c.obj
 *fill*         0x10005756        0x2 
 .rodata.panic.str1.4
                0x10005758       0x10 CMakeFiles/c_project.dir/C_/bin/Pico_SDK_v1.5.0/pico-sdk/src/rp2_common/pico_runtime/runtime.c.obj
                                 0x12 (size before relaxing)
 .rodata.__func__.2
                0x10005768        0xd CMakeFiles/c_project.dir/C_/bin/Pico_SDK_v1.5.0/pico-sdk/src/rp2_common/pico_runtime/runtime.c.obj
 *fill*         0x10005775        0x3 
 .rodata._ftoa.str1.4
                0x10005778       0x15 CMakeFiles/c_project.dir/C_/bin/Pico_SDK_v1.5.0/pico-sdk/src/rp2_common/pico_printf/printf.c.obj
 *fill*         0x1000578d        0x3 
 .rodata._vsnprintf
                0x10005790      0x1e0 CMakeFiles/c_project.dir/C_/bin/Pico_SDK_v1.5.0/pico-sdk/src/rp2_common/pico_printf/printf.c.obj
 .rodata.pow10.0
                0x10005970       0x50 CMakeFiles/c_project.dir/C_/bin/Pico_SDK_v1.5.0/pico-sdk/src/rp2_common/pico_printf/printf.c.obj
 .rodata.missing_double_func_shim.str1.4
                0x100059c0       0x18 CMakeFiles/c_project.dir/C_/bin/Pico_SDK_v1.5.0/pico-sdk/src/rp2_common/pico_double/double_init_rom.c.obj
 .rodata.__aeabi_double_init.str1.4
                0x100059d8       0xad CMakeFiles/c_project.dir/C_/bin/Pico_SDK_v1.5.0/pico-sdk/src/rp2_common/pico_double/double_init_rom.c.obj
 *fill*         0x10005a85        0x3 
 .rodata.__func__.0
                0x10005a88       0x14 CMakeFiles/c_project.dir/C_/bin/Pico_SDK_v1.5.0/pico-sdk/src/rp2_common/pico_double/double_init_rom.c.obj
 .rodata.missing_float_func_shim.str1.4
                0x10005a9c        0x1 CMakeFiles/c_project.dir/C_/bin/Pico_SDK_v1.5.0/pico-sdk/src/rp2_common/pico_float/float_init_rom.c.obj
 .rodata.__aeabi_float_init.str1.4
                0x10005a9c       0x7f CMakeFiles/c_project.dir/C_/bin/Pico_SDK_v1.5.0/pico-sdk/src/rp2_common/pico_float/float_init_rom.c.obj
 *fill*         0x10005b1b        0x1 
 .rodata.__func__.0
                0x10005b1c       0x13 CMakeFiles/c_project.dir/C_/bin/Pico_SDK_v1.5.0/pico-sdk/src/rp2_common/pico_float/float_init_rom.c.obj
 *fill*         0x10005b2f        0x1 
 .rodata.str1.4
                0x10005b30       0x40 CMakeFiles/c_project.dir/C_/bin/Pico_SDK_v1.5.0/pico-sdk/src/rp2_common/pico_standard_link/binary_info.c.obj
 .rodata.__bi_44
                0x10005b70        0xc CMakeFiles/c_project.dir/C_/bin/Pico_SDK_v1.5.0/pico-sdk/src/rp2_common/pico_standard_link/binary_info.c.obj
 .rodata.__bi_75
                0x10005b7c        0xc CMakeFiles/c_project.dir/C_/bin/Pico_SDK_v1.5.0/pico-sdk/src/rp2_common/pico_standard_link/binary_info.c.obj
 .rodata.__bi_81
                0x10005b88        0xc CMakeFiles/c_project.dir/C_/bin/Pico_SDK_v1.5.0/pico-sdk/src/rp2_common/pico_standard_link/binary_info.c.obj
 .rodata.stdout_serialize_begin.str1.4
                0x10005b94       0x66 CMakeFiles/c_project.dir/C_/bin/Pico_SDK_v1.5.0/pico-sdk/src/rp2_common/pico_stdio/stdio.c.obj
 .rodata.__func__.3
                0x10005b94       0x15 CMakeFiles/c_project.dir/C_/bin/Pico_SDK_v1.5.0/pico-sdk/src/rp2_common/pico_stdio/stdio.c.obj
 *fill*         0x10005ba9        0x3 
 .rodata.crlf_str.2
                0x10005bac        0x2 CMakeFiles/c_project.dir/C_/bin/Pico_SDK_v1.5.0/pico-sdk/src/rp2_common/pico_stdio/stdio.c.obj
 *fill*         0x10005bae        0x2 
 .rodata.str1.4
                0x10005bb0       0x2c CMakeFiles/c_project.dir/C_/bin/Pico_SDK_v1.5.0/pico-sdk/src/rp2_common/pico_stdio_uart/stdio_uart.c.obj
 .rodata.__bi_33.4
                0x10005bdc        0xc CMakeFiles/c_project.dir/C_/bin/Pico_SDK_v1.5.0/pico-sdk/src/rp2_common/pico_stdio_uart/stdio_uart.c.obj
 .rodata.__bi_34.5
                0x10005be8        0x8 CMakeFiles/c_project.dir/C_/bin/Pico_SDK_v1.5.0/pico-sdk/src/rp2_common/pico_stdio_uart/stdio_uart.c.obj
                0x10005bf0                . = ALIGN (0x4)
 *(SORT_BY_ALIGNMENT(SORT_BY_NAME(.flashdata*)))
                0x10005bf0                . = ALIGN (0x4)

.rel.dyn        0x10005bf0        0x0
 .rel.iplt      0x10005bf0        0x0 c:/bin/pico_sdk_v1.5.0/gcc-arm-none-eabi/bin/../lib/gcc/arm-none-eabi/10.3.1/thumb/v6-m/nofp/crtbegin.o

.ARM.extab
 *(.ARM.extab* .gnu.linkonce.armextab.*)
                0x10005bf0                __exidx_start = .

.ARM.exidx
 *(.ARM.exidx* .gnu.linkonce.armexidx.*)
                0x10005bf0                __exidx_end = .
                0x10005bf0                . = ALIGN (0x4)
                0x10005bf0                __binary_info_start = .

.binary_info    0x10005bf0       0x24
 *(.binary_info.keep.*)
 .binary_info.keep.__bi_ptr22
                0x10005bf0        0x4 CMakeFiles/c_project.dir/C_/bin/Pico_SDK_v1.5.0/pico-sdk/src/rp2_common/pico_standard_link/binary_info.c.obj
 .binary_info.keep.__bi_ptr30
                0x10005bf4        0x4 CMakeFiles/c_project.dir/C_/bin/Pico_SDK_v1.5.0/pico-sdk/src/rp2_common/pico_standard_link/binary_info.c.obj
 .binary_info.keep.__bi_ptr38
                0x10005bf8        0x4 CMakeFiles/c_project.dir/C_/bin/Pico_SDK_v1.5.0/pico-sdk/src/rp2_common/pico_standard_link/binary_info.c.obj
 .binary_info.keep.__bi_ptr44
                0x10005bfc        0x4 CMakeFiles/c_project.dir/C_/bin/Pico_SDK_v1.5.0/pico-sdk/src/rp2_common/pico_standard_link/binary_info.c.obj
 .binary_info.keep.__bi_ptr50
                0x10005c00        0x4 CMakeFiles/c_project.dir/C_/bin/Pico_SDK_v1.5.0/pico-sdk/src/rp2_common/pico_standard_link/binary_info.c.obj
 .binary_info.keep.__bi_ptr75
                0x10005c04        0x4 CMakeFiles/c_project.dir/C_/bin/Pico_SDK_v1.5.0/pico-sdk/src/rp2_common/pico_standard_link/binary_info.c.obj
 .binary_info.keep.__bi_ptr81
                0x10005c08        0x4 CMakeFiles/c_project.dir/C_/bin/Pico_SDK_v1.5.0/pico-sdk/src/rp2_common/pico_standard_link/binary_info.c.obj
 *(.binary_info.*)
 .binary_info.__bi_ptr33
                0x10005c0c        0x4 CMakeFiles/c_project.dir/C_/bin/Pico_SDK_v1.5.0/pico-sdk/src/rp2_common/pico_stdio_uart/stdio_uart.c.obj
 .binary_info.__bi_ptr34
                0x10005c10        0x4 CMakeFiles/c_project.dir/C_/bin/Pico_SDK_v1.5.0/pico-sdk/src/rp2_common/pico_stdio_uart/stdio_uart.c.obj
                0x10005c14                __binary_info_end = .
                0x10005c14                . = ALIGN (0x4)
                0x10005c14                __etext = .

.ram_vector_table
                0x20000000       0xc0
 *(.ram_vector_table)
 .ram_vector_table
                0x20000000       0xc0 CMakeFiles/c_project.dir/C_/bin/Pico_SDK_v1.5.0/pico-sdk/src/rp2_common/pico_runtime/runtime.c.obj
                0x20000000                ram_vector_table

.data           0x200000c0      0x244 load address 0x10005c14
                0x200000c0                __data_start__ = .
 *(vtable)
 *(.time_critical*)
 .time_critical.mutex_try_enter
                0x200000c0       0x46 CMakeFiles/c_project.dir/C_/bin/Pico_SDK_v1.5.0/pico-sdk/src/common/pico_sync/mutex.c.obj
                0x200000c0                mutex_try_enter
 *fill*         0x20000106        0x2 
 .time_critical.mutex_enter_block_until
                0x20000108       0x8c CMakeFiles/c_project.dir/C_/bin/Pico_SDK_v1.5.0/pico-sdk/src/common/pico_sync/mutex.c.obj
                0x20000108                mutex_enter_block_until
 .time_critical.mutex_try_enter_block_until
                0x20000194       0x34 CMakeFiles/c_project.dir/C_/bin/Pico_SDK_v1.5.0/pico-sdk/src/common/pico_sync/mutex.c.obj
                0x20000194                mutex_try_enter_block_until
 .time_critical.mutex_exit
                0x200001c8       0x4c CMakeFiles/c_project.dir/C_/bin/Pico_SDK_v1.5.0/pico-sdk/src/common/pico_sync/mutex.c.obj
                0x200001c8                mutex_exit
 *(.text*)
 .text          0x20000214        0x4 c:/bin/pico_sdk_v1.5.0/gcc-arm-none-eabi/bin/../lib/gcc/arm-none-eabi/10.3.1/thumb/v6-m/nofp\libgcc.a(_dvmd_tls.o)
                0x20000214                __aeabi_idiv0
                0x20000214                __aeabi_ldiv0
 .text.__stub   0x20000218       0x20 linker stubs
                0x20000238                . = ALIGN (0x4)
 *(.rodata*)
                0x20000238                . = ALIGN (0x4)
 *(.data*)
 .data.striped_spin_lock_num
                0x20000238        0x1 CMakeFiles/c_project.dir/C_/bin/Pico_SDK_v1.5.0/pico-sdk/src/rp2_common/hardware_sync/sync.c.obj
 *fill*         0x20000239        0x3 
 .data          0x2000023c       0x48 CMakeFiles/c_project.dir/C_/bin/Pico_SDK_v1.5.0/pico-sdk/src/rp2_common/hardware_irq/irq_handler_chain.S.obj
                0x2000023c                irq_handler_chain_slots
                0x2000026c                irq_handler_chain_first_slot
                0x20000276                irq_handler_chain_remove_tail
 .data.default_alarm_pool
                0x20000284       0x18 CMakeFiles/c_project.dir/C_/bin/Pico_SDK_v1.5.0/pico-sdk/src/common/pico_time/time.c.obj
 .data.default_alarm_pool_heap
                0x2000029c       0x10 CMakeFiles/c_project.dir/C_/bin/Pico_SDK_v1.5.0/pico-sdk/src/common/pico_time/time.c.obj
 *fill*         0x200002ac        0x4 
 .data.aeabi_bits_funcs
                0x200002b0       0x10 CMakeFiles/c_project.dir/C_/bin/Pico_SDK_v1.5.0/pico-sdk/src/rp2_common/pico_bit_ops/bit_ops_aeabi.S.obj
                0x200002b0                aeabi_bits_funcs
                0x200002c0                aeabi_bits_funcs_end
 .data.aeabi_mem_funcs
                0x200002c0       0x10 CMakeFiles/c_project.dir/C_/bin/Pico_SDK_v1.5.0/pico-sdk/src/rp2_common/pico_mem_ops/mem_ops_aeabi.S.obj
                0x200002c0                aeabi_mem_funcs
                0x200002d0                aeabi_mem_funcs_end
 .data.stdio_uart
                0x200002d0       0x18 CMakeFiles/c_project.dir/C_/bin/Pico_SDK_v1.5.0/pico-sdk/src/rp2_common/pico_stdio_uart/stdio_uart.c.obj
                0x200002d0                stdio_uart
                0x200002e8                . = ALIGN (0x4)
 *(.after_data.*)
                0x200002e8                . = ALIGN (0x4)
                0x200002e8                PROVIDE (__mutex_array_start = .)
 *(SORT_BY_NAME(.mutex_array.*))
 *(.mutex_array)
 .mutex_array   0x200002e8        0x8 CMakeFiles/c_project.dir/C_/bin/Pico_SDK_v1.5.0/pico-sdk/src/rp2_common/pico_stdio/stdio.c.obj
                0x200002f0                PROVIDE (__mutex_array_end = .)
                0x200002f0                . = ALIGN (0x4)
                0x200002f0                PROVIDE (__preinit_array_start = .)
 *(SORT_BY_NAME(.preinit_array.*))
 .preinit_array.00001
                0x200002f0        0x4 CMakeFiles/c_project.dir/C_/bin/Pico_SDK_v1.5.0/pico-sdk/src/rp2_common/pico_mem_ops/mem_ops_aeabi.S.obj
 .preinit_array.00010
                0x200002f4        0x4 CMakeFiles/c_project.dir/C_/bin/Pico_SDK_v1.5.0/pico-sdk/src/rp2_common/pico_bit_ops/bit_ops_aeabi.S.obj
 .preinit_array.00020
                0x200002f8        0x4 CMakeFiles/c_project.dir/C_/bin/Pico_SDK_v1.5.0/pico-sdk/src/rp2_common/pico_double/double_aeabi.S.obj
 .preinit_array.00020
                0x200002fc        0x4 CMakeFiles/c_project.dir/C_/bin/Pico_SDK_v1.5.0/pico-sdk/src/rp2_common/pico_float/float_aeabi.S.obj
 *(.preinit_array)
                0x20000300                PROVIDE (__preinit_array_end = .)
                0x20000300                . = ALIGN (0x4)
                0x20000300                PROVIDE (__init_array_start = .)
 *(SORT_BY_NAME(.init_array.*))
 *(.init_array)
 .init_array    0x20000300        0x4 c:/bin/pico_sdk_v1.5.0/gcc-arm-none-eabi/bin/../lib/gcc/arm-none-eabi/10.3.1/thumb/v6-m/nofp/crtbegin.o
                0x20000304                PROVIDE (__init_array_end = .)
                0x20000304                . = ALIGN (0x4)
                [!provide]                PROVIDE (__fini_array_start = .)
 *(SORT_BY_NAME(.fini_array.*))
 *(.fini_array)
                [!provide]                PROVIDE (__fini_array_end = .)
 *(.jcr)
                0x20000304                . = ALIGN (0x4)
                0x20000304                __data_end__ = .

.igot.plt       0x20000304        0x0 load address 0x10005e58
 .igot.plt      0x20000304        0x0 c:/bin/pico_sdk_v1.5.0/gcc-arm-none-eabi/bin/../lib/gcc/arm-none-eabi/10.3.1/thumb/v6-m/nofp/crtbegin.o

.uninitialized_data
                0x20000304        0x0 load address 0x10005e58
                0x20000304                . = ALIGN (0x4)
 *(.uninitialized_data*)

.scratch_x      0x20040000        0x0 load address 0x10005e58
                0x20040000                __scratch_x_start__ = .
 *(.scratch_x.*)
                0x20040000                . = ALIGN (0x4)
                0x20040000                __scratch_x_end__ = .
                0x10005e58                __scratch_x_source__ = LOADADDR (.scratch_x)

.scratch_y      0x20041000        0x0 load address 0x10005e58
                0x20041000                __scratch_y_start__ = .
 *(.scratch_y.*)
                0x20041000                . = ALIGN (0x4)
                0x20041000                __scratch_y_end__ = .
                0x10005e58                __scratch_y_source__ = LOADADDR (.scratch_y)

.bss            0x20000308      0x400
                0x20000308                . = ALIGN (0x4)
                0x20000308                __bss_start__ = .
 *(SORT_BY_ALIGNMENT(SORT_BY_NAME(.bss*)))
 .bss.default_alarm_pool_entries
                0x20000308      0x100 CMakeFiles/c_project.dir/C_/bin/Pico_SDK_v1.5.0/pico-sdk/src/common/pico_time/time.c.obj
 .bss           0x20000408       0x1c c:/bin/pico_sdk_v1.5.0/gcc-arm-none-eabi/bin/../lib/gcc/arm-none-eabi/10.3.1/thumb/v6-m/nofp/crtbegin.o
 .bss.alarm_callbacks
                0x20000424       0x10 CMakeFiles/c_project.dir/C_/bin/Pico_SDK_v1.5.0/pico-sdk/src/rp2_common/hardware_timer/timer.c.obj
 .bss.callbacks
                0x20000434        0x8 CMakeFiles/c_project.dir/C_/bin/Pico_SDK_v1.5.0/pico-sdk/src/rp2_common/hardware_gpio/gpio.c.obj
 .bss.chars_available_callback
                0x2000043c        0x4 CMakeFiles/c_project.dir/C_/bin/Pico_SDK_v1.5.0/pico-sdk/src/rp2_common/pico_stdio_uart/stdio_uart.c.obj
 .bss.chars_available_param
                0x20000440        0x4 CMakeFiles/c_project.dir/C_/bin/Pico_SDK_v1.5.0/pico-sdk/src/rp2_common/pico_stdio_uart/stdio_uart.c.obj
 .bss.configured_freq
                0x20000444       0x28 CMakeFiles/c_project.dir/C_/bin/Pico_SDK_v1.5.0/pico-sdk/src/rp2_common/hardware_clocks/clocks.c.obj
 .bss.current_step.3
                0x2000046c        0x4 CMakeFiles/c_project.dir/main.c.obj
 .bss.default_alarm_pool_entry_ids_high
                0x20000470       0x10 CMakeFiles/c_project.dir/C_/bin/Pico_SDK_v1.5.0/pico-sdk/src/common/pico_time/time.c.obj
 .bss.default_alarm_pool_heap_nodes
                0x20000480       0x30 CMakeFiles/c_project.dir/C_/bin/Pico_SDK_v1.5.0/pico-sdk/src/common/pico_time/time.c.obj
 .bss.drivers   0x200004b0        0x4 CMakeFiles/c_project.dir/C_/bin/Pico_SDK_v1.5.0/pico-sdk/src/rp2_common/pico_stdio/stdio.c.obj
 .bss.filter    0x200004b4        0x4 CMakeFiles/c_project.dir/C_/bin/Pico_SDK_v1.5.0/pico-sdk/src/rp2_common/pico_stdio/stdio.c.obj
 .bss.item_is_counting
                0x200004b8        0x4 CMakeFiles/c_project.dir/main.c.obj
                0x200004b8                item_is_counting
 .bss.last_irq_time_opto.2
                0x200004bc        0x4 CMakeFiles/c_project.dir/main.c.obj
 .bss.last_irq_time_piezo.1
                0x200004c0        0x4 CMakeFiles/c_project.dir/main.c.obj
 .bss.pools     0x200004c4       0x10 CMakeFiles/c_project.dir/C_/bin/Pico_SDK_v1.5.0/pico-sdk/src/common/pico_time/time.c.obj
 .bss.raw_irq_mask
                0x200004d4        0x8 CMakeFiles/c_project.dir/C_/bin/Pico_SDK_v1.5.0/pico-sdk/src/rp2_common/hardware_gpio/gpio.c.obj
 .bss.rounding_counting
                0x200004dc        0x4 CMakeFiles/c_project.dir/main.c.obj
                0x200004dc                rounding_counting
 .bss.sd_table  0x200004e0      0x100 CMakeFiles/c_project.dir/C_/bin/Pico_SDK_v1.5.0/pico-sdk/src/rp2_common/pico_double/double_init_rom.c.obj
                0x200004e0                sd_table
 .bss.sf_clz_func
                0x200005e0        0x4 CMakeFiles/c_project.dir/C_/bin/Pico_SDK_v1.5.0/pico-sdk/src/rp2_common/pico_double/double_init_rom.c.obj
                0x200005e0                sf_clz_func
 .bss.sf_table  0x200005e4      0x100 CMakeFiles/c_project.dir/C_/bin/Pico_SDK_v1.5.0/pico-sdk/src/rp2_common/pico_float/float_init_rom.c.obj
                0x200005e4                sf_table
 .bss.sleep_notifier
                0x200006e4        0x4 CMakeFiles/c_project.dir/C_/bin/Pico_SDK_v1.5.0/pico-sdk/src/common/pico_time/time.c.obj
 .bss.target_hi
                0x200006e8       0x10 CMakeFiles/c_project.dir/C_/bin/Pico_SDK_v1.5.0/pico-sdk/src/rp2_common/hardware_timer/timer.c.obj
 .bss.uart_char_to_line_feed
                0x200006f8        0x4 CMakeFiles/c_project.dir/C_/bin/Pico_SDK_v1.5.0/pico-sdk/src/rp2_common/hardware_uart/uart.c.obj
                0x200006f8                uart_char_to_line_feed
 .bss.uart_instance
                0x200006fc        0x4 CMakeFiles/c_project.dir/C_/bin/Pico_SDK_v1.5.0/pico-sdk/src/rp2_common/pico_stdio_uart/stdio_uart.c.obj
 .bss.claimed   0x20000700        0x1 CMakeFiles/c_project.dir/C_/bin/Pico_SDK_v1.5.0/pico-sdk/src/rp2_common/hardware_timer/timer.c.obj
 .bss.irq_hander_chain_free_slot_head
                0x20000701        0x1 CMakeFiles/c_project.dir/C_/bin/Pico_SDK_v1.5.0/pico-sdk/src/rp2_common/hardware_irq/irq.c.obj
 .bss.item_dropped
                0x20000702        0x1 CMakeFiles/c_project.dir/main.c.obj
                0x20000702                item_dropped
 .bss.no_item   0x20000703        0x1 CMakeFiles/c_project.dir/main.c.obj
                0x20000703                no_item
 .bss.openfork  0x20000704        0x1 CMakeFiles/c_project.dir/main.c.obj
                0x20000704                openfork
 .bss.timer_callbacks_pending
                0x20000705        0x1 CMakeFiles/c_project.dir/C_/bin/Pico_SDK_v1.5.0/pico-sdk/src/rp2_common/hardware_timer/timer.c.obj
 *(COMMON)
                0x20000708                . = ALIGN (0x4)
 *fill*         0x20000706        0x2 
                0x20000708                __bss_end__ = .

.heap           0x20000708      0x800
                0x20000708                __end__ = .
                0x20000708                end = __end__
 *(.heap*)
 .heap          0x20000708      0x800 CMakeFiles/c_project.dir/C_/bin/Pico_SDK_v1.5.0/pico-sdk/src/rp2_common/pico_standard_link/crt0.S.obj
                0x20000f08                __HeapLimit = .

.stack1_dummy   0x20040000        0x0
 *(.stack1*)

.stack_dummy    0x20041000      0x800
 *(.stack*)
 .stack         0x20041000      0x800 CMakeFiles/c_project.dir/C_/bin/Pico_SDK_v1.5.0/pico-sdk/src/rp2_common/pico_standard_link/crt0.S.obj

.flash_end      0x10005e58        0x0
                0x10005e58                __flash_binary_end = .
                0x20040000                __StackLimit = (ORIGIN (RAM) + LENGTH (RAM))
                0x20041000                __StackOneTop = (ORIGIN (SCRATCH_X) + LENGTH (SCRATCH_X))
                0x20042000                __StackTop = (ORIGIN (SCRATCH_Y) + LENGTH (SCRATCH_Y))
                0x20041000                __StackOneBottom = (__StackOneTop - SIZEOF (.stack1_dummy))
                0x20041800                __StackBottom = (__StackTop - SIZEOF (.stack_dummy))
                0x20042000                PROVIDE (__stack = __StackTop)
                0x00000001                ASSERT ((__StackLimit >= __HeapLimit), region RAM overflowed)
                0x00000001                ASSERT (((__binary_info_header_end - __logical_binary_start) <= 0x100), Binary info must be in first 256 bytes of the binary)
LOAD CMakeFiles/c_project.dir/main.c.obj
LOAD CMakeFiles/c_project.dir/C_/bin/Pico_SDK_v1.5.0/pico-sdk/src/rp2_common/pico_stdlib/stdlib.c.obj
LOAD CMakeFiles/c_project.dir/C_/bin/Pico_SDK_v1.5.0/pico-sdk/src/rp2_common/hardware_gpio/gpio.c.obj
LOAD CMakeFiles/c_project.dir/C_/bin/Pico_SDK_v1.5.0/pico-sdk/src/rp2_common/pico_platform/platform.c.obj
LOAD CMakeFiles/c_project.dir/C_/bin/Pico_SDK_v1.5.0/pico-sdk/src/rp2_common/hardware_claim/claim.c.obj
LOAD CMakeFiles/c_project.dir/C_/bin/Pico_SDK_v1.5.0/pico-sdk/src/rp2_common/hardware_sync/sync.c.obj
LOAD CMakeFiles/c_project.dir/C_/bin/Pico_SDK_v1.5.0/pico-sdk/src/rp2_common/hardware_irq/irq.c.obj
LOAD CMakeFiles/c_project.dir/C_/bin/Pico_SDK_v1.5.0/pico-sdk/src/rp2_common/hardware_irq/irq_handler_chain.S.obj
LOAD CMakeFiles/c_project.dir/C_/bin/Pico_SDK_v1.5.0/pico-sdk/src/common/pico_sync/sem.c.obj
LOAD CMakeFiles/c_project.dir/C_/bin/Pico_SDK_v1.5.0/pico-sdk/src/common/pico_sync/lock_core.c.obj
LOAD CMakeFiles/c_project.dir/C_/bin/Pico_SDK_v1.5.0/pico-sdk/src/common/pico_sync/mutex.c.obj
LOAD CMakeFiles/c_project.dir/C_/bin/Pico_SDK_v1.5.0/pico-sdk/src/common/pico_sync/critical_section.c.obj
LOAD CMakeFiles/c_project.dir/C_/bin/Pico_SDK_v1.5.0/pico-sdk/src/common/pico_time/time.c.obj
LOAD CMakeFiles/c_project.dir/C_/bin/Pico_SDK_v1.5.0/pico-sdk/src/common/pico_time/timeout_helper.c.obj
LOAD CMakeFiles/c_project.dir/C_/bin/Pico_SDK_v1.5.0/pico-sdk/src/rp2_common/hardware_timer/timer.c.obj
LOAD CMakeFiles/c_project.dir/C_/bin/Pico_SDK_v1.5.0/pico-sdk/src/common/pico_util/datetime.c.obj
LOAD CMakeFiles/c_project.dir/C_/bin/Pico_SDK_v1.5.0/pico-sdk/src/common/pico_util/pheap.c.obj
LOAD CMakeFiles/c_project.dir/C_/bin/Pico_SDK_v1.5.0/pico-sdk/src/common/pico_util/queue.c.obj
LOAD CMakeFiles/c_project.dir/C_/bin/Pico_SDK_v1.5.0/pico-sdk/src/rp2_common/hardware_uart/uart.c.obj
LOAD CMakeFiles/c_project.dir/C_/bin/Pico_SDK_v1.5.0/pico-sdk/src/rp2_common/hardware_clocks/clocks.c.obj
LOAD CMakeFiles/c_project.dir/C_/bin/Pico_SDK_v1.5.0/pico-sdk/src/rp2_common/hardware_pll/pll.c.obj
LOAD CMakeFiles/c_project.dir/C_/bin/Pico_SDK_v1.5.0/pico-sdk/src/rp2_common/hardware_vreg/vreg.c.obj
LOAD CMakeFiles/c_project.dir/C_/bin/Pico_SDK_v1.5.0/pico-sdk/src/rp2_common/hardware_watchdog/watchdog.c.obj
LOAD CMakeFiles/c_project.dir/C_/bin/Pico_SDK_v1.5.0/pico-sdk/src/rp2_common/hardware_xosc/xosc.c.obj
LOAD CMakeFiles/c_project.dir/C_/bin/Pico_SDK_v1.5.0/pico-sdk/src/rp2_common/hardware_divider/divider.S.obj
LOAD CMakeFiles/c_project.dir/C_/bin/Pico_SDK_v1.5.0/pico-sdk/src/rp2_common/pico_runtime/runtime.c.obj
LOAD CMakeFiles/c_project.dir/C_/bin/Pico_SDK_v1.5.0/pico-sdk/src/rp2_common/pico_printf/printf.c.obj
LOAD CMakeFiles/c_project.dir/C_/bin/Pico_SDK_v1.5.0/pico-sdk/src/rp2_common/pico_bit_ops/bit_ops_aeabi.S.obj
LOAD CMakeFiles/c_project.dir/C_/bin/Pico_SDK_v1.5.0/pico-sdk/src/rp2_common/pico_bootrom/bootrom.c.obj
LOAD CMakeFiles/c_project.dir/C_/bin/Pico_SDK_v1.5.0/pico-sdk/src/rp2_common/pico_divider/divider.S.obj
LOAD CMakeFiles/c_project.dir/C_/bin/Pico_SDK_v1.5.0/pico-sdk/src/rp2_common/pico_double/double_aeabi.S.obj
LOAD CMakeFiles/c_project.dir/C_/bin/Pico_SDK_v1.5.0/pico-sdk/src/rp2_common/pico_double/double_init_rom.c.obj
LOAD CMakeFiles/c_project.dir/C_/bin/Pico_SDK_v1.5.0/pico-sdk/src/rp2_common/pico_double/double_math.c.obj
LOAD CMakeFiles/c_project.dir/C_/bin/Pico_SDK_v1.5.0/pico-sdk/src/rp2_common/pico_double/double_v1_rom_shim.S.obj
LOAD CMakeFiles/c_project.dir/C_/bin/Pico_SDK_v1.5.0/pico-sdk/src/rp2_common/pico_int64_ops/pico_int64_ops_aeabi.S.obj
LOAD CMakeFiles/c_project.dir/C_/bin/Pico_SDK_v1.5.0/pico-sdk/src/rp2_common/pico_float/float_aeabi.S.obj
LOAD CMakeFiles/c_project.dir/C_/bin/Pico_SDK_v1.5.0/pico-sdk/src/rp2_common/pico_float/float_init_rom.c.obj
LOAD CMakeFiles/c_project.dir/C_/bin/Pico_SDK_v1.5.0/pico-sdk/src/rp2_common/pico_float/float_math.c.obj
LOAD CMakeFiles/c_project.dir/C_/bin/Pico_SDK_v1.5.0/pico-sdk/src/rp2_common/pico_float/float_v1_rom_shim.S.obj
LOAD CMakeFiles/c_project.dir/C_/bin/Pico_SDK_v1.5.0/pico-sdk/src/rp2_common/pico_malloc/pico_malloc.c.obj
LOAD CMakeFiles/c_project.dir/C_/bin/Pico_SDK_v1.5.0/pico-sdk/src/rp2_common/pico_mem_ops/mem_ops_aeabi.S.obj
LOAD CMakeFiles/c_project.dir/C_/bin/Pico_SDK_v1.5.0/pico-sdk/src/rp2_common/pico_standard_link/crt0.S.obj
LOAD CMakeFiles/c_project.dir/C_/bin/Pico_SDK_v1.5.0/pico-sdk/src/rp2_common/pico_standard_link/new_delete.cpp.obj
LOAD CMakeFiles/c_project.dir/C_/bin/Pico_SDK_v1.5.0/pico-sdk/src/rp2_common/pico_standard_link/binary_info.c.obj
LOAD CMakeFiles/c_project.dir/C_/bin/Pico_SDK_v1.5.0/pico-sdk/src/rp2_common/pico_stdio/stdio.c.obj
LOAD CMakeFiles/c_project.dir/C_/bin/Pico_SDK_v1.5.0/pico-sdk/src/rp2_common/pico_stdio_uart/stdio_uart.c.obj
LOAD CMakeFiles/c_project.dir/C_/bin/Pico_SDK_v1.5.0/pico-sdk/src/rp2_common/hardware_i2c/i2c.c.obj
LOAD CMakeFiles/c_project.dir/C_/bin/Pico_SDK_v1.5.0/pico-sdk/src/rp2_common/hardware_adc/adc.c.obj
LOAD CMakeFiles/c_project.dir/C_/bin/Pico_SDK_v1.5.0/pico-sdk/src/rp2_common/hardware_flash/flash.c.obj
LOAD C:\Users\uglyz\AppData\Local\Temp\ccguGLzc.o
LOAD c:/bin/pico_sdk_v1.5.0/gcc-arm-none-eabi/bin/../lib/gcc/arm-none-eabi/10.3.1/../../../../arm-none-eabi/lib/thumb/v6-m/nofp\libstdc++.a
LOAD c:/bin/pico_sdk_v1.5.0/gcc-arm-none-eabi/bin/../lib/gcc/arm-none-eabi/10.3.1/../../../../arm-none-eabi/lib/thumb/v6-m/nofp\libm.a
START GROUP
LOAD c:/bin/pico_sdk_v1.5.0/gcc-arm-none-eabi/bin/../lib/gcc/arm-none-eabi/10.3.1/thumb/v6-m/nofp\libgcc.a
LOAD c:/bin/pico_sdk_v1.5.0/gcc-arm-none-eabi/bin/../lib/gcc/arm-none-eabi/10.3.1/../../../../arm-none-eabi/lib/thumb/v6-m/nofp\libg.a
LOAD c:/bin/pico_sdk_v1.5.0/gcc-arm-none-eabi/bin/../lib/gcc/arm-none-eabi/10.3.1/../../../../arm-none-eabi/lib/thumb/v6-m/nofp\libc.a
END GROUP
START GROUP
LOAD c:/bin/pico_sdk_v1.5.0/gcc-arm-none-eabi/bin/../lib/gcc/arm-none-eabi/10.3.1/thumb/v6-m/nofp\libgcc.a
LOAD c:/bin/pico_sdk_v1.5.0/gcc-arm-none-eabi/bin/../lib/gcc/arm-none-eabi/10.3.1/../../../../arm-none-eabi/lib/thumb/v6-m/nofp\libc.a
LOAD c:/bin/pico_sdk_v1.5.0/gcc-arm-none-eabi/bin/../lib/gcc/arm-none-eabi/10.3.1/../../../../arm-none-eabi/lib/thumb/v6-m/nofp\libnosys.a
END GROUP
LOAD c:/bin/pico_sdk_v1.5.0/gcc-arm-none-eabi/bin/../lib/gcc/arm-none-eabi/10.3.1/thumb/v6-m/nofp/crtend.o
LOAD c:/bin/pico_sdk_v1.5.0/gcc-arm-none-eabi/bin/../lib/gcc/arm-none-eabi/10.3.1/thumb/v6-m/nofp/crtn.o
OUTPUT(c_project.elf elf32-littlearm)
LOAD linker stubs

.ARM.attributes
                0x00000000       0x28
 .ARM.attributes
                0x00000000       0x1e c:/bin/pico_sdk_v1.5.0/gcc-arm-none-eabi/bin/../lib/gcc/arm-none-eabi/10.3.1/thumb/v6-m/nofp/crti.o
 .ARM.attributes
                0x0000001e       0x2c c:/bin/pico_sdk_v1.5.0/gcc-arm-none-eabi/bin/../lib/gcc/arm-none-eabi/10.3.1/thumb/v6-m/nofp/crtbegin.o
 .ARM.attributes
                0x0000004a       0x2c CMakeFiles/c_project.dir/main.c.obj
 .ARM.attributes
                0x00000076       0x2c CMakeFiles/c_project.dir/C_/bin/Pico_SDK_v1.5.0/pico-sdk/src/rp2_common/hardware_gpio/gpio.c.obj
 .ARM.attributes
                0x000000a2       0x2c CMakeFiles/c_project.dir/C_/bin/Pico_SDK_v1.5.0/pico-sdk/src/rp2_common/pico_platform/platform.c.obj
 .ARM.attributes
                0x000000ce       0x2c CMakeFiles/c_project.dir/C_/bin/Pico_SDK_v1.5.0/pico-sdk/src/rp2_common/hardware_claim/claim.c.obj
 .ARM.attributes
                0x000000fa       0x2c CMakeFiles/c_project.dir/C_/bin/Pico_SDK_v1.5.0/pico-sdk/src/rp2_common/hardware_sync/sync.c.obj
 .ARM.attributes
                0x00000126       0x2c CMakeFiles/c_project.dir/C_/bin/Pico_SDK_v1.5.0/pico-sdk/src/rp2_common/hardware_irq/irq.c.obj
 .ARM.attributes
                0x00000152       0x22 CMakeFiles/c_project.dir/C_/bin/Pico_SDK_v1.5.0/pico-sdk/src/rp2_common/hardware_irq/irq_handler_chain.S.obj
 .ARM.attributes
                0x00000174       0x2c CMakeFiles/c_project.dir/C_/bin/Pico_SDK_v1.5.0/pico-sdk/src/common/pico_sync/lock_core.c.obj
 .ARM.attributes
                0x000001a0       0x2c CMakeFiles/c_project.dir/C_/bin/Pico_SDK_v1.5.0/pico-sdk/src/common/pico_sync/mutex.c.obj
 .ARM.attributes
                0x000001cc       0x2c CMakeFiles/c_project.dir/C_/bin/Pico_SDK_v1.5.0/pico-sdk/src/common/pico_time/time.c.obj
 .ARM.attributes
                0x000001f8       0x2c CMakeFiles/c_project.dir/C_/bin/Pico_SDK_v1.5.0/pico-sdk/src/rp2_common/hardware_timer/timer.c.obj
 .ARM.attributes
                0x00000224       0x2c CMakeFiles/c_project.dir/C_/bin/Pico_SDK_v1.5.0/pico-sdk/src/common/pico_util/pheap.c.obj
 .ARM.attributes
                0x00000250       0x2c CMakeFiles/c_project.dir/C_/bin/Pico_SDK_v1.5.0/pico-sdk/src/rp2_common/hardware_uart/uart.c.obj
 .ARM.attributes
                0x0000027c       0x2c CMakeFiles/c_project.dir/C_/bin/Pico_SDK_v1.5.0/pico-sdk/src/rp2_common/hardware_clocks/clocks.c.obj
 .ARM.attributes
                0x000002a8       0x2c CMakeFiles/c_project.dir/C_/bin/Pico_SDK_v1.5.0/pico-sdk/src/rp2_common/hardware_pll/pll.c.obj
 .ARM.attributes
                0x000002d4       0x2c CMakeFiles/c_project.dir/C_/bin/Pico_SDK_v1.5.0/pico-sdk/src/rp2_common/hardware_watchdog/watchdog.c.obj
 .ARM.attributes
                0x00000300       0x2c CMakeFiles/c_project.dir/C_/bin/Pico_SDK_v1.5.0/pico-sdk/src/rp2_common/hardware_xosc/xosc.c.obj
 .ARM.attributes
                0x0000032c       0x2c CMakeFiles/c_project.dir/C_/bin/Pico_SDK_v1.5.0/pico-sdk/src/rp2_common/pico_runtime/runtime.c.obj
 .ARM.attributes
                0x00000358       0x2c CMakeFiles/c_project.dir/C_/bin/Pico_SDK_v1.5.0/pico-sdk/src/rp2_common/pico_printf/printf.c.obj
 .ARM.attributes
                0x00000384       0x22 CMakeFiles/c_project.dir/C_/bin/Pico_SDK_v1.5.0/pico-sdk/src/rp2_common/pico_bit_ops/bit_ops_aeabi.S.obj
 .ARM.attributes
                0x000003a6       0x2c CMakeFiles/c_project.dir/C_/bin/Pico_SDK_v1.5.0/pico-sdk/src/rp2_common/pico_bootrom/bootrom.c.obj
 .ARM.attributes
                0x000003d2       0x22 CMakeFiles/c_project.dir/C_/bin/Pico_SDK_v1.5.0/pico-sdk/src/rp2_common/pico_divider/divider.S.obj
 .ARM.attributes
                0x000003f4       0x22 CMakeFiles/c_project.dir/C_/bin/Pico_SDK_v1.5.0/pico-sdk/src/rp2_common/pico_double/double_aeabi.S.obj
 .ARM.attributes
                0x00000416       0x2c CMakeFiles/c_project.dir/C_/bin/Pico_SDK_v1.5.0/pico-sdk/src/rp2_common/pico_double/double_init_rom.c.obj
 .ARM.attributes
                0x00000442       0x22 CMakeFiles/c_project.dir/C_/bin/Pico_SDK_v1.5.0/pico-sdk/src/rp2_common/pico_double/double_v1_rom_shim.S.obj
 .ARM.attributes
                0x00000464       0x22 CMakeFiles/c_project.dir/C_/bin/Pico_SDK_v1.5.0/pico-sdk/src/rp2_common/pico_int64_ops/pico_int64_ops_aeabi.S.obj
 .ARM.attributes
                0x00000486       0x22 CMakeFiles/c_project.dir/C_/bin/Pico_SDK_v1.5.0/pico-sdk/src/rp2_common/pico_float/float_aeabi.S.obj
 .ARM.attributes
                0x000004a8       0x2c CMakeFiles/c_project.dir/C_/bin/Pico_SDK_v1.5.0/pico-sdk/src/rp2_common/pico_float/float_init_rom.c.obj
 .ARM.attributes
                0x000004d4       0x22 CMakeFiles/c_project.dir/C_/bin/Pico_SDK_v1.5.0/pico-sdk/src/rp2_common/pico_mem_ops/mem_ops_aeabi.S.obj
 .ARM.attributes
                0x000004f6       0x22 CMakeFiles/c_project.dir/C_/bin/Pico_SDK_v1.5.0/pico-sdk/src/rp2_common/pico_standard_link/crt0.S.obj
 .ARM.attributes
                0x00000518       0x2c CMakeFiles/c_project.dir/C_/bin/Pico_SDK_v1.5.0/pico-sdk/src/rp2_common/pico_standard_link/binary_info.c.obj
 .ARM.attributes
                0x00000544       0x2c CMakeFiles/c_project.dir/C_/bin/Pico_SDK_v1.5.0/pico-sdk/src/rp2_common/pico_stdio/stdio.c.obj
 .ARM.attributes
                0x00000570       0x2c CMakeFiles/c_project.dir/C_/bin/Pico_SDK_v1.5.0/pico-sdk/src/rp2_common/pico_stdio_uart/stdio_uart.c.obj
 .ARM.attributes
                0x0000059c       0x22 C:\Users\uglyz\AppData\Local\Temp\ccguGLzc.o
 .ARM.attributes
                0x000005be       0x1e c:/bin/pico_sdk_v1.5.0/gcc-arm-none-eabi/bin/../lib/gcc/arm-none-eabi/10.3.1/thumb/v6-m/nofp\libgcc.a(_dvmd_tls.o)
 .ARM.attributes
                0x000005dc       0x2c c:/bin/pico_sdk_v1.5.0/gcc-arm-none-eabi/bin/../lib/gcc/arm-none-eabi/10.3.1/../../../../arm-none-eabi/lib/thumb/v6-m/nofp\libg.a(lib_a-strlen-stub.o)

.comment        0x00000000       0x49
 .comment       0x00000000       0x49 CMakeFiles/c_project.dir/main.c.obj
                                 0x4a (size before relaxing)
 .comment       0x00000049       0x4a CMakeFiles/c_project.dir/C_/bin/Pico_SDK_v1.5.0/pico-sdk/src/rp2_common/hardware_gpio/gpio.c.obj
 .comment       0x00000049       0x4a CMakeFiles/c_project.dir/C_/bin/Pico_SDK_v1.5.0/pico-sdk/src/rp2_common/pico_platform/platform.c.obj
 .comment       0x00000049       0x4a CMakeFiles/c_project.dir/C_/bin/Pico_SDK_v1.5.0/pico-sdk/src/rp2_common/hardware_claim/claim.c.obj
 .comment       0x00000049       0x4a CMakeFiles/c_project.dir/C_/bin/Pico_SDK_v1.5.0/pico-sdk/src/rp2_common/hardware_sync/sync.c.obj
 .comment       0x00000049       0x4a CMakeFiles/c_project.dir/C_/bin/Pico_SDK_v1.5.0/pico-sdk/src/rp2_common/hardware_irq/irq.c.obj
 .comment       0x00000049       0x4a CMakeFiles/c_project.dir/C_/bin/Pico_SDK_v1.5.0/pico-sdk/src/common/pico_sync/lock_core.c.obj
 .comment       0x00000049       0x4a CMakeFiles/c_project.dir/C_/bin/Pico_SDK_v1.5.0/pico-sdk/src/common/pico_sync/mutex.c.obj
 .comment       0x00000049       0x4a CMakeFiles/c_project.dir/C_/bin/Pico_SDK_v1.5.0/pico-sdk/src/common/pico_time/time.c.obj
 .comment       0x00000049       0x4a CMakeFiles/c_project.dir/C_/bin/Pico_SDK_v1.5.0/pico-sdk/src/rp2_common/hardware_timer/timer.c.obj
 .comment       0x00000049       0x4a CMakeFiles/c_project.dir/C_/bin/Pico_SDK_v1.5.0/pico-sdk/src/common/pico_util/pheap.c.obj
 .comment       0x00000049       0x4a CMakeFiles/c_project.dir/C_/bin/Pico_SDK_v1.5.0/pico-sdk/src/rp2_common/hardware_uart/uart.c.obj
 .comment       0x00000049       0x4a CMakeFiles/c_project.dir/C_/bin/Pico_SDK_v1.5.0/pico-sdk/src/rp2_common/hardware_clocks/clocks.c.obj
 .comment       0x00000049       0x4a CMakeFiles/c_project.dir/C_/bin/Pico_SDK_v1.5.0/pico-sdk/src/rp2_common/hardware_pll/pll.c.obj
 .comment       0x00000049       0x4a CMakeFiles/c_project.dir/C_/bin/Pico_SDK_v1.5.0/pico-sdk/src/rp2_common/hardware_watchdog/watchdog.c.obj
 .comment       0x00000049       0x4a CMakeFiles/c_project.dir/C_/bin/Pico_SDK_v1.5.0/pico-sdk/src/rp2_common/hardware_xosc/xosc.c.obj
 .comment       0x00000049       0x4a CMakeFiles/c_project.dir/C_/bin/Pico_SDK_v1.5.0/pico-sdk/src/rp2_common/pico_runtime/runtime.c.obj
 .comment       0x00000049       0x4a CMakeFiles/c_project.dir/C_/bin/Pico_SDK_v1.5.0/pico-sdk/src/rp2_common/pico_printf/printf.c.obj
 .comment       0x00000049       0x4a CMakeFiles/c_project.dir/C_/bin/Pico_SDK_v1.5.0/pico-sdk/src/rp2_common/pico_bootrom/bootrom.c.obj
 .comment       0x00000049       0x4a CMakeFiles/c_project.dir/C_/bin/Pico_SDK_v1.5.0/pico-sdk/src/rp2_common/pico_double/double_init_rom.c.obj
 .comment       0x00000049       0x4a CMakeFiles/c_project.dir/C_/bin/Pico_SDK_v1.5.0/pico-sdk/src/rp2_common/pico_float/float_init_rom.c.obj
 .comment       0x00000049       0x4a CMakeFiles/c_project.dir/C_/bin/Pico_SDK_v1.5.0/pico-sdk/src/rp2_common/pico_standard_link/binary_info.c.obj
 .comment       0x00000049       0x4a CMakeFiles/c_project.dir/C_/bin/Pico_SDK_v1.5.0/pico-sdk/src/rp2_common/pico_stdio/stdio.c.obj
 .comment       0x00000049       0x4a CMakeFiles/c_project.dir/C_/bin/Pico_SDK_v1.5.0/pico-sdk/src/rp2_common/pico_stdio_uart/stdio_uart.c.obj

.debug_info     0x00000000    0x177ee
 .debug_info    0x00000000     0x272b CMakeFiles/c_project.dir/main.c.obj
 .debug_info    0x0000272b     0x16d8 CMakeFiles/c_project.dir/C_/bin/Pico_SDK_v1.5.0/pico-sdk/src/rp2_common/hardware_gpio/gpio.c.obj
 .debug_info    0x00003e03      0x1e3 CMakeFiles/c_project.dir/C_/bin/Pico_SDK_v1.5.0/pico-sdk/src/rp2_common/pico_platform/platform.c.obj
 .debug_info    0x00003fe6      0x6bc CMakeFiles/c_project.dir/C_/bin/Pico_SDK_v1.5.0/pico-sdk/src/rp2_common/hardware_claim/claim.c.obj
 .debug_info    0x000046a2      0x58e CMakeFiles/c_project.dir/C_/bin/Pico_SDK_v1.5.0/pico-sdk/src/rp2_common/hardware_sync/sync.c.obj
 .debug_info    0x00004c30     0x1c9c CMakeFiles/c_project.dir/C_/bin/Pico_SDK_v1.5.0/pico-sdk/src/rp2_common/hardware_irq/irq.c.obj
 .debug_info    0x000068cc      0x1a4 CMakeFiles/c_project.dir/C_/bin/Pico_SDK_v1.5.0/pico-sdk/src/common/pico_sync/lock_core.c.obj
 .debug_info    0x00006a70     0x20d3 CMakeFiles/c_project.dir/C_/bin/Pico_SDK_v1.5.0/pico-sdk/src/common/pico_sync/mutex.c.obj
 .debug_info    0x00008b43     0x4066 CMakeFiles/c_project.dir/C_/bin/Pico_SDK_v1.5.0/pico-sdk/src/common/pico_time/time.c.obj
 .debug_info    0x0000cba9     0x13ee CMakeFiles/c_project.dir/C_/bin/Pico_SDK_v1.5.0/pico-sdk/src/rp2_common/hardware_timer/timer.c.obj
 .debug_info    0x0000df97     0x123b CMakeFiles/c_project.dir/C_/bin/Pico_SDK_v1.5.0/pico-sdk/src/common/pico_util/pheap.c.obj
 .debug_info    0x0000f1d2      0xb65 CMakeFiles/c_project.dir/C_/bin/Pico_SDK_v1.5.0/pico-sdk/src/rp2_common/hardware_uart/uart.c.obj
 .debug_info    0x0000fd37      0xf8d CMakeFiles/c_project.dir/C_/bin/Pico_SDK_v1.5.0/pico-sdk/src/rp2_common/hardware_clocks/clocks.c.obj
 .debug_info    0x00010cc4      0x51b CMakeFiles/c_project.dir/C_/bin/Pico_SDK_v1.5.0/pico-sdk/src/rp2_common/hardware_pll/pll.c.obj
 .debug_info    0x000111df      0x4ee CMakeFiles/c_project.dir/C_/bin/Pico_SDK_v1.5.0/pico-sdk/src/rp2_common/hardware_watchdog/watchdog.c.obj
 .debug_info    0x000116cd      0x1d8 CMakeFiles/c_project.dir/C_/bin/Pico_SDK_v1.5.0/pico-sdk/src/rp2_common/hardware_xosc/xosc.c.obj
 .debug_info    0x000118a5     0x1028 CMakeFiles/c_project.dir/C_/bin/Pico_SDK_v1.5.0/pico-sdk/src/rp2_common/pico_runtime/runtime.c.obj
 .debug_info    0x000128cd     0x1a5f CMakeFiles/c_project.dir/C_/bin/Pico_SDK_v1.5.0/pico-sdk/src/rp2_common/pico_printf/printf.c.obj
 .debug_info    0x0001432c       0x22 CMakeFiles/c_project.dir/C_/bin/Pico_SDK_v1.5.0/pico-sdk/src/rp2_common/pico_bit_ops/bit_ops_aeabi.S.obj
 .debug_info    0x0001434e      0x27c CMakeFiles/c_project.dir/C_/bin/Pico_SDK_v1.5.0/pico-sdk/src/rp2_common/pico_bootrom/bootrom.c.obj
 .debug_info    0x000145ca       0x22 CMakeFiles/c_project.dir/C_/bin/Pico_SDK_v1.5.0/pico-sdk/src/rp2_common/pico_divider/divider.S.obj
 .debug_info    0x000145ec       0x22 CMakeFiles/c_project.dir/C_/bin/Pico_SDK_v1.5.0/pico-sdk/src/rp2_common/pico_double/double_aeabi.S.obj
 .debug_info    0x0001460e      0x2fb CMakeFiles/c_project.dir/C_/bin/Pico_SDK_v1.5.0/pico-sdk/src/rp2_common/pico_double/double_init_rom.c.obj
 .debug_info    0x00014909       0x26 CMakeFiles/c_project.dir/C_/bin/Pico_SDK_v1.5.0/pico-sdk/src/rp2_common/pico_double/double_v1_rom_shim.S.obj
 .debug_info    0x0001492f       0x26 CMakeFiles/c_project.dir/C_/bin/Pico_SDK_v1.5.0/pico-sdk/src/rp2_common/pico_int64_ops/pico_int64_ops_aeabi.S.obj
 .debug_info    0x00014955       0x22 CMakeFiles/c_project.dir/C_/bin/Pico_SDK_v1.5.0/pico-sdk/src/rp2_common/pico_float/float_aeabi.S.obj
 .debug_info    0x00014977      0x2d8 CMakeFiles/c_project.dir/C_/bin/Pico_SDK_v1.5.0/pico-sdk/src/rp2_common/pico_float/float_init_rom.c.obj
 .debug_info    0x00014c4f       0x22 CMakeFiles/c_project.dir/C_/bin/Pico_SDK_v1.5.0/pico-sdk/src/rp2_common/pico_mem_ops/mem_ops_aeabi.S.obj
 .debug_info    0x00014c71       0x22 CMakeFiles/c_project.dir/C_/bin/Pico_SDK_v1.5.0/pico-sdk/src/rp2_common/pico_standard_link/crt0.S.obj
 .debug_info    0x00014c93      0x2f6 CMakeFiles/c_project.dir/C_/bin/Pico_SDK_v1.5.0/pico-sdk/src/rp2_common/pico_standard_link/binary_info.c.obj
 .debug_info    0x00014f89     0x1821 CMakeFiles/c_project.dir/C_/bin/Pico_SDK_v1.5.0/pico-sdk/src/rp2_common/pico_stdio/stdio.c.obj
 .debug_info    0x000167aa     0x1044 CMakeFiles/c_project.dir/C_/bin/Pico_SDK_v1.5.0/pico-sdk/src/rp2_common/pico_stdio_uart/stdio_uart.c.obj

.debug_abbrev   0x00000000     0x4442
 .debug_abbrev  0x00000000      0x44a CMakeFiles/c_project.dir/main.c.obj
 .debug_abbrev  0x0000044a      0x339 CMakeFiles/c_project.dir/C_/bin/Pico_SDK_v1.5.0/pico-sdk/src/rp2_common/hardware_gpio/gpio.c.obj
 .debug_abbrev  0x00000783       0xeb CMakeFiles/c_project.dir/C_/bin/Pico_SDK_v1.5.0/pico-sdk/src/rp2_common/pico_platform/platform.c.obj
 .debug_abbrev  0x0000086e      0x2e9 CMakeFiles/c_project.dir/C_/bin/Pico_SDK_v1.5.0/pico-sdk/src/rp2_common/hardware_claim/claim.c.obj
 .debug_abbrev  0x00000b57      0x21b CMakeFiles/c_project.dir/C_/bin/Pico_SDK_v1.5.0/pico-sdk/src/rp2_common/hardware_sync/sync.c.obj
 .debug_abbrev  0x00000d72      0x4e7 CMakeFiles/c_project.dir/C_/bin/Pico_SDK_v1.5.0/pico-sdk/src/rp2_common/hardware_irq/irq.c.obj
 .debug_abbrev  0x00001259      0x116 CMakeFiles/c_project.dir/C_/bin/Pico_SDK_v1.5.0/pico-sdk/src/common/pico_sync/lock_core.c.obj
 .debug_abbrev  0x0000136f      0x397 CMakeFiles/c_project.dir/C_/bin/Pico_SDK_v1.5.0/pico-sdk/src/common/pico_sync/mutex.c.obj
 .debug_abbrev  0x00001706      0x571 CMakeFiles/c_project.dir/C_/bin/Pico_SDK_v1.5.0/pico-sdk/src/common/pico_time/time.c.obj
 .debug_abbrev  0x00001c77      0x3b8 CMakeFiles/c_project.dir/C_/bin/Pico_SDK_v1.5.0/pico-sdk/src/rp2_common/hardware_timer/timer.c.obj
 .debug_abbrev  0x0000202f      0x297 CMakeFiles/c_project.dir/C_/bin/Pico_SDK_v1.5.0/pico-sdk/src/common/pico_util/pheap.c.obj
 .debug_abbrev  0x000022c6      0x2d2 CMakeFiles/c_project.dir/C_/bin/Pico_SDK_v1.5.0/pico-sdk/src/rp2_common/hardware_uart/uart.c.obj
 .debug_abbrev  0x00002598      0x3a5 CMakeFiles/c_project.dir/C_/bin/Pico_SDK_v1.5.0/pico-sdk/src/rp2_common/hardware_clocks/clocks.c.obj
 .debug_abbrev  0x0000293d      0x1ea CMakeFiles/c_project.dir/C_/bin/Pico_SDK_v1.5.0/pico-sdk/src/rp2_common/hardware_pll/pll.c.obj
 .debug_abbrev  0x00002b27      0x1a8 CMakeFiles/c_project.dir/C_/bin/Pico_SDK_v1.5.0/pico-sdk/src/rp2_common/hardware_watchdog/watchdog.c.obj
 .debug_abbrev  0x00002ccf      0x109 CMakeFiles/c_project.dir/C_/bin/Pico_SDK_v1.5.0/pico-sdk/src/rp2_common/hardware_xosc/xosc.c.obj
 .debug_abbrev  0x00002dd8      0x4ba CMakeFiles/c_project.dir/C_/bin/Pico_SDK_v1.5.0/pico-sdk/src/rp2_common/pico_runtime/runtime.c.obj
 .debug_abbrev  0x00003292      0x384 CMakeFiles/c_project.dir/C_/bin/Pico_SDK_v1.5.0/pico-sdk/src/rp2_common/pico_printf/printf.c.obj
 .debug_abbrev  0x00003616       0x12 CMakeFiles/c_project.dir/C_/bin/Pico_SDK_v1.5.0/pico-sdk/src/rp2_common/pico_bit_ops/bit_ops_aeabi.S.obj
 .debug_abbrev  0x00003628      0x13b CMakeFiles/c_project.dir/C_/bin/Pico_SDK_v1.5.0/pico-sdk/src/rp2_common/pico_bootrom/bootrom.c.obj
 .debug_abbrev  0x00003763       0x12 CMakeFiles/c_project.dir/C_/bin/Pico_SDK_v1.5.0/pico-sdk/src/rp2_common/pico_divider/divider.S.obj
 .debug_abbrev  0x00003775       0x12 CMakeFiles/c_project.dir/C_/bin/Pico_SDK_v1.5.0/pico-sdk/src/rp2_common/pico_double/double_aeabi.S.obj
 .debug_abbrev  0x00003787      0x196 CMakeFiles/c_project.dir/C_/bin/Pico_SDK_v1.5.0/pico-sdk/src/rp2_common/pico_double/double_init_rom.c.obj
 .debug_abbrev  0x0000391d       0x14 CMakeFiles/c_project.dir/C_/bin/Pico_SDK_v1.5.0/pico-sdk/src/rp2_common/pico_double/double_v1_rom_shim.S.obj
 .debug_abbrev  0x00003931       0x14 CMakeFiles/c_project.dir/C_/bin/Pico_SDK_v1.5.0/pico-sdk/src/rp2_common/pico_int64_ops/pico_int64_ops_aeabi.S.obj
 .debug_abbrev  0x00003945       0x12 CMakeFiles/c_project.dir/C_/bin/Pico_SDK_v1.5.0/pico-sdk/src/rp2_common/pico_float/float_aeabi.S.obj
 .debug_abbrev  0x00003957      0x18d CMakeFiles/c_project.dir/C_/bin/Pico_SDK_v1.5.0/pico-sdk/src/rp2_common/pico_float/float_init_rom.c.obj
 .debug_abbrev  0x00003ae4       0x12 CMakeFiles/c_project.dir/C_/bin/Pico_SDK_v1.5.0/pico-sdk/src/rp2_common/pico_mem_ops/mem_ops_aeabi.S.obj
 .debug_abbrev  0x00003af6       0x12 CMakeFiles/c_project.dir/C_/bin/Pico_SDK_v1.5.0/pico-sdk/src/rp2_common/pico_standard_link/crt0.S.obj
 .debug_abbrev  0x00003b08       0xad CMakeFiles/c_project.dir/C_/bin/Pico_SDK_v1.5.0/pico-sdk/src/rp2_common/pico_standard_link/binary_info.c.obj
 .debug_abbrev  0x00003bb5      0x4a5 CMakeFiles/c_project.dir/C_/bin/Pico_SDK_v1.5.0/pico-sdk/src/rp2_common/pico_stdio/stdio.c.obj
 .debug_abbrev  0x0000405a      0x3e8 CMakeFiles/c_project.dir/C_/bin/Pico_SDK_v1.5.0/pico-sdk/src/rp2_common/pico_stdio_uart/stdio_uart.c.obj

.debug_loc      0x00000000     0xfee1
 .debug_loc     0x00000000     0x17ab CMakeFiles/c_project.dir/main.c.obj
 .debug_loc     0x000017ab     0x118d CMakeFiles/c_project.dir/C_/bin/Pico_SDK_v1.5.0/pico-sdk/src/rp2_common/hardware_gpio/gpio.c.obj
 .debug_loc     0x00002938       0xe9 CMakeFiles/c_project.dir/C_/bin/Pico_SDK_v1.5.0/pico-sdk/src/rp2_common/pico_platform/platform.c.obj
 .debug_loc     0x00002a21      0x45f CMakeFiles/c_project.dir/C_/bin/Pico_SDK_v1.5.0/pico-sdk/src/rp2_common/hardware_claim/claim.c.obj
 .debug_loc     0x00002e80      0x233 CMakeFiles/c_project.dir/C_/bin/Pico_SDK_v1.5.0/pico-sdk/src/rp2_common/hardware_sync/sync.c.obj
 .debug_loc     0x000030b3     0x13f5 CMakeFiles/c_project.dir/C_/bin/Pico_SDK_v1.5.0/pico-sdk/src/rp2_common/hardware_irq/irq.c.obj
 .debug_loc     0x000044a8       0x60 CMakeFiles/c_project.dir/C_/bin/Pico_SDK_v1.5.0/pico-sdk/src/common/pico_sync/lock_core.c.obj
 .debug_loc     0x00004508     0x152e CMakeFiles/c_project.dir/C_/bin/Pico_SDK_v1.5.0/pico-sdk/src/common/pico_sync/mutex.c.obj
 .debug_loc     0x00005a36     0x31cb CMakeFiles/c_project.dir/C_/bin/Pico_SDK_v1.5.0/pico-sdk/src/common/pico_time/time.c.obj
 .debug_loc     0x00008c01      0xacb CMakeFiles/c_project.dir/C_/bin/Pico_SDK_v1.5.0/pico-sdk/src/rp2_common/hardware_timer/timer.c.obj
 .debug_loc     0x000096cc     0x1446 CMakeFiles/c_project.dir/C_/bin/Pico_SDK_v1.5.0/pico-sdk/src/common/pico_util/pheap.c.obj
 .debug_loc     0x0000ab12      0x533 CMakeFiles/c_project.dir/C_/bin/Pico_SDK_v1.5.0/pico-sdk/src/rp2_common/hardware_uart/uart.c.obj
 .debug_loc     0x0000b045      0x81d CMakeFiles/c_project.dir/C_/bin/Pico_SDK_v1.5.0/pico-sdk/src/rp2_common/hardware_clocks/clocks.c.obj
 .debug_loc     0x0000b862      0x2f3 CMakeFiles/c_project.dir/C_/bin/Pico_SDK_v1.5.0/pico-sdk/src/rp2_common/hardware_pll/pll.c.obj
 .debug_loc     0x0000bb55      0x2ec CMakeFiles/c_project.dir/C_/bin/Pico_SDK_v1.5.0/pico-sdk/src/rp2_common/hardware_watchdog/watchdog.c.obj
 .debug_loc     0x0000be41       0x71 CMakeFiles/c_project.dir/C_/bin/Pico_SDK_v1.5.0/pico-sdk/src/rp2_common/hardware_xosc/xosc.c.obj
 .debug_loc     0x0000beb2      0x674 CMakeFiles/c_project.dir/C_/bin/Pico_SDK_v1.5.0/pico-sdk/src/rp2_common/pico_runtime/runtime.c.obj
 .debug_loc     0x0000c526     0x2095 CMakeFiles/c_project.dir/C_/bin/Pico_SDK_v1.5.0/pico-sdk/src/rp2_common/pico_printf/printf.c.obj
 .debug_loc     0x0000e5bb      0x1a1 CMakeFiles/c_project.dir/C_/bin/Pico_SDK_v1.5.0/pico-sdk/src/rp2_common/pico_bootrom/bootrom.c.obj
 .debug_loc     0x0000e75c       0x59 CMakeFiles/c_project.dir/C_/bin/Pico_SDK_v1.5.0/pico-sdk/src/rp2_common/pico_double/double_init_rom.c.obj
 .debug_loc     0x0000e7b5       0x81 CMakeFiles/c_project.dir/C_/bin/Pico_SDK_v1.5.0/pico-sdk/src/rp2_common/pico_float/float_init_rom.c.obj
 .debug_loc     0x0000e836      0xe23 CMakeFiles/c_project.dir/C_/bin/Pico_SDK_v1.5.0/pico-sdk/src/rp2_common/pico_stdio/stdio.c.obj
 .debug_loc     0x0000f659      0x888 CMakeFiles/c_project.dir/C_/bin/Pico_SDK_v1.5.0/pico-sdk/src/rp2_common/pico_stdio_uart/stdio_uart.c.obj

.debug_aranges  0x00000000      0xdc0
 .debug_aranges
                0x00000000       0x78 CMakeFiles/c_project.dir/main.c.obj
 .debug_aranges
                0x00000078      0x100 CMakeFiles/c_project.dir/C_/bin/Pico_SDK_v1.5.0/pico-sdk/src/rp2_common/hardware_gpio/gpio.c.obj
 .debug_aranges
                0x00000178       0x28 CMakeFiles/c_project.dir/C_/bin/Pico_SDK_v1.5.0/pico-sdk/src/rp2_common/pico_platform/platform.c.obj
 .debug_aranges