Archive member included to satisfy reference by file (symbol)

c:/bin/pico_sdk_v1.5.0/gcc-arm-none-eabi/bin/../lib/gcc/arm-none-eabi/10.3.1/thumb/v6-m/nofp\libgcc.a(_dvmd_tls.o)
                              CMakeFiles/lab4.dir/C_/bin/Pico_SDK_v1.5.0/pico-sdk/src/rp2_common/pico_divider/divider.S.obj (__aeabi_idiv0)
c:/bin/pico_sdk_v1.5.0/gcc-arm-none-eabi/bin/../lib/gcc/arm-none-eabi/10.3.1/../../../../arm-none-eabi/lib/thumb/v6-m/nofp\libg.a(lib_a-calloc.o)
                              CMakeFiles/lab4.dir/C_/bin/Pico_SDK_v1.5.0/pico-sdk/src/rp2_common/pico_malloc/pico_malloc.c.obj (calloc)
c:/bin/pico_sdk_v1.5.0/gcc-arm-none-eabi/bin/../lib/gcc/arm-none-eabi/10.3.1/../../../../arm-none-eabi/lib/thumb/v6-m/nofp\libg.a(lib_a-callocr.o)
                              c:/bin/pico_sdk_v1.5.0/gcc-arm-none-eabi/bin/../lib/gcc/arm-none-eabi/10.3.1/../../../../arm-none-eabi/lib/thumb/v6-m/nofp\libg.a(lib_a-calloc.o) (_calloc_r)
c:/bin/pico_sdk_v1.5.0/gcc-arm-none-eabi/bin/../lib/gcc/arm-none-eabi/10.3.1/../../../../arm-none-eabi/lib/thumb/v6-m/nofp\libg.a(lib_a-ctype_.o)
                              CMakeFiles/lab4.dir/main.c.obj (_ctype_)
c:/bin/pico_sdk_v1.5.0/gcc-arm-none-eabi/bin/../lib/gcc/arm-none-eabi/10.3.1/../../../../arm-none-eabi/lib/thumb/v6-m/nofp\libg.a(lib_a-errno.o)
                              c:/bin/pico_sdk_v1.5.0/gcc-arm-none-eabi/bin/../lib/gcc/arm-none-eabi/10.3.1/../../../../arm-none-eabi/lib/thumb/v6-m/nofp\libg.a(lib_a-callocr.o) (__errno)
c:/bin/pico_sdk_v1.5.0/gcc-arm-none-eabi/bin/../lib/gcc/arm-none-eabi/10.3.1/../../../../arm-none-eabi/lib/thumb/v6-m/nofp\libg.a(lib_a-impure.o)
                              c:/bin/pico_sdk_v1.5.0/gcc-arm-none-eabi/bin/../lib/gcc/arm-none-eabi/10.3.1/../../../../arm-none-eabi/lib/thumb/v6-m/nofp\libg.a(lib_a-calloc.o) (_impure_ptr)
c:/bin/pico_sdk_v1.5.0/gcc-arm-none-eabi/bin/../lib/gcc/arm-none-eabi/10.3.1/../../../../arm-none-eabi/lib/thumb/v6-m/nofp\libg.a(lib_a-init.o)
                              c:/bin/pico_sdk_v1.5.0/gcc-arm-none-eabi/bin/../lib/gcc/arm-none-eabi/10.3.1/../../../../arm-none-eabi/lib/thumb/v6-m/nofp/crt0.o (__libc_init_array)
c:/bin/pico_sdk_v1.5.0/gcc-arm-none-eabi/bin/../lib/gcc/arm-none-eabi/10.3.1/../../../../arm-none-eabi/lib/thumb/v6-m/nofp\libg.a(lib_a-malloc.o)
                              CMakeFiles/lab4.dir/C_/bin/Pico_SDK_v1.5.0/pico-sdk/src/rp2_common/pico_malloc/pico_malloc.c.obj (malloc)
c:/bin/pico_sdk_v1.5.0/gcc-arm-none-eabi/bin/../lib/gcc/arm-none-eabi/10.3.1/../../../../arm-none-eabi/lib/thumb/v6-m/nofp\libg.a(lib_a-mallocr.o)
                              c:/bin/pico_sdk_v1.5.0/gcc-arm-none-eabi/bin/../lib/gcc/arm-none-eabi/10.3.1/../../../../arm-none-eabi/lib/thumb/v6-m/nofp\libg.a(lib_a-callocr.o) (_malloc_r)
c:/bin/pico_sdk_v1.5.0/gcc-arm-none-eabi/bin/../lib/gcc/arm-none-eabi/10.3.1/../../../../arm-none-eabi/lib/thumb/v6-m/nofp\libg.a(lib_a-mlock.o)
                              c:/bin/pico_sdk_v1.5.0/gcc-arm-none-eabi/bin/../lib/gcc/arm-none-eabi/10.3.1/../../../../arm-none-eabi/lib/thumb/v6-m/nofp\libg.a(lib_a-mallocr.o) (__malloc_lock)
c:/bin/pico_sdk_v1.5.0/gcc-arm-none-eabi/bin/../lib/gcc/arm-none-eabi/10.3.1/../../../../arm-none-eabi/lib/thumb/v6-m/nofp\libg.a(lib_a-realloc.o)
                              CMakeFiles/lab4.dir/C_/bin/Pico_SDK_v1.5.0/pico-sdk/src/rp2_common/pico_malloc/pico_malloc.c.obj (realloc)
c:/bin/pico_sdk_v1.5.0/gcc-arm-none-eabi/bin/../lib/gcc/arm-none-eabi/10.3.1/../../../../arm-none-eabi/lib/thumb/v6-m/nofp\libg.a(lib_a-reallocr.o)
                              c:/bin/pico_sdk_v1.5.0/gcc-arm-none-eabi/bin/../lib/gcc/arm-none-eabi/10.3.1/../../../../arm-none-eabi/lib/thumb/v6-m/nofp\libg.a(lib_a-realloc.o) (_realloc_r)
c:/bin/pico_sdk_v1.5.0/gcc-arm-none-eabi/bin/../lib/gcc/arm-none-eabi/10.3.1/../../../../arm-none-eabi/lib/thumb/v6-m/nofp\libg.a(lib_a-sbrkr.o)
                              c:/bin/pico_sdk_v1.5.0/gcc-arm-none-eabi/bin/../lib/gcc/arm-none-eabi/10.3.1/../../../../arm-none-eabi/lib/thumb/v6-m/nofp\libg.a(lib_a-mallocr.o) (_sbrk_r)
c:/bin/pico_sdk_v1.5.0/gcc-arm-none-eabi/bin/../lib/gcc/arm-none-eabi/10.3.1/../../../../arm-none-eabi/lib/thumb/v6-m/nofp\libg.a(lib_a-strlen-stub.o)
                              CMakeFiles/lab4.dir/uart.c.obj (strlen)
c:/bin/pico_sdk_v1.5.0/gcc-arm-none-eabi/bin/../lib/gcc/arm-none-eabi/10.3.1/../../../../arm-none-eabi/lib/thumb/v6-m/nofp\libg.a(lib_a-freer.o)
                              c:/bin/pico_sdk_v1.5.0/gcc-arm-none-eabi/bin/../lib/gcc/arm-none-eabi/10.3.1/../../../../arm-none-eabi/lib/thumb/v6-m/nofp\libg.a(lib_a-malloc.o) (_free_r)
c:/bin/pico_sdk_v1.5.0/gcc-arm-none-eabi/bin/../lib/gcc/arm-none-eabi/10.3.1/../../../../arm-none-eabi/lib/thumb/v6-m/nofp\libg.a(lib_a-lock.o)
                              c:/bin/pico_sdk_v1.5.0/gcc-arm-none-eabi/bin/../lib/gcc/arm-none-eabi/10.3.1/../../../../arm-none-eabi/lib/thumb/v6-m/nofp\libg.a(lib_a-mlock.o) (__retarget_lock_acquire_recursive)
[...]
Memory Configuration

Name             Origin             Length             Attributes
FLASH            0x10000000         0x00200000         xr
RAM              0x20000000         0x00040000         xrw
SCRATCH_X        0x20040000         0x00001000         xrw
SCRATCH_Y        0x20041000         0x00001000         xrw
*default*        0x00000000         0xffffffff

Linker script and memory map

LOAD c:/bin/pico_sdk_v1.5.0/gcc-arm-none-eabi/bin/../lib/gcc/arm-none-eabi/10.3.1/thumb/v6-m/nofp/crti.o
LOAD c:/bin/pico_sdk_v1.5.0/gcc-arm-none-eabi/bin/../lib/gcc/arm-none-eabi/10.3.1/thumb/v6-m/nofp/crtbegin.o
LOAD c:/bin/pico_sdk_v1.5.0/gcc-arm-none-eabi/bin/../lib/gcc/arm-none-eabi/10.3.1/../../../../arm-none-eabi/lib/thumb/v6-m/nofp/crt0.o

.flash_begin    0x10000000        0x0
                0x10000000                __flash_binary_start = .

.boot2          0x10000000      0x100
                0x10000000                __boot2_start__ = .
 *(.boot2)
 .boot2         0x10000000      0x100 C:\Users\uglyz\AppData\Local\Temp\cc95Lt2j.o
                0x10000100                __boot2_end__ = .
                0x00000001                ASSERT (((__boot2_end__ - __boot2_start__) == 0x100), ERROR: Pico second stage bootloader must be 256 bytes in size)

.text           0x10000100     0x52c8
                0x10000100                __logical_binary_start = .
 *(.vectors)
 .vectors       0x10000100       0xd4 CMakeFiles/lab4.dir/C_/bin/Pico_SDK_v1.5.0/pico-sdk/src/rp2_common/pico_standard_link/crt0.S.obj
                0x10000100                __VECTOR_TABLE
                0x10000100                __vectors
                0x100001c0                isr_invalid
                0x100001c0                __default_isrs_start
                0x100001c2                isr_nmi
                0x100001c4                isr_hardfault
                0x100001c6                isr_svcall
                0x100001c8                isr_pendsv
                0x100001ca                isr_systick
                0x100001cc                isr_irq23
                0x100001cc                isr_irq18
                0x100001cc                isr_irq11
                0x100001cc                isr_irq28
                0x100001cc                isr_irq19
                0x100001cc                isr_irq0
                0x100001cc                isr_irq6
                0x100001cc                isr_irq5
                0x100001cc                isr_irq12
                0x100001cc                isr_irq22
                0x100001cc                isr_irq31
                0x100001cc                isr_irq17
                0x100001cc                isr_irq27
                0x100001cc                isr_irq30
                0x100001cc                isr_irq2
                0x100001cc                isr_irq10
                0x100001cc                isr_irq8
                0x100001cc                isr_irq24
                0x100001cc                isr_irq1
                0x100001cc                isr_irq7
                0x100001cc                isr_irq21
                0x100001cc                isr_irq20
                0x100001cc                isr_irq15
                0x100001cc                isr_irq25
                0x100001cc                isr_irq13
                0x100001cc                __unhandled_user_irq
                0x100001cc                isr_irq4
                0x100001cc                isr_irq16
                0x100001cc                isr_irq29
                0x100001cc                isr_irq26
                0x100001cc                __default_isrs_end
                0x100001cc                isr_irq3
                0x100001cc                isr_irq14
                0x100001cc                isr_irq9
                0x100001d2                unhandled_user_irq_num_in_r0
 *(.binary_info_header)
 .binary_info_header
                0x100001d4       0x14 CMakeFiles/lab4.dir/C_/bin/Pico_SDK_v1.5.0/pico-sdk/src/rp2_common/pico_standard_link/crt0.S.obj
                0x100001e8                __binary_info_header_end = .
 *(.reset)
 .reset         0x100001e8       0xa0 CMakeFiles/lab4.dir/C_/bin/Pico_SDK_v1.5.0/pico-sdk/src/rp2_common/pico_standard_link/crt0.S.obj
                0x100001e8                _entry_point
 .reset         0x10000288       0x30 CMakeFiles/lab4.dir/C_/bin/Pico_SDK_v1.5.0/pico-sdk/src/rp2_common/pico_standard_link/binary_info.c.obj
 *(.init)
 .init          0x100002b8        0x4 c:/bin/pico_sdk_v1.5.0/gcc-arm-none-eabi/bin/../lib/gcc/arm-none-eabi/10.3.1/thumb/v6-m/nofp/crti.o
                0x100002b8                _init
 *(EXCLUDE_FILE(*libm.a: *libc.a:*lib_a-mem*.o *libgcc.a:) .text*)
 .text          0x100002bc       0x48 c:/bin/pico_sdk_v1.5.0/gcc-arm-none-eabi/bin/../lib/gcc/arm-none-eabi/10.3.1/thumb/v6-m/nofp/crtbegin.o
 .text.send_command
                0x10000304       0x84 CMakeFiles/lab4.dir/main.c.obj
                0x10000304                send_command
 .text.format_deveui
                0x10000388       0x48 CMakeFiles/lab4.dir/main.c.obj
                0x10000388                format_deveui
 .text.main     0x100003d0       0xec CMakeFiles/lab4.dir/main.c.obj
                0x100003d0                main
 .text.rb_init  0x100004bc        0xc CMakeFiles/lab4.dir/ring_buffer.c.obj
                0x100004bc                rb_init
 .text.rb_empty
                0x100004c8       0x10 CMakeFiles/lab4.dir/ring_buffer.c.obj
                0x100004c8                rb_empty
 .text.rb_full  0x100004d8       0x1a CMakeFiles/lab4.dir/ring_buffer.c.obj
                0x100004d8                rb_full
 .text.rb_put   0x100004f2       0x24 CMakeFiles/lab4.dir/ring_buffer.c.obj
                0x100004f2                rb_put
 .text.rb_get   0x10000516       0x1e CMakeFiles/lab4.dir/ring_buffer.c.obj
                0x10000516                rb_get
 .text.rb_alloc
                0x10000534       0x1a CMakeFiles/lab4.dir/ring_buffer.c.obj
                0x10000534                rb_alloc
 *fill*         0x1000054e        0x2 
 .text.uart_get_handle
                0x10000550       0x14 CMakeFiles/lab4.dir/uart.c.obj
 .text.uart_setup
                0x10000564       0x76 CMakeFiles/lab4.dir/uart.c.obj
                0x10000564                uart_setup
 .text.uart_read
                0x100005da       0x40 CMakeFiles/lab4.dir/uart.c.obj
                0x100005da                uart_read
 .text.uart_irq_rx
                0x1000061a       0x3e CMakeFiles/lab4.dir/uart.c.obj
                0x1000061a                uart_irq_rx
 .text.uart_irq_tx
                0x10000658       0x46 CMakeFiles/lab4.dir/uart.c.obj
                0x10000658                uart_irq_tx
 .text.uart_write
                0x1000069e       0x76 CMakeFiles/lab4.dir/uart.c.obj
                0x1000069e                uart_write
 .text.uart_send
                0x10000714       0x18 CMakeFiles/lab4.dir/uart.c.obj
                0x10000714                uart_send
 .text.uart0_handler
                0x1000072c       0x18 CMakeFiles/lab4.dir/uart.c.obj
                0x1000072c                uart0_handler
 .text.uart1_handler
                0x10000744       0x18 CMakeFiles/lab4.dir/uart.c.obj
                0x10000744                uart1_handler
 .text.gpio_set_function
                0x1000075c       0x30 CMakeFiles/lab4.dir/C_/bin/Pico_SDK_v1.5.0/pico-sdk/src/rp2_common/hardware_gpio/gpio.c.obj
                0x1000075c                gpio_set_function
 .text.gpio_set_pulls
                0x1000078c       0x34 CMakeFiles/lab4.dir/C_/bin/Pico_SDK_v1.5.0/pico-sdk/src/rp2_common/hardware_gpio/gpio.c.obj
                0x1000078c                gpio_set_pulls
 .text.gpio_init
                0x100007c0       0x16 CMakeFiles/lab4.dir/C_/bin/Pico_SDK_v1.5.0/pico-sdk/src/rp2_common/hardware_gpio/gpio.c.obj
                0x100007c0                gpio_init
 *fill*         0x100007d6        0x2 
 .text.running_on_fpga
                0x100007d8       0x14 CMakeFiles/lab4.dir/C_/bin/Pico_SDK_v1.5.0/pico-sdk/src/rp2_common/pico_platform/platform.c.obj
                0x100007d8                running_on_fpga
 .text.hw_claim_lock
                0x100007ec       0x18 CMakeFiles/lab4.dir/C_/bin/Pico_SDK_v1.5.0/pico-sdk/src/rp2_common/hardware_claim/claim.c.obj
                0x100007ec                hw_claim_lock
 .text.hw_claim_unlock
                0x10000804       0x14 CMakeFiles/lab4.dir/C_/bin/Pico_SDK_v1.5.0/pico-sdk/src/rp2_common/hardware_claim/claim.c.obj
                0x10000804                hw_claim_unlock
 .text.hw_claim_or_assert
                0x10000818       0x32 CMakeFiles/lab4.dir/C_/bin/Pico_SDK_v1.5.0/pico-sdk/src/rp2_common/hardware_claim/claim.c.obj
                0x10000818                hw_claim_or_assert
 *fill*         0x1000084a        0x2 
 .text.spin_locks_reset
                0x1000084c       0x20 CMakeFiles/lab4.dir/C_/bin/Pico_SDK_v1.5.0/pico-sdk/src/rp2_common/hardware_sync/sync.c.obj
                0x1000084c                spin_locks_reset
 .text.next_striped_spin_lock_num
                0x1000086c       0x1c CMakeFiles/lab4.dir/C_/bin/Pico_SDK_v1.5.0/pico-sdk/src/rp2_common/hardware_sync/sync.c.obj
                0x1000086c                next_striped_spin_lock_num
 .text.set_raw_irq_handler_and_unlock
                0x10000888       0x28 CMakeFiles/lab4.dir/C_/bin/Pico_SDK_v1.5.0/pico-sdk/src/rp2_common/hardware_irq/irq.c.obj
 .text.make_branch
                0x100008b0       0x48 CMakeFiles/lab4.dir/C_/bin/Pico_SDK_v1.5.0/pico-sdk/src/rp2_common/hardware_irq/irq.c.obj
 .text.insert_branch_and_link
                0x100008f8       0x40 CMakeFiles/lab4.dir/C_/bin/Pico_SDK_v1.5.0/pico-sdk/src/rp2_common/hardware_irq/irq.c.obj
 .text.irq_is_enabled
                0x10000938       0x18 CMakeFiles/lab4.dir/C_/bin/Pico_SDK_v1.5.0/pico-sdk/src/rp2_common/hardware_irq/irq.c.obj
                0x10000938                irq_is_enabled
 .text.irq_set_mask_enabled
                0x10000950       0x20 CMakeFiles/lab4.dir/C_/bin/Pico_SDK_v1.5.0/pico-sdk/src/rp2_common/hardware_irq/irq.c.obj
                0x10000950                irq_set_mask_enabled
 .text.irq_set_enabled
                0x10000970        0xe CMakeFiles/lab4.dir/C_/bin/Pico_SDK_v1.5.0/pico-sdk/src/rp2_common/hardware_irq/irq.c.obj
                0x10000970                irq_set_enabled
 *fill*         0x1000097e        0x2 
 .text.irq_get_vtable_handler
                0x10000980       0x10 CMakeFiles/lab4.dir/C_/bin/Pico_SDK_v1.5.0/pico-sdk/src/rp2_common/hardware_irq/irq.c.obj
                0x10000980                irq_get_vtable_handler
 .text.irq_set_exclusive_handler
                0x10000990       0x54 CMakeFiles/lab4.dir/C_/bin/Pico_SDK_v1.5.0/pico-sdk/src/rp2_common/hardware_irq/irq.c.obj
                0x10000990                irq_set_exclusive_handler
 .text.irq_remove_handler
                0x100009e4      0x1ac CMakeFiles/lab4.dir/C_/bin/Pico_SDK_v1.5.0/pico-sdk/src/rp2_common/hardware_irq/irq.c.obj
                0x100009e4                irq_remove_handler
 .text.irq_add_tail_to_free_list
                0x10000b90       0xf0 CMakeFiles/lab4.dir/C_/bin/Pico_SDK_v1.5.0/pico-sdk/src/rp2_common/hardware_irq/irq.c.obj
                0x10000b90                irq_add_tail_to_free_list
 .text.irq_init_priorities
                0x10000c80       0x1c CMakeFiles/lab4.dir/C_/bin/Pico_SDK_v1.5.0/pico-sdk/src/rp2_common/hardware_irq/irq.c.obj
                0x10000c80                irq_init_priorities
 .text.lock_init
                0x10000c9c       0x10 CMakeFiles/lab4.dir/C_/bin/Pico_SDK_v1.5.0/pico-sdk/src/common/pico_sync/lock_core.c.obj
                0x10000c9c                lock_init
 .text.mutex_init
                0x10000cac       0x1a CMakeFiles/lab4.dir/C_/bin/Pico_SDK_v1.5.0/pico-sdk/src/common/pico_sync/mutex.c.obj
                0x10000cac                mutex_init
 .text.recursive_mutex_init
                0x10000cc6       0x1e CMakeFiles/lab4.dir/C_/bin/Pico_SDK_v1.5.0/pico-sdk/src/common/pico_sync/mutex.c.obj
                0x10000cc6                recursive_mutex_init
 .text.alarm_pool_post_alloc_init
                0x10000ce4       0x40 CMakeFiles/lab4.dir/C_/bin/Pico_SDK_v1.5.0/pico-sdk/src/common/pico_time/time.c.obj
 .text.sleep_until_callback
                0x10000d24       0x30 CMakeFiles/lab4.dir/C_/bin/Pico_SDK_v1.5.0/pico-sdk/src/common/pico_time/time.c.obj
 .text.timer_pool_entry_comparator
                0x10000d54       0x7c CMakeFiles/lab4.dir/C_/bin/Pico_SDK_v1.5.0/pico-sdk/src/common/pico_time/time.c.obj
                0x10000d54                timer_pool_entry_comparator
 .text.ph_add_child_node
                0x10000dd0       0xa4 CMakeFiles/lab4.dir/C_/bin/Pico_SDK_v1.5.0/pico-sdk/src/common/pico_time/time.c.obj
 .text.ph_merge_nodes
                0x10000e74       0x3e CMakeFiles/lab4.dir/C_/bin/Pico_SDK_v1.5.0/pico-sdk/src/common/pico_time/time.c.obj
 *fill*         0x10000eb2        0x2 
 .text.add_alarm_under_lock
                0x10000eb4      0x174 CMakeFiles/lab4.dir/C_/bin/Pico_SDK_v1.5.0/pico-sdk/src/common/pico_time/time.c.obj
 .text.alarm_pool_alarm_callback
                0x10001028      0x33c CMakeFiles/lab4.dir/C_/bin/Pico_SDK_v1.5.0/pico-sdk/src/common/pico_time/time.c.obj
 .text.alarm_pool_init_default
                0x10001364       0x40 CMakeFiles/lab4.dir/C_/bin/Pico_SDK_v1.5.0/pico-sdk/src/common/pico_time/time.c.obj
                0x10001364                alarm_pool_init_default
 .text.alarm_pool_get_default
                0x100013a4       0x2c CMakeFiles/lab4.dir/C_/bin/Pico_SDK_v1.5.0/pico-sdk/src/common/pico_time/time.c.obj
                0x100013a4                alarm_pool_get_default
 .text.alarm_pool_add_alarm_at
                0x100013d0      0x168 CMakeFiles/lab4.dir/C_/bin/Pico_SDK_v1.5.0/pico-sdk/src/common/pico_time/time.c.obj
                0x100013d0                alarm_pool_add_alarm_at
 .text.alarm_pool_cancel_alarm
                0x10001538       0xf0 CMakeFiles/lab4.dir/C_/bin/Pico_SDK_v1.5.0/pico-sdk/src/common/pico_time/time.c.obj
                0x10001538                alarm_pool_cancel_alarm
 .text.sleep_until
                0x10001628       0xfc CMakeFiles/lab4.dir/C_/bin/Pico_SDK_v1.5.0/pico-sdk/src/common/pico_time/time.c.obj
                0x10001628                sleep_until
 .text.sleep_us
                0x10001724       0x58 CMakeFiles/lab4.dir/C_/bin/Pico_SDK_v1.5.0/pico-sdk/src/common/pico_time/time.c.obj
                0x10001724                sleep_us
 .text.sleep_ms
                0x1000177c       0x14 CMakeFiles/lab4.dir/C_/bin/Pico_SDK_v1.5.0/pico-sdk/src/common/pico_time/time.c.obj
                0x1000177c                sleep_ms
 .text.best_effort_wfe_or_timeout
                0x10001790       0xac CMakeFiles/lab4.dir/C_/bin/Pico_SDK_v1.5.0/pico-sdk/src/common/pico_time/time.c.obj
                0x10001790                best_effort_wfe_or_timeout
 .text.hardware_alarm_irq_handler
                0x1000183c       0x90 CMakeFiles/lab4.dir/C_/bin/Pico_SDK_v1.5.0/pico-sdk/src/rp2_common/hardware_timer/timer.c.obj
 .text.hardware_alarm_claim
                0x100018cc       0x18 CMakeFiles/lab4.dir/C_/bin/Pico_SDK_v1.5.0/pico-sdk/src/rp2_common/hardware_timer/timer.c.obj
                0x100018cc                hardware_alarm_claim
 .text.time_us_64
                0x100018e4       0x18 CMakeFiles/lab4.dir/C_/bin/Pico_SDK_v1.5.0/pico-sdk/src/rp2_common/hardware_timer/timer.c.obj
                0x100018e4                time_us_64
 .text.busy_wait_until
                0x100018fc       0x28 CMakeFiles/lab4.dir/C_/bin/Pico_SDK_v1.5.0/pico-sdk/src/rp2_common/hardware_timer/timer.c.obj
                0x100018fc                busy_wait_until
 .text.hardware_alarm_set_callback
                0x10001924       0x90 CMakeFiles/lab4.dir/C_/bin/Pico_SDK_v1.5.0/pico-sdk/src/rp2_common/hardware_timer/timer.c.obj
                0x10001924                hardware_alarm_set_callback
 .text.hardware_alarm_set_target
                0x100019b4       0xe8 CMakeFiles/lab4.dir/C_/bin/Pico_SDK_v1.5.0/pico-sdk/src/rp2_common/hardware_timer/timer.c.obj
                0x100019b4                hardware_alarm_set_target
 .text.hardware_alarm_cancel
                0x10001a9c       0x40 CMakeFiles/lab4.dir/C_/bin/Pico_SDK_v1.5.0/pico-sdk/src/rp2_common/hardware_timer/timer.c.obj
                0x10001a9c                hardware_alarm_cancel
 .text.ph_add_child_node
                0x10001adc       0xa4 CMakeFiles/lab4.dir/C_/bin/Pico_SDK_v1.5.0/pico-sdk/src/common/pico_util/pheap.c.obj
 .text.ph_merge_nodes
                0x10001b80       0x3e CMakeFiles/lab4.dir/C_/bin/Pico_SDK_v1.5.0/pico-sdk/src/common/pico_util/pheap.c.obj
 *fill*         0x10001bbe        0x2 
 .text.ph_clear
                0x10001bc0       0x70 CMakeFiles/lab4.dir/C_/bin/Pico_SDK_v1.5.0/pico-sdk/src/common/pico_util/pheap.c.obj
                0x10001bc0                ph_clear
 .text.ph_post_alloc_init
                0x10001c30        0xe CMakeFiles/lab4.dir/C_/bin/Pico_SDK_v1.5.0/pico-sdk/src/common/pico_util/pheap.c.obj
                0x10001c30                ph_post_alloc_init
 *fill*         0x10001c3e        0x2 
 .text.ph_merge_two_pass
                0x10001c40       0xa8 CMakeFiles/lab4.dir/C_/bin/Pico_SDK_v1.5.0/pico-sdk/src/common/pico_util/pheap.c.obj
                0x10001c40                ph_merge_two_pass
 .text.ph_remove_any_head
                0x10001ce8      0x128 CMakeFiles/lab4.dir/C_/bin/Pico_SDK_v1.5.0/pico-sdk/src/common/pico_util/pheap.c.obj
 .text.ph_remove_head
                0x10001e10       0x14 CMakeFiles/lab4.dir/C_/bin/Pico_SDK_v1.5.0/pico-sdk/src/common/pico_util/pheap.c.obj
                0x10001e10                ph_remove_head
 .text.ph_remove_and_free_node
                0x10001e24       0xf8 CMakeFiles/lab4.dir/C_/bin/Pico_SDK_v1.5.0/pico-sdk/src/common/pico_util/pheap.c.obj
                0x10001e24                ph_remove_and_free_node
 .text.uart_set_baudrate
                0x10001f1c       0x5c CMakeFiles/lab4.dir/C_/bin/Pico_SDK_v1.5.0/pico-sdk/src/rp2_common/hardware_uart/uart.c.obj
                0x10001f1c                uart_set_baudrate
 .text.uart_set_translate_crlf
                0x10001f78       0x28 CMakeFiles/lab4.dir/C_/bin/Pico_SDK_v1.5.0/pico-sdk/src/rp2_common/hardware_uart/uart.c.obj
                0x10001f78                uart_set_translate_crlf
 .text.uart_init
                0x10001fa0       0x80 CMakeFiles/lab4.dir/C_/bin/Pico_SDK_v1.5.0/pico-sdk/src/rp2_common/hardware_uart/uart.c.obj
                0x10001fa0                uart_init
 .text.clock_configure
                0x10002020      0x104 CMakeFiles/lab4.dir/C_/bin/Pico_SDK_v1.5.0/pico-sdk/src/rp2_common/hardware_clocks/clocks.c.obj
                0x10002020                clock_configure
 .text.clocks_init
                0x10002124      0x100 CMakeFiles/lab4.dir/C_/bin/Pico_SDK_v1.5.0/pico-sdk/src/rp2_common/hardware_clocks/clocks.c.obj
                0x10002124                clocks_init
 .text.clock_get_hz
                0x10002224        0xc CMakeFiles/lab4.dir/C_/bin/Pico_SDK_v1.5.0/pico-sdk/src/rp2_common/hardware_clocks/clocks.c.obj
                0x10002224                clock_get_hz
 .text.pll_init
                0x10002230      0x12c CMakeFiles/lab4.dir/C_/bin/Pico_SDK_v1.5.0/pico-sdk/src/rp2_common/hardware_pll/pll.c.obj
                0x10002230                pll_init
 .text.watchdog_start_tick
                0x1000235c       0x10 CMakeFiles/lab4.dir/C_/bin/Pico_SDK_v1.5.0/pico-sdk/src/rp2_common/hardware_watchdog/watchdog.c.obj
                0x1000235c                watchdog_start_tick
 .text.xosc_init
                0x1000236c       0x28 CMakeFiles/lab4.dir/C_/bin/Pico_SDK_v1.5.0/pico-sdk/src/rp2_common/hardware_xosc/xosc.c.obj
                0x1000236c                xosc_init
 .text._exit    0x10002394        0x4 CMakeFiles/lab4.dir/C_/bin/Pico_SDK_v1.5.0/pico-sdk/src/rp2_common/pico_runtime/runtime.c.obj
                0x10002394                _exit
 .text._sbrk    0x10002398       0x38 CMakeFiles/lab4.dir/C_/bin/Pico_SDK_v1.5.0/pico-sdk/src/rp2_common/pico_runtime/runtime.c.obj
                0x10002398                _sbrk
 .text.exit     0x100023d0        0x6 CMakeFiles/lab4.dir/C_/bin/Pico_SDK_v1.5.0/pico-sdk/src/rp2_common/pico_runtime/runtime.c.obj
                0x100023d0                exit
 *fill*         0x100023d6        0x2 
 .text.__assert_func
                0x100023d8       0x3c CMakeFiles/lab4.dir/C_/bin/Pico_SDK_v1.5.0/pico-sdk/src/rp2_common/pico_runtime/runtime.c.obj
                0x100023d8                __assert_func
 .text.runtime_init
                0x10002414       0xf8 CMakeFiles/lab4.dir/C_/bin/Pico_SDK_v1.5.0/pico-sdk/src/rp2_common/pico_runtime/runtime.c.obj
                0x10002414                runtime_init
 .text.panic    0x1000250c       0x30 CMakeFiles/lab4.dir/C_/bin/Pico_SDK_v1.5.0/pico-sdk/src/rp2_common/pico_runtime/runtime.c.obj
                0x1000250c                panic
 .text._out_null
                0x1000253c        0x2 CMakeFiles/lab4.dir/C_/bin/Pico_SDK_v1.5.0/pico-sdk/src/rp2_common/pico_printf/printf.c.obj
 .text._out_fct
                0x1000253e        0xe CMakeFiles/lab4.dir/C_/bin/Pico_SDK_v1.5.0/pico-sdk/src/rp2_common/pico_printf/printf.c.obj
 .text._atoi    0x1000254c       0x24 CMakeFiles/lab4.dir/C_/bin/Pico_SDK_v1.5.0/pico-sdk/src/rp2_common/pico_printf/printf.c.obj
 .text._out_rev
                0x10002570       0xae CMakeFiles/lab4.dir/C_/bin/Pico_SDK_v1.5.0/pico-sdk/src/rp2_common/pico_printf/printf.c.obj
 .text._ntoa_format
                0x1000261e      0x112 CMakeFiles/lab4.dir/C_/bin/Pico_SDK_v1.5.0/pico-sdk/src/rp2_common/pico_printf/printf.c.obj
 .text._ntoa_long
                0x10002730       0xbc CMakeFiles/lab4.dir/C_/bin/Pico_SDK_v1.5.0/pico-sdk/src/rp2_common/pico_printf/printf.c.obj
 .text._ntoa_long_long
                0x100027ec       0xe2 CMakeFiles/lab4.dir/C_/bin/Pico_SDK_v1.5.0/pico-sdk/src/rp2_common/pico_printf/printf.c.obj
 *fill*         0x100028ce        0x2 
 .text._etoa    0x100028d0      0x414 CMakeFiles/lab4.dir/C_/bin/Pico_SDK_v1.5.0/pico-sdk/src/rp2_common/pico_printf/printf.c.obj
 .text._ftoa    0x10002ce4      0x354 CMakeFiles/lab4.dir/C_/bin/Pico_SDK_v1.5.0/pico-sdk/src/rp2_common/pico_printf/printf.c.obj
 .text._vsnprintf
                0x10003038      0x624 CMakeFiles/lab4.dir/C_/bin/Pico_SDK_v1.5.0/pico-sdk/src/rp2_common/pico_printf/printf.c.obj
 .text.vfctprintf
                0x1000365c       0x20 CMakeFiles/lab4.dir/C_/bin/Pico_SDK_v1.5.0/pico-sdk/src/rp2_common/pico_printf/printf.c.obj
                0x1000365c                vfctprintf
 .text          0x1000367c       0x10 CMakeFiles/lab4.dir/C_/bin/Pico_SDK_v1.5.0/pico-sdk/src/rp2_common/pico_bit_ops/bit_ops_aeabi.S.obj
 .text.rom_func_lookup
                0x1000368c       0x10 CMakeFiles/lab4.dir/C_/bin/Pico_SDK_v1.5.0/pico-sdk/src/rp2_common/pico_bootrom/bootrom.c.obj
                0x1000368c                rom_func_lookup
 .text.rom_data_lookup
                0x1000369c       0x10 CMakeFiles/lab4.dir/C_/bin/Pico_SDK_v1.5.0/pico-sdk/src/rp2_common/pico_bootrom/bootrom.c.obj
                0x1000369c                rom_data_lookup
 .text.rom_funcs_lookup
                0x100036ac       0x36 CMakeFiles/lab4.dir/C_/bin/Pico_SDK_v1.5.0/pico-sdk/src/rp2_common/pico_bootrom/bootrom.c.obj
                0x100036ac                rom_funcs_lookup
 *fill*         0x100036e2        0x2 
 .text.__wrap___aeabi_idiv
                0x100036e4       0x50 CMakeFiles/lab4.dir/C_/bin/Pico_SDK_v1.5.0/pico-sdk/src/rp2_common/pico_divider/divider.S.obj
                0x100036e4                __wrap___aeabi_idivmod
                0x100036e4                divmod_s32s32
                0x100036e4                div_s32s32
                0x100036e4                __wrap___aeabi_idiv
                0x100036ec                divmod_s32s32_unsafe
                0x10003718                divmod_s32s32_savestate
 .text.__wrap___aeabi_uidiv
                0x10003734       0x4c CMakeFiles/lab4.dir/C_/bin/Pico_SDK_v1.5.0/pico-sdk/src/rp2_common/pico_divider/divider.S.obj
                0x10003734                __wrap___aeabi_uidiv
                0x10003734                __wrap___aeabi_uidivmod
                0x10003734                div_u32u32
                0x10003734                divmod_u32u32
                0x1000373c                divmod_u32u32_unsafe
                0x10003764                divmod_u32u32_savestate
 .text.__wrap___aeabi_ldiv
                0x10003780      0x424 CMakeFiles/lab4.dir/C_/bin/Pico_SDK_v1.5.0/pico-sdk/src/rp2_common/pico_divider/divider.S.obj
                0x10003780                div_s64s64
                0x10003780                divmod_s64s64
                0x10003780                __wrap___aeabi_ldivmod
                0x100037b0                divmod_u64u64
                0x100037b0                div_u64u64
                0x100037b0                __wrap___aeabi_uldivmod
                0x100037c0                divmod_u64u64_savestate
                0x100037e0                divmod_s64s64_unsafe
                0x10003868                divmod_u64u64_unsafe
 .text.__wrap___aeabi_darithmetic
                0x10003ba4       0x80 CMakeFiles/lab4.dir/C_/bin/Pico_SDK_v1.5.0/pico-sdk/src/rp2_common/pico_double/double_aeabi.S.obj
                0x10003ba4                __wrap___aeabi_drsub
                0x10003baa                __wrap___aeabi_dsub
                0x10003bbc                __wrap___aeabi_dadd
                0x10003bce                __wrap___aeabi_ddiv
                0x10003c0a                __wrap___aeabi_dmul
 .text.__wrap___aeabi_cdcmple
                0x10003c24       0x6c CMakeFiles/lab4.dir/C_/bin/Pico_SDK_v1.5.0/pico-sdk/src/rp2_common/pico_double/double_aeabi.S.obj
                0x10003c24                __wrap___aeabi_cdrcmple
                0x10003c34                __wrap___aeabi_cdcmpeq
                0x10003c34                __wrap___aeabi_cdcmple
 .text.__wrap___aeabi_dcmplt
                0x10003c90        0xc CMakeFiles/lab4.dir/C_/bin/Pico_SDK_v1.5.0/pico-sdk/src/rp2_common/pico_double/double_aeabi.S.obj
                0x10003c90                __wrap___aeabi_dcmplt
 .text.__wrap___aeabi_dcmple
                0x10003c9c       0x10 CMakeFiles/lab4.dir/C_/bin/Pico_SDK_v1.5.0/pico-sdk/src/rp2_common/pico_double/double_aeabi.S.obj
                0x10003c9c                __wrap___aeabi_dcmple
 .text.__wrap___aeabi_dcmpge
                0x10003cac       0x10 CMakeFiles/lab4.dir/C_/bin/Pico_SDK_v1.5.0/pico-sdk/src/rp2_common/pico_double/double_aeabi.S.obj
                0x10003cac                __wrap___aeabi_dcmpge
 .text.__wrap___aeabi_dcmpgt
                0x10003cbc        0xa CMakeFiles/lab4.dir/C_/bin/Pico_SDK_v1.5.0/pico-sdk/src/rp2_common/pico_double/double_aeabi.S.obj
                0x10003cbc                __wrap___aeabi_dcmpgt
 .text.__wrap___aeabi_dcmpun
                0x10003cc6       0x1c CMakeFiles/lab4.dir/C_/bin/Pico_SDK_v1.5.0/pico-sdk/src/rp2_common/pico_double/double_aeabi.S.obj
                0x10003cc6                __wrap___aeabi_dcmpun
 *fill*         0x10003ce2        0x2 
 .text.__wrap___aeabi_i2d
                0x10003ce4       0x38 CMakeFiles/lab4.dir/C_/bin/Pico_SDK_v1.5.0/pico-sdk/src/rp2_common/pico_double/double_aeabi.S.obj
                0x10003ce4                __wrap___aeabi_ui2d
                0x10003cec                __wrap___aeabi_i2d
 .text.__wrap___aeabi_d2iz
                0x10003d1c       0x48 CMakeFiles/lab4.dir/C_/bin/Pico_SDK_v1.5.0/pico-sdk/src/rp2_common/pico_double/double_aeabi.S.obj
                0x10003d1c                double2int_z
                0x10003d1c                __wrap___aeabi_d2iz
 .text.__wrap___aeabi_d2uiz
                0x10003d64       0x18 CMakeFiles/lab4.dir/C_/bin/Pico_SDK_v1.5.0/pico-sdk/src/rp2_common/pico_double/double_aeabi.S.obj
                0x10003d64                __wrap___aeabi_d2uiz
                0x10003d64                double2uint
 .text.__aeabi_double_init
                0x10003d7c       0xc8 CMakeFiles/lab4.dir/C_/bin/Pico_SDK_v1.5.0/pico-sdk/src/rp2_common/pico_double/double_init_rom.c.obj
                0x10003d7c                __aeabi_double_init
 .text.double_table_shim_on_use_helper
                0x10003e44       0x34 CMakeFiles/lab4.dir/C_/bin/Pico_SDK_v1.5.0/pico-sdk/src/rp2_common/pico_double/double_v1_rom_shim.S.obj
                0x10003e44                double_table_shim_on_use_helper
 .text.__wrap___aeabi_dsub
                0x10003e78       0x10 CMakeFiles/lab4.dir/C_/bin/Pico_SDK_v1.5.0/pico-sdk/src/rp2_common/pico_double/double_v1_rom_shim.S.obj
                0x10003e78                drsub_shim
                0x10003e7e                dsub_shim
 .text.dadd_shim
                0x10003e88      0x15c CMakeFiles/lab4.dir/C_/bin/Pico_SDK_v1.5.0/pico-sdk/src/rp2_common/pico_double/double_v1_rom_shim.S.obj
                0x10003e88                dadd_shim
 .text.dmul_shim
                0x10003fe4      0x15c CMakeFiles/lab4.dir/C_/bin/Pico_SDK_v1.5.0/pico-sdk/src/rp2_common/pico_double/double_v1_rom_shim.S.obj
                0x10003fe4                dmul_shim
 .text.ddiv_shim
                0x10004140      0x1b0 CMakeFiles/lab4.dir/C_/bin/Pico_SDK_v1.5.0/pico-sdk/src/rp2_common/pico_double/double_v1_rom_shim.S.obj
                0x10004140                ddiv_shim
 .text.double2uint_shim
                0x100042f0        0xe CMakeFiles/lab4.dir/C_/bin/Pico_SDK_v1.5.0/pico-sdk/src/rp2_common/pico_double/double_v1_rom_shim.S.obj
                0x100042f0                double2uint_shim
                0x100042f2                double2ufix_shim
 *fill*         0x100042fe        0x2 
 .text.double2uint64_shim
                0x10004300       0x70 CMakeFiles/lab4.dir/C_/bin/Pico_SDK_v1.5.0/pico-sdk/src/rp2_common/pico_double/double_v1_rom_shim.S.obj
                0x10004300                double2uint64_shim
                0x10004302                double2ufix64_shim
                0x10004322                d2fix_a
 .text.dunpacks
                0x10004370       0x3c CMakeFiles/lab4.dir/C_/bin/Pico_SDK_v1.5.0/pico-sdk/src/rp2_common/pico_double/double_v1_rom_shim.S.obj
                0x10004370                dunpacks
 .text.__aeabi_lmul
                0x100043ac       0x32 CMakeFiles/lab4.dir/C_/bin/Pico_SDK_v1.5.0/pico-sdk/src/rp2_common/pico_int64_ops/pico_int64_ops_aeabi.S.obj
                0x100043ac                __wrap___aeabi_lmul
 *fill*         0x100043de        0x2 
 .text.__aeabi_float_init
                0x100043e0       0xfc CMakeFiles/lab4.dir/C_/bin/Pico_SDK_v1.5.0/pico-sdk/src/rp2_common/pico_float/float_init_rom.c.obj
                0x100043e0                __aeabi_float_init
 .text.float_table_shim_on_use_helper
                0x100044dc       0x34 CMakeFiles/lab4.dir/C_/bin/Pico_SDK_v1.5.0/pico-sdk/src/rp2_common/pico_float/float_v1_rom_shim.S.obj
                0x100044dc                float_table_shim_on_use_helper
 .text.__wrap_calloc
                0x10004510       0x24 CMakeFiles/lab4.dir/C_/bin/Pico_SDK_v1.5.0/pico-sdk/src/rp2_common/pico_malloc/pico_malloc.c.obj
                0x10004510                __wrap_calloc
 .text          0x10004534       0x10 CMakeFiles/lab4.dir/C_/bin/Pico_SDK_v1.5.0/pico-sdk/src/rp2_common/pico_mem_ops/mem_ops_aeabi.S.obj
                0x10004534                __aeabi_mem_init
 .text.memset   0x10004544        0xc CMakeFiles/lab4.dir/C_/bin/Pico_SDK_v1.5.0/pico-sdk/src/rp2_common/pico_mem_ops/mem_ops_aeabi.S.obj
                0x10004544                __wrap_memset
 .text.memcpy   0x10004550        0xc CMakeFiles/lab4.dir/C_/bin/Pico_SDK_v1.5.0/pico-sdk/src/rp2_common/pico_mem_ops/mem_ops_aeabi.S.obj
                0x10004550                __wrap_memcpy
                0x10004550                __wrap___aeabi_memcpy
 .text.stdio_out_chars_no_crlf
                0x1000455c        0xe CMakeFiles/lab4.dir/C_/bin/Pico_SDK_v1.5.0/pico-sdk/src/rp2_common/pico_stdio/stdio.c.obj
 *fill*         0x1000456a        0x2 
 .text.stdio_out_chars_crlf
                0x1000456c       0x80 CMakeFiles/lab4.dir/C_/bin/Pico_SDK_v1.5.0/pico-sdk/src/rp2_common/pico_stdio/stdio.c.obj
 .text.stdio_stack_buffer_flush
                0x100045ec       0x44 CMakeFiles/lab4.dir/C_/bin/Pico_SDK_v1.5.0/pico-sdk/src/rp2_common/pico_stdio/stdio.c.obj
 .text.stdio_buffered_printer
                0x10004630       0x20 CMakeFiles/lab4.dir/C_/bin/Pico_SDK_v1.5.0/pico-sdk/src/rp2_common/pico_stdio/stdio.c.obj
 .text.stdout_serialize_begin
                0x10004650       0x5c CMakeFiles/lab4.dir/C_/bin/Pico_SDK_v1.5.0/pico-sdk/src/rp2_common/pico_stdio/stdio.c.obj
                0x10004650                stdout_serialize_begin
 .text.stdout_serialize_end
                0x100046ac       0x10 CMakeFiles/lab4.dir/C_/bin/Pico_SDK_v1.5.0/pico-sdk/src/rp2_common/pico_stdio/stdio.c.obj
                0x100046ac                stdout_serialize_end
 .text.stdio_put_string
                0x100046bc       0x98 CMakeFiles/lab4.dir/C_/bin/Pico_SDK_v1.5.0/pico-sdk/src/rp2_common/pico_stdio/stdio.c.obj
 .text.stdio_set_driver_enabled
                0x10004754       0x2c CMakeFiles/lab4.dir/C_/bin/Pico_SDK_v1.5.0/pico-sdk/src/rp2_common/pico_stdio/stdio.c.obj
                0x10004754                stdio_set_driver_enabled
 .text.stdio_flush
                0x10004780       0x20 CMakeFiles/lab4.dir/C_/bin/Pico_SDK_v1.5.0/pico-sdk/src/rp2_common/pico_stdio/stdio.c.obj
                0x10004780                stdio_flush
 .text.__wrap_puts
                0x100047a0       0x1e CMakeFiles/lab4.dir/C_/bin/Pico_SDK_v1.5.0/pico-sdk/src/rp2_common/pico_stdio/stdio.c.obj
                0x100047a0                __wrap_puts
 *fill*         0x100047be        0x2 
 .text.__wrap_vprintf
                0x100047c0       0x40 CMakeFiles/lab4.dir/C_/bin/Pico_SDK_v1.5.0/pico-sdk/src/rp2_common/pico_stdio/stdio.c.obj
                0x100047c0                __wrap_vprintf
 .text.__wrap_printf
                0x10004800       0x18 CMakeFiles/lab4.dir/C_/bin/Pico_SDK_v1.5.0/pico-sdk/src/rp2_common/pico_stdio/stdio.c.obj
                0x10004800                __wrap_printf
 .text.stdio_init_all
                0x10004818        0xa CMakeFiles/lab4.dir/C_/bin/Pico_SDK_v1.5.0/pico-sdk/src/rp2_common/pico_stdio/stdio.c.obj
                0x10004818                stdio_init_all
 *fill*         0x10004822        0x2 
 .text.stdio_uart_out_chars
                0x10004824       0x74 CMakeFiles/lab4.dir/C_/bin/Pico_SDK_v1.5.0/pico-sdk/src/rp2_common/pico_stdio_uart/stdio_uart.c.obj
 .text.stdio_uart_in_chars
                0x10004898       0x80 CMakeFiles/lab4.dir/C_/bin/Pico_SDK_v1.5.0/pico-sdk/src/rp2_common/pico_stdio_uart/stdio_uart.c.obj
                0x10004898                stdio_uart_in_chars
 .text.on_uart_rx
                0x10004918       0x28 CMakeFiles/lab4.dir/C_/bin/Pico_SDK_v1.5.0/pico-sdk/src/rp2_common/pico_stdio_uart/stdio_uart.c.obj
 .text.stdio_uart_set_chars_available_callback
                0x10004940       0x8c CMakeFiles/lab4.dir/C_/bin/Pico_SDK_v1.5.0/pico-sdk/src/rp2_common/pico_stdio_uart/stdio_uart.c.obj
 .text.stdio_uart_init_full
                0x100049cc       0x44 CMakeFiles/lab4.dir/C_/bin/Pico_SDK_v1.5.0/pico-sdk/src/rp2_common/pico_stdio_uart/stdio_uart.c.obj
                0x100049cc                stdio_uart_init_full
 .text.stdio_uart_init
                0x10004a10       0x28 CMakeFiles/lab4.dir/C_/bin/Pico_SDK_v1.5.0/pico-sdk/src/rp2_common/pico_stdio_uart/stdio_uart.c.obj
                0x10004a10                stdio_uart_init
 .text.calloc   0x10004a38       0x18 c:/bin/pico_sdk_v1.5.0/gcc-arm-none-eabi/bin/../lib/gcc/arm-none-eabi/10.3.1/../../../../arm-none-eabi/lib/thumb/v6-m/nofp\libg.a(lib_a-calloc.o)
                0x10004a38                calloc
 .text._calloc_r
                0x10004a50       0x9c c:/bin/pico_sdk_v1.5.0/gcc-arm-none-eabi/bin/../lib/gcc/arm-none-eabi/10.3.1/../../../../arm-none-eabi/lib/thumb/v6-m/nofp\libg.a(lib_a-callocr.o)
                0x10004a50                _calloc_r
 .text.__errno  0x10004aec        0xc c:/bin/pico_sdk_v1.5.0/gcc-arm-none-eabi/bin/../lib/gcc/arm-none-eabi/10.3.1/../../../../arm-none-eabi/lib/thumb/v6-m/nofp\libg.a(lib_a-errno.o)
                0x10004aec                __errno
 .text._malloc_r
                0x10004af8      0x584 c:/bin/pico_sdk_v1.5.0/gcc-arm-none-eabi/bin/../lib/gcc/arm-none-eabi/10.3.1/../../../../arm-none-eabi/lib/thumb/v6-m/nofp\libg.a(lib_a-mallocr.o)
                0x10004af8                _malloc_r
 .text.__malloc_lock
                0x1000507c       0x10 c:/bin/pico_sdk_v1.5.0/gcc-arm-none-eabi/bin/../lib/gcc/arm-none-eabi/10.3.1/../../../../arm-none-eabi/lib/thumb/v6-m/nofp\libg.a(lib_a-mlock.o)
                0x1000507c                __malloc_lock
 .text.__malloc_unlock
                0x1000508c       0x10 c:/bin/pico_sdk_v1.5.0/gcc-arm-none-eabi/bin/../lib/gcc/arm-none-eabi/10.3.1/../../../../arm-none-eabi/lib/thumb/v6-m/nofp\libg.a(lib_a-mlock.o)
                0x1000508c                __malloc_unlock
 .text._sbrk_r  0x1000509c       0x24 c:/bin/pico_sdk_v1.5.0/gcc-arm-none-eabi/bin/../lib/gcc/arm-none-eabi/10.3.1/../../../../arm-none-eabi/lib/thumb/v6-m/nofp\libg.a(lib_a-sbrkr.o)
                0x1000509c                _sbrk_r
 .text.strlen   0x100050c0       0x5c c:/bin/pico_sdk_v1.5.0/gcc-arm-none-eabi/bin/../lib/gcc/arm-none-eabi/10.3.1/../../../../arm-none-eabi/lib/thumb/v6-m/nofp\libg.a(lib_a-strlen-stub.o)
                0x100050c0                strlen
 .text._malloc_trim_r
                0x1000511c       0x9c c:/bin/pico_sdk_v1.5.0/gcc-arm-none-eabi/bin/../lib/gcc/arm-none-eabi/10.3.1/../../../../arm-none-eabi/lib/thumb/v6-m/nofp\libg.a(lib_a-freer.o)
                0x1000511c                _malloc_trim_r
 .text._free_r  0x100051b8      0x1c4 c:/bin/pico_sdk_v1.5.0/gcc-arm-none-eabi/bin/../lib/gcc/arm-none-eabi/10.3.1/../../../../arm-none-eabi/lib/thumb/v6-m/nofp\libg.a(lib_a-freer.o)
                0x100051b8                _free_r
 .text.__retarget_lock_acquire_recursive
                0x1000537c        0x4 c:/bin/pico_sdk_v1.5.0/gcc-arm-none-eabi/bin/../lib/gcc/arm-none-eabi/10.3.1/../../../../arm-none-eabi/lib/thumb/v6-m/nofp\libg.a(lib_a-lock.o)
                0x1000537c                __retarget_lock_acquire_recursive
 .text.__retarget_lock_release_recursive
                0x10005380        0x4 c:/bin/pico_sdk_v1.5.0/gcc-arm-none-eabi/bin/../lib/gcc/arm-none-eabi/10.3.1/../../../../arm-none-eabi/lib/thumb/v6-m/nofp\libg.a(lib_a-lock.o)
                0x10005380                __retarget_lock_release_recursive
 *(.fini)
 .fini          0x10005384        0x4 c:/bin/pico_sdk_v1.5.0/gcc-arm-none-eabi/bin/../lib/gcc/arm-none-eabi/10.3.1/thumb/v6-m/nofp/crti.o
                0x10005384                _fini
 .fini.__stub   0x10005388       0x40 linker stubs
 *crtbegin.o(.ctors)
 *crtbegin?.o(.ctors)
 *(EXCLUDE_FILE(*crtend.o *crtend?.o) .ctors)
 *(SORT_BY_NAME(.ctors.*))
 *(.ctors)
 *crtbegin.o(.dtors)
 *crtbegin?.o(.dtors)
 *(EXCLUDE_FILE(*crtend.o *crtend?.o) .dtors)
 *(SORT_BY_NAME(.dtors.*))
 *(.dtors)
 *(.eh_frame*)
 .eh_frame      0x100053c8        0x0 c:/bin/pico_sdk_v1.5.0/gcc-arm-none-eabi/bin/../lib/gcc/arm-none-eabi/10.3.1/thumb/v6-m/nofp/crtbegin.o
                0x100053c8                . = ALIGN (0x4)

.glue_7         0x100053c8        0x0
 .glue_7        0x100053c8        0x0 linker stubs

.glue_7t        0x100053c8        0x0
 .glue_7t       0x100053c8        0x0 linker stubs

.vfp11_veneer   0x100053c8        0x0
 .vfp11_veneer  0x100053c8        0x0 linker stubs

.v4_bx          0x100053c8        0x0
 .v4_bx         0x100053c8        0x0 linker stubs

.iplt           0x100053c8        0x0
 .iplt          0x100053c8        0x0 c:/bin/pico_sdk_v1.5.0/gcc-arm-none-eabi/bin/../lib/gcc/arm-none-eabi/10.3.1/thumb/v6-m/nofp/crtbegin.o

.rodata         0x100053c8     0x1130
 *(EXCLUDE_FILE(*libm.a: *libc.a:*lib_a-mem*.o *libgcc.a:) .rodata*)
 .rodata.format_deveui.str1.4
                0x100053c8        0xc CMakeFiles/lab4.dir/main.c.obj
 .rodata.main.str1.4
                0x100053d4       0xa6 CMakeFiles/lab4.dir/main.c.obj
 *fill*         0x1000547a        0x2 
 .rodata.make_branch.str1.4
                0x1000547c       0x72 CMakeFiles/lab4.dir/C_/bin/Pico_SDK_v1.5.0/pico-sdk/src/rp2_common/hardware_irq/irq.c.obj
 *fill*         0x100054ee        0x2 
 .rodata.insert_branch_and_link.str1.4
                0x100054f0       0x10 CMakeFiles/lab4.dir/C_/bin/Pico_SDK_v1.5.0/pico-sdk/src/rp2_common/hardware_irq/irq.c.obj
 .rodata.irq_set_exclusive_handler.str1.4
                0x10005500       0x36 CMakeFiles/lab4.dir/C_/bin/Pico_SDK_v1.5.0/pico-sdk/src/rp2_common/hardware_irq/irq.c.obj
 *fill*         0x10005536        0x2 
 .rodata.irq_add_shared_handler.str1.4
                0x10005538       0xd9 CMakeFiles/lab4.dir/C_/bin/Pico_SDK_v1.5.0/pico-sdk/src/rp2_common/hardware_irq/irq.c.obj
 *fill*         0x10005611        0x3 
 .rodata.irq_remove_handler.str1.4
                0x10005614       0x3a CMakeFiles/lab4.dir/C_/bin/Pico_SDK_v1.5.0/pico-sdk/src/rp2_common/hardware_irq/irq.c.obj
 *fill*         0x1000564e        0x2 
 .rodata.irq_add_tail_to_free_list.str1.4
                0x10005650       0x3a CMakeFiles/lab4.dir/C_/bin/Pico_SDK_v1.5.0/pico-sdk/src/rp2_common/hardware_irq/irq.c.obj
 *fill*         0x1000568a        0x2 
 .rodata.__func__.0
                0x1000568c       0x1a CMakeFiles/lab4.dir/C_/bin/Pico_SDK_v1.5.0/pico-sdk/src/rp2_common/hardware_irq/irq.c.obj
 *fill*         0x100056a6        0x2 
 .rodata.__func__.1
                0x100056a8       0x17 CMakeFiles/lab4.dir/C_/bin/Pico_SDK_v1.5.0/pico-sdk/src/rp2_common/hardware_irq/irq.c.obj
 *fill*         0x100056bf        0x1 
 .rodata.__func__.2
                0x100056c0       0x13 CMakeFiles/lab4.dir/C_/bin/Pico_SDK_v1.5.0/pico-sdk/src/rp2_common/hardware_irq/irq.c.obj
 *fill*         0x100056d3        0x1 
 .rodata.__func__.3
                0x100056d4        0xc CMakeFiles/lab4.dir/C_/bin/Pico_SDK_v1.5.0/pico-sdk/src/rp2_common/hardware_irq/irq.c.obj
 .rodata.__func__.4
                0x100056e0        0xf CMakeFiles/lab4.dir/C_/bin/Pico_SDK_v1.5.0/pico-sdk/src/rp2_common/hardware_irq/irq.c.obj
 *fill*         0x100056ef        0x1 
 .rodata.__func__.6
                0x100056f0       0x1a CMakeFiles/lab4.dir/C_/bin/Pico_SDK_v1.5.0/pico-sdk/src/rp2_common/hardware_irq/irq.c.obj
 *fill*         0x1000570a        0x2 
 .rodata.str1.4
                0x1000570c       0xf9 CMakeFiles/lab4.dir/C_/bin/Pico_SDK_v1.5.0/pico-sdk/src/common/pico_sync/mutex.c.obj
 *fill*         0x10005805        0x3 
 .rodata.__func__.1
                0x10005808        0xb CMakeFiles/lab4.dir/C_/bin/Pico_SDK_v1.5.0/pico-sdk/src/common/pico_sync/mutex.c.obj
 *fill*         0x10005813        0x1 
 .rodata.__func__.3
                0x10005814       0x18 CMakeFiles/lab4.dir/C_/bin/Pico_SDK_v1.5.0/pico-sdk/src/common/pico_sync/mutex.c.obj
 .rodata.repeating_timer_callback.str1.4
                0x1000582c       0x50 CMakeFiles/lab4.dir/C_/bin/Pico_SDK_v1.5.0/pico-sdk/src/common/pico_time/time.c.obj
 .rodata.timer_pool_entry_comparator.str1.4
                0x1000587c       0x22 CMakeFiles/lab4.dir/C_/bin/Pico_SDK_v1.5.0/pico-sdk/src/common/pico_time/time.c.obj
 *fill*         0x1000589e        0x2 
 .rodata.ph_add_child_node.str1.4
                0x100058a0       0x9a CMakeFiles/lab4.dir/C_/bin/Pico_SDK_v1.5.0/pico-sdk/src/common/pico_time/time.c.obj
 *fill*         0x1000593a        0x2 
 .rodata.add_alarm_under_lock.str1.4
                0x1000593c       0x28 CMakeFiles/lab4.dir/C_/bin/Pico_SDK_v1.5.0/pico-sdk/src/common/pico_time/time.c.obj
                                 0x2b (size before relaxing)
 .rodata.alarm_pool_alarm_callback.str1.4
                0x10005964       0x98 CMakeFiles/lab4.dir/C_/bin/Pico_SDK_v1.5.0/pico-sdk/src/common/pico_time/time.c.obj
                                0x100 (size before relaxing)
 .rodata.alarm_pool_get_default.str1.4
                0x100059fc       0x21 CMakeFiles/lab4.dir/C_/bin/Pico_SDK_v1.5.0/pico-sdk/src/common/pico_time/time.c.obj
 *fill*         0x10005a1d        0x3 
 .rodata.alarm_pool_cancel_alarm.str1.4
                0x10005a20       0x27 CMakeFiles/lab4.dir/C_/bin/Pico_SDK_v1.5.0/pico-sdk/src/common/pico_time/time.c.obj
 *fill*         0x10005a47        0x1 
 .rodata.sleep_until.str1.4
                0x10005a48       0x4d CMakeFiles/lab4.dir/C_/bin/Pico_SDK_v1.5.0/pico-sdk/src/common/pico_time/time.c.obj
 *fill*         0x10005a95        0x3 
 .rodata.__func__.1
                0x10005a98       0x18 CMakeFiles/lab4.dir/C_/bin/Pico_SDK_v1.5.0/pico-sdk/src/common/pico_time/time.c.obj
 .rodata.__func__.10
                0x10005ab0       0x15 CMakeFiles/lab4.dir/C_/bin/Pico_SDK_v1.5.0/pico-sdk/src/common/pico_time/time.c.obj
 *fill*         0x10005ac5        0x3 
 .rodata.__func__.11
                0x10005ac8       0x1a CMakeFiles/lab4.dir/C_/bin/Pico_SDK_v1.5.0/pico-sdk/src/common/pico_time/time.c.obj
 *fill*         0x10005ae2        0x2 
 .rodata.__func__.12
                0x10005ae4        0xa CMakeFiles/lab4.dir/C_/bin/Pico_SDK_v1.5.0/pico-sdk/src/common/pico_time/time.c.obj
 *fill*         0x10005aee        0x2 
 .rodata.__func__.3
                0x10005af0       0x17 CMakeFiles/lab4.dir/C_/bin/Pico_SDK_v1.5.0/pico-sdk/src/common/pico_time/time.c.obj
 *fill*         0x10005b07        0x1 
 .rodata.__func__.4
                0x10005b08       0x12 CMakeFiles/lab4.dir/C_/bin/Pico_SDK_v1.5.0/pico-sdk/src/common/pico_time/time.c.obj
 *fill*         0x10005b1a        0x2 
 .rodata.__func__.5
                0x10005b1c        0xd CMakeFiles/lab4.dir/C_/bin/Pico_SDK_v1.5.0/pico-sdk/src/common/pico_time/time.c.obj
 *fill*         0x10005b29        0x3 
 .rodata.__func__.6
                0x10005b2c       0x12 CMakeFiles/lab4.dir/C_/bin/Pico_SDK_v1.5.0/pico-sdk/src/common/pico_time/time.c.obj
 *fill*         0x10005b3e        0x2 
 .rodata.__func__.7
                0x10005b40        0xf CMakeFiles/lab4.dir/C_/bin/Pico_SDK_v1.5.0/pico-sdk/src/common/pico_time/time.c.obj
 *fill*         0x10005b4f        0x1 
 .rodata.__func__.8
                0x10005b50        0xc CMakeFiles/lab4.dir/C_/bin/Pico_SDK_v1.5.0/pico-sdk/src/common/pico_time/time.c.obj
 .rodata.__func__.9
                0x10005b5c       0x15 CMakeFiles/lab4.dir/C_/bin/Pico_SDK_v1.5.0/pico-sdk/src/common/pico_time/time.c.obj
 *fill*         0x10005b71        0x3 
 .rodata.hardware_alarm_claim.str1.4
                0x10005b74       0x22 CMakeFiles/lab4.dir/C_/bin/Pico_SDK_v1.5.0/pico-sdk/src/rp2_common/hardware_timer/timer.c.obj
 *fill*         0x10005b96        0x2 
 .rodata.hardware_alarm_set_target.str1.4
                0x10005b98       0x6a CMakeFiles/lab4.dir/C_/bin/Pico_SDK_v1.5.0/pico-sdk/src/rp2_common/hardware_timer/timer.c.obj
 *fill*         0x10005c02        0x2 
 .rodata.__func__.0
                0x10005c04       0x1a CMakeFiles/lab4.dir/C_/bin/Pico_SDK_v1.5.0/pico-sdk/src/rp2_common/hardware_timer/timer.c.obj
 .rodata.ph_add_child_node.str1.4
                0x10005c1e       0x9a CMakeFiles/lab4.dir/C_/bin/Pico_SDK_v1.5.0/pico-sdk/src/common/pico_util/pheap.c.obj
 *fill*         0x10005c1e        0x2 
 .rodata.ph_remove_any_head.str1.4
                0x10005c20       0x94 CMakeFiles/lab4.dir/C_/bin/Pico_SDK_v1.5.0/pico-sdk/src/common/pico_util/pheap.c.obj
                                 0xa8 (size before relaxing)
 .rodata.ph_remove_and_free_node.str1.4
                0x10005cb4       0x1e CMakeFiles/lab4.dir/C_/bin/Pico_SDK_v1.5.0/pico-sdk/src/common/pico_util/pheap.c.obj
                                 0x26 (size before relaxing)
 *fill*         0x10005cd2        0x2 
 .rodata.__func__.0
                0x10005cd4       0x18 CMakeFiles/lab4.dir/C_/bin/Pico_SDK_v1.5.0/pico-sdk/src/common/pico_util/pheap.c.obj
 .rodata.__func__.1
                0x10005cec       0x13 CMakeFiles/lab4.dir/C_/bin/Pico_SDK_v1.5.0/pico-sdk/src/common/pico_util/pheap.c.obj
 *fill*         0x10005cff        0x1 
 .rodata.__func__.2
                0x10005d00       0x12 CMakeFiles/lab4.dir/C_/bin/Pico_SDK_v1.5.0/pico-sdk/src/common/pico_util/pheap.c.obj
 *fill*         0x10005d12        0x2 
 .rodata.__func__.3
                0x10005d14        0xc CMakeFiles/lab4.dir/C_/bin/Pico_SDK_v1.5.0/pico-sdk/src/common/pico_util/pheap.c.obj
 .rodata.clock_configure.str1.4
                0x10005d20       0x5c CMakeFiles/lab4.dir/C_/bin/Pico_SDK_v1.5.0/pico-sdk/src/rp2_common/hardware_clocks/clocks.c.obj
 .rodata.__func__.1
                0x10005d7c       0x10 CMakeFiles/lab4.dir/C_/bin/Pico_SDK_v1.5.0/pico-sdk/src/rp2_common/hardware_clocks/clocks.c.obj
 .rodata.pll_init.str1.4
                0x10005d8c      0x127 CMakeFiles/lab4.dir/C_/bin/Pico_SDK_v1.5.0/pico-sdk/src/rp2_common/hardware_pll/pll.c.obj
 *fill*         0x10005eb3        0x1 
 .rodata.__func__.0
                0x10005eb4        0x9 CMakeFiles/lab4.dir/C_/bin/Pico_SDK_v1.5.0/pico-sdk/src/rp2_common/hardware_pll/pll.c.obj
 *fill*         0x10005ebd        0x3 
 .rodata.__assert_func.str1.4
                0x10005ec0       0x3f CMakeFiles/lab4.dir/C_/bin/Pico_SDK_v1.5.0/pico-sdk/src/rp2_common/pico_runtime/runtime.c.obj
                                 0x43 (size before relaxing)
 *fill*         0x10005eff        0x1 
 .rodata.runtime_init.str1.4
                0x10005f00       0x66 CMakeFiles/lab4.dir/C_/bin/Pico_SDK_v1.5.0/pico-sdk/src/rp2_common/pico_runtime/runtime.c.obj
 *fill*         0x10005f66        0x2 
 .rodata.panic.str1.4
                0x10005f68       0x10 CMakeFiles/lab4.dir/C_/bin/Pico_SDK_v1.5.0/pico-sdk/src/rp2_common/pico_runtime/runtime.c.obj
                                 0x12 (size before relaxing)
 .rodata.__func__.2
                0x10005f78        0xd CMakeFiles/lab4.dir/C_/bin/Pico_SDK_v1.5.0/pico-sdk/src/rp2_common/pico_runtime/runtime.c.obj
 *fill*         0x10005f85        0x3 
 .rodata._ftoa.str1.4
                0x10005f88       0x15 CMakeFiles/lab4.dir/C_/bin/Pico_SDK_v1.5.0/pico-sdk/src/rp2_common/pico_printf/printf.c.obj
 *fill*         0x10005f9d        0x3 
 .rodata._vsnprintf
                0x10005fa0      0x1e0 CMakeFiles/lab4.dir/C_/bin/Pico_SDK_v1.5.0/pico-sdk/src/rp2_common/pico_printf/printf.c.obj
 .rodata.pow10.0
                0x10006180       0x50 CMakeFiles/lab4.dir/C_/bin/Pico_SDK_v1.5.0/pico-sdk/src/rp2_common/pico_printf/printf.c.obj
 .rodata.__aeabi_double_init.str1.4
                0x100061d0       0xad CMakeFiles/lab4.dir/C_/bin/Pico_SDK_v1.5.0/pico-sdk/src/rp2_common/pico_double/double_init_rom.c.obj
 *fill*         0x1000627d        0x3 
 .rodata.__func__.0
                0x10006280       0x14 CMakeFiles/lab4.dir/C_/bin/Pico_SDK_v1.5.0/pico-sdk/src/rp2_common/pico_double/double_init_rom.c.obj
 .rodata.__aeabi_float_init.str1.4
                0x10006294       0x7f CMakeFiles/lab4.dir/C_/bin/Pico_SDK_v1.5.0/pico-sdk/src/rp2_common/pico_float/float_init_rom.c.obj
                                 0x83 (size before relaxing)
 *fill*         0x10006313        0x1 
 .rodata.__func__.0
                0x10006314       0x13 CMakeFiles/lab4.dir/C_/bin/Pico_SDK_v1.5.0/pico-sdk/src/rp2_common/pico_float/float_init_rom.c.obj
 *fill*         0x10006327        0x1 
 .rodata.__wrap_malloc.str1.4
                0x10006328        0xe CMakeFiles/lab4.dir/C_/bin/Pico_SDK_v1.5.0/pico-sdk/src/rp2_common/pico_malloc/pico_malloc.c.obj
 *fill*         0x10006336        0x2 
 .rodata.str1.4
                0x10006338       0x3c CMakeFiles/lab4.dir/C_/bin/Pico_SDK_v1.5.0/pico-sdk/src/rp2_common/pico_standard_link/binary_info.c.obj
 .rodata.__bi_44
                0x10006374        0xc CMakeFiles/lab4.dir/C_/bin/Pico_SDK_v1.5.0/pico-sdk/src/rp2_common/pico_standard_link/binary_info.c.obj
 .rodata.__bi_75
                0x10006380        0xc CMakeFiles/lab4.dir/C_/bin/Pico_SDK_v1.5.0/pico-sdk/src/rp2_common/pico_standard_link/binary_info.c.obj
 .rodata.__bi_81
                0x1000638c        0xc CMakeFiles/lab4.dir/C_/bin/Pico_SDK_v1.5.0/pico-sdk/src/rp2_common/pico_standard_link/binary_info.c.obj
 .rodata.stdout_serialize_begin.str1.4
                0x10006398       0x66 CMakeFiles/lab4.dir/C_/bin/Pico_SDK_v1.5.0/pico-sdk/src/rp2_common/pico_stdio/stdio.c.obj
 .rodata.__func__.3
                0x10006398       0x15 CMakeFiles/lab4.dir/C_/bin/Pico_SDK_v1.5.0/pico-sdk/src/rp2_common/pico_stdio/stdio.c.obj
 *fill*         0x100063ad        0x3 
 .rodata.crlf_str.2
                0x100063b0        0x2 CMakeFiles/lab4.dir/C_/bin/Pico_SDK_v1.5.0/pico-sdk/src/rp2_common/pico_stdio/stdio.c.obj
 *fill*         0x100063b2        0x2 
 .rodata.str1.4
                0x100063b4       0x2c CMakeFiles/lab4.dir/C_/bin/Pico_SDK_v1.5.0/pico-sdk/src/rp2_common/pico_stdio_uart/stdio_uart.c.obj
 .rodata.__bi_33.4
                0x100063e0        0xc CMakeFiles/lab4.dir/C_/bin/Pico_SDK_v1.5.0/pico-sdk/src/rp2_common/pico_stdio_uart/stdio_uart.c.obj
 .rodata.__bi_34.5
                0x100063ec        0x8 CMakeFiles/lab4.dir/C_/bin/Pico_SDK_v1.5.0/pico-sdk/src/rp2_common/pico_stdio_uart/stdio_uart.c.obj
 .rodata._ctype_
                0x100063f4      0x101 c:/bin/pico_sdk_v1.5.0/gcc-arm-none-eabi/bin/../lib/gcc/arm-none-eabi/10.3.1/../../../../arm-none-eabi/lib/thumb/v6-m/nofp\libg.a(lib_a-ctype_.o)
                0x100063f4                _ctype_
                0x100064f8                . = ALIGN (0x4)
 *fill*         0x100064f5        0x3 
 *(SORT_BY_ALIGNMENT(SORT_BY_NAME(.flashdata*)))
                0x100064f8                . = ALIGN (0x4)

.rel.dyn        0x100064f8        0x0
 .rel.iplt      0x100064f8        0x0 c:/bin/pico_sdk_v1.5.0/gcc-arm-none-eabi/bin/../lib/gcc/arm-none-eabi/10.3.1/thumb/v6-m/nofp/crtbegin.o

.ARM.extab
 *(.ARM.extab* .gnu.linkonce.armextab.*)
                0x100064f8                __exidx_start = .

.ARM.exidx
 *(.ARM.exidx* .gnu.linkonce.armexidx.*)
                0x100064f8                __exidx_end = .
                0x100064f8                . = ALIGN (0x4)
                0x100064f8                __binary_info_start = .

.binary_info    0x100064f8       0x24
 *(.binary_info.keep.*)
 .binary_info.keep.__bi_ptr22
                0x100064f8        0x4 CMakeFiles/lab4.dir/C_/bin/Pico_SDK_v1.5.0/pico-sdk/src/rp2_common/pico_standard_link/binary_info.c.obj
 .binary_info.keep.__bi_ptr30
                0x100064fc        0x4 CMakeFiles/lab4.dir/C_/bin/Pico_SDK_v1.5.0/pico-sdk/src/rp2_common/pico_standard_link/binary_info.c.obj
 .binary_info.keep.__bi_ptr38
                0x10006500        0x4 CMakeFiles/lab4.dir/C_/bin/Pico_SDK_v1.5.0/pico-sdk/src/rp2_common/pico_standard_link/binary_info.c.obj
 .binary_info.keep.__bi_ptr44
                0x10006504        0x4 CMakeFiles/lab4.dir/C_/bin/Pico_SDK_v1.5.0/pico-sdk/src/rp2_common/pico_standard_link/binary_info.c.obj
 .binary_info.keep.__bi_ptr50
                0x10006508        0x4 CMakeFiles/lab4.dir/C_/bin/Pico_SDK_v1.5.0/pico-sdk/src/rp2_common/pico_standard_link/binary_info.c.obj
 .binary_info.keep.__bi_ptr75
                0x1000650c        0x4 CMakeFiles/lab4.dir/C_/bin/Pico_SDK_v1.5.0/pico-sdk/src/rp2_common/pico_standard_link/binary_info.c.obj
 .binary_info.keep.__bi_ptr81
                0x10006510        0x4 CMakeFiles/lab4.dir/C_/bin/Pico_SDK_v1.5.0/pico-sdk/src/rp2_common/pico_standard_link/binary_info.c.obj
 *(.binary_info.*)
 .binary_info.__bi_ptr33
                0x10006514        0x4 CMakeFiles/lab4.dir/C_/bin/Pico_SDK_v1.5.0/pico-sdk/src/rp2_common/pico_stdio_uart/stdio_uart.c.obj
 .binary_info.__bi_ptr34
                0x10006518        0x4 CMakeFiles/lab4.dir/C_/bin/Pico_SDK_v1.5.0/pico-sdk/src/rp2_common/pico_stdio_uart/stdio_uart.c.obj
                0x1000651c                __binary_info_end = .
                0x1000651c                . = ALIGN (0x4)
                0x1000651c                __etext = .

.ram_vector_table
                0x20000000       0xc0
 *(.ram_vector_table)
 .ram_vector_table
                0x20000000       0xc0 CMakeFiles/lab4.dir/C_/bin/Pico_SDK_v1.5.0/pico-sdk/src/rp2_common/pico_runtime/runtime.c.obj
                0x20000000                ram_vector_table

.data           0x200000c0      0xae4 load address 0x1000651c
                0x200000c0                __data_start__ = .
 *(vtable)
 *(.time_critical*)
 .time_critical.mutex_try_enter
                0x200000c0       0x46 CMakeFiles/lab4.dir/C_/bin/Pico_SDK_v1.5.0/pico-sdk/src/common/pico_sync/mutex.c.obj
                0x200000c0                mutex_try_enter
 *fill*         0x20000106        0x2 
 .time_critical.mutex_enter_block_until
                0x20000108       0x8c CMakeFiles/lab4.dir/C_/bin/Pico_SDK_v1.5.0/pico-sdk/src/common/pico_sync/mutex.c.obj
                0x20000108                mutex_enter_block_until
 .time_critical.mutex_try_enter_block_until
                0x20000194       0x34 CMakeFiles/lab4.dir/C_/bin/Pico_SDK_v1.5.0/pico-sdk/src/common/pico_sync/mutex.c.obj
                0x20000194                mutex_try_enter_block_until
 .time_critical.mutex_exit
                0x200001c8       0x4c CMakeFiles/lab4.dir/C_/bin/Pico_SDK_v1.5.0/pico-sdk/src/common/pico_sync/mutex.c.obj
                0x200001c8                mutex_exit
 *(.text*)
 .text          0x20000214        0x4 c:/bin/pico_sdk_v1.5.0/gcc-arm-none-eabi/bin/../lib/gcc/arm-none-eabi/10.3.1/thumb/v6-m/nofp\libgcc.a(_dvmd_tls.o)
                0x20000214                __aeabi_idiv0
                0x20000214                __aeabi_ldiv0
 .text.__stub   0x20000218       0x20 linker stubs
                0x20000238                . = ALIGN (0x4)
 *(.rodata*)
                0x20000238                . = ALIGN (0x4)
 *(.data*)
 .data.u0       0x20000238       0x2c CMakeFiles/lab4.dir/uart.c.obj
 .data.u1       0x20000264       0x2c CMakeFiles/lab4.dir/uart.c.obj
 .data.striped_spin_lock_num
                0x20000290        0x1 CMakeFiles/lab4.dir/C_/bin/Pico_SDK_v1.5.0/pico-sdk/src/rp2_common/hardware_sync/sync.c.obj
 *fill*         0x20000291        0x3 
 .data          0x20000294       0x48 CMakeFiles/lab4.dir/C_/bin/Pico_SDK_v1.5.0/pico-sdk/src/rp2_common/hardware_irq/irq_handler_chain.S.obj
                0x20000294                irq_handler_chain_slots
                0x200002c4                irq_handler_chain_first_slot
                0x200002ce                irq_handler_chain_remove_tail
 .data.default_alarm_pool
                0x200002dc       0x18 CMakeFiles/lab4.dir/C_/bin/Pico_SDK_v1.5.0/pico-sdk/src/common/pico_time/time.c.obj
 .data.default_alarm_pool_heap
                0x200002f4       0x10 CMakeFiles/lab4.dir/C_/bin/Pico_SDK_v1.5.0/pico-sdk/src/common/pico_time/time.c.obj
 *fill*         0x20000304        0xc 
 .data.aeabi_bits_funcs
                0x20000310       0x10 CMakeFiles/lab4.dir/C_/bin/Pico_SDK_v1.5.0/pico-sdk/src/rp2_common/pico_bit_ops/bit_ops_aeabi.S.obj
                0x20000310                aeabi_bits_funcs
                0x20000320                aeabi_bits_funcs_end
 .data.aeabi_mem_funcs
                0x20000320       0x10 CMakeFiles/lab4.dir/C_/bin/Pico_SDK_v1.5.0/pico-sdk/src/rp2_common/pico_mem_ops/mem_ops_aeabi.S.obj
                0x20000320                aeabi_mem_funcs
                0x20000330                aeabi_mem_funcs_end
 .data.stdio_uart
                0x20000330       0x18 CMakeFiles/lab4.dir/C_/bin/Pico_SDK_v1.5.0/pico-sdk/src/rp2_common/pico_stdio_uart/stdio_uart.c.obj
                0x20000330                stdio_uart
 .data._impure_ptr
                0x20000348        0x4 c:/bin/pico_sdk_v1.5.0/gcc-arm-none-eabi/bin/../lib/gcc/arm-none-eabi/10.3.1/../../../../arm-none-eabi/lib/thumb/v6-m/nofp\libg.a(lib_a-impure.o)
                0x20000348                _impure_ptr
 *fill*         0x2000034c        0x4 
 .data.impure_data
                0x20000350      0x428 c:/bin/pico_sdk_v1.5.0/gcc-arm-none-eabi/bin/../lib/gcc/arm-none-eabi/10.3.1/../../../../arm-none-eabi/lib/thumb/v6-m/nofp\libg.a(lib_a-impure.o)
 .data.__malloc_av_
                0x20000778      0x408 c:/bin/pico_sdk_v1.5.0/gcc-arm-none-eabi/bin/../lib/gcc/arm-none-eabi/10.3.1/../../../../arm-none-eabi/lib/thumb/v6-m/nofp\libg.a(lib_a-mallocr.o)
                0x20000778                __malloc_av_
 .data.__malloc_sbrk_base
                0x20000b80        0x4 c:/bin/pico_sdk_v1.5.0/gcc-arm-none-eabi/bin/../lib/gcc/arm-none-eabi/10.3.1/../../../../arm-none-eabi/lib/thumb/v6-m/nofp\libg.a(lib_a-mallocr.o)
                0x20000b80                __malloc_sbrk_base
 .data.__malloc_trim_threshold
                0x20000b84        0x4 c:/bin/pico_sdk_v1.5.0/gcc-arm-none-eabi/bin/../lib/gcc/arm-none-eabi/10.3.1/../../../../arm-none-eabi/lib/thumb/v6-m/nofp\libg.a(lib_a-mallocr.o)
                0x20000b84                __malloc_trim_threshold
                0x20000b88                . = ALIGN (0x4)
 *(.after_data.*)
                0x20000b88                . = ALIGN (0x4)
                0x20000b88                PROVIDE (__mutex_array_start = .)
 *(SORT_BY_NAME(.mutex_array.*))
 *(.mutex_array)
 .mutex_array   0x20000b88        0x8 CMakeFiles/lab4.dir/C_/bin/Pico_SDK_v1.5.0/pico-sdk/src/rp2_common/pico_stdio/stdio.c.obj
                0x20000b90                PROVIDE (__mutex_array_end = .)
                0x20000b90                . = ALIGN (0x4)
                0x20000b90                PROVIDE (__preinit_array_start = .)
 *(SORT_BY_NAME(.preinit_array.*))
 .preinit_array.00001
                0x20000b90        0x4 CMakeFiles/lab4.dir/C_/bin/Pico_SDK_v1.5.0/pico-sdk/src/rp2_common/pico_mem_ops/mem_ops_aeabi.S.obj
 .preinit_array.00010
                0x20000b94        0x4 CMakeFiles/lab4.dir/C_/bin/Pico_SDK_v1.5.0/pico-sdk/src/rp2_common/pico_bit_ops/bit_ops_aeabi.S.obj
 .preinit_array.00020
                0x20000b98        0x4 CMakeFiles/lab4.dir/C_/bin/Pico_SDK_v1.5.0/pico-sdk/src/rp2_common/pico_double/double_aeabi.S.obj
 .preinit_array.00020
                0x20000b9c        0x4 CMakeFiles/lab4.dir/C_/bin/Pico_SDK_v1.5.0/pico-sdk/src/rp2_common/pico_float/float_aeabi.S.obj
 *(.preinit_array)
                0x20000ba0                PROVIDE (__preinit_array_end = .)
                0x20000ba0                . = ALIGN (0x4)
                0x20000ba0                PROVIDE (__init_array_start = .)
 *(SORT_BY_NAME(.init_array.*))
 *(.init_array)
 .init_array    0x20000ba0        0x4 c:/bin/pico_sdk_v1.5.0/gcc-arm-none-eabi/bin/../lib/gcc/arm-none-eabi/10.3.1/thumb/v6-m/nofp/crtbegin.o
                0x20000ba4                PROVIDE (__init_array_end = .)
                0x20000ba4                . = ALIGN (0x4)
                [!provide]                PROVIDE (__fini_array_start = .)
 *(SORT_BY_NAME(.fini_array.*))
 *(.fini_array)
                [!provide]                PROVIDE (__fini_array_end = .)
 *(.jcr)
                0x20000ba4                . = ALIGN (0x4)
                0x20000ba4                __data_end__ = .

.igot.plt       0x20000ba4        0x0 load address 0x10007000
 .igot.plt      0x20000ba4        0x0 c:/bin/pico_sdk_v1.5.0/gcc-arm-none-eabi/bin/../lib/gcc/arm-none-eabi/10.3.1/thumb/v6-m/nofp/crtbegin.o

.uninitialized_data
                0x20000ba4        0x0 load address 0x10007000
                0x20000ba4                . = ALIGN (0x4)
 *(.uninitialized_data*)

.scratch_x      0x20040000        0x0 load address 0x10007000
                0x20040000                __scratch_x_start__ = .
 *(.scratch_x.*)
                0x20040000                . = ALIGN (0x4)
                0x20040000                __scratch_x_end__ = .
                0x10007000                __scratch_x_source__ = LOADADDR (.scratch_x)

.scratch_y      0x20041000        0x0 load address 0x10007000
                0x20041000                __scratch_y_start__ = .
 *(.scratch_y.*)
                0x20041000                . = ALIGN (0x4)
                0x20041000                __scratch_y_end__ = .
                0x10007000                __scratch_y_source__ = LOADADDR (.scratch_y)

.bss            0x20000ba8      0x418
                0x20000ba8                . = ALIGN (0x4)
                0x20000ba8                __bss_start__ = .
 *(SORT_BY_ALIGNMENT(SORT_BY_NAME(.bss*)))
 .bss.default_alarm_pool_entries
                0x20000ba8      0x100 CMakeFiles/lab4.dir/C_/bin/Pico_SDK_v1.5.0/pico-sdk/src/common/pico_time/time.c.obj
 .bss           0x20000ca8       0x1c c:/bin/pico_sdk_v1.5.0/gcc-arm-none-eabi/bin/../lib/gcc/arm-none-eabi/10.3.1/thumb/v6-m/nofp/crtbegin.o
 .bss.__lock___malloc_recursive_mutex
                0x20000cc4        0x1 c:/bin/pico_sdk_v1.5.0/gcc-arm-none-eabi/bin/../lib/gcc/arm-none-eabi/10.3.1/../../../../arm-none-eabi/lib/thumb/v6-m/nofp\libg.a(lib_a-lock.o)
                0x20000cc4                __lock___malloc_recursive_mutex
 *fill*         0x20000cc5        0x3 
 .bss.__malloc_current_mallinfo
                0x20000cc8       0x28 c:/bin/pico_sdk_v1.5.0/gcc-arm-none-eabi/bin/../lib/gcc/arm-none-eabi/10.3.1/../../../../arm-none-eabi/lib/thumb/v6-m/nofp\libg.a(lib_a-mallocr.o)
                0x20000cc8                __malloc_current_mallinfo
 .bss.__malloc_max_sbrked_mem
                0x20000cf0        0x4 c:/bin/pico_sdk_v1.5.0/gcc-arm-none-eabi/bin/../lib/gcc/arm-none-eabi/10.3.1/../../../../arm-none-eabi/lib/thumb/v6-m/nofp\libg.a(lib_a-mallocr.o)
                0x20000cf0                __malloc_max_sbrked_mem
 .bss.__malloc_max_total_mem
                0x20000cf4        0x4 c:/bin/pico_sdk_v1.5.0/gcc-arm-none-eabi/bin/../lib/gcc/arm-none-eabi/10.3.1/../../../../arm-none-eabi/lib/thumb/v6-m/nofp\libg.a(lib_a-mallocr.o)
                0x20000cf4                __malloc_max_total_mem
 .bss.__malloc_top_pad
                0x20000cf8        0x4 c:/bin/pico_sdk_v1.5.0/gcc-arm-none-eabi/bin/../lib/gcc/arm-none-eabi/10.3.1/../../../../arm-none-eabi/lib/thumb/v6-m/nofp\libg.a(lib_a-mallocr.o)
                0x20000cf8                __malloc_top_pad
 .bss.alarm_callbacks
                0x20000cfc       0x10 CMakeFiles/lab4.dir/C_/bin/Pico_SDK_v1.5.0/pico-sdk/src/rp2_common/hardware_timer/timer.c.obj
 .bss.chars_available_callback
                0x20000d0c        0x4 CMakeFiles/lab4.dir/C_/bin/Pico_SDK_v1.5.0/pico-sdk/src/rp2_common/pico_stdio_uart/stdio_uart.c.obj
 .bss.chars_available_param
                0x20000d10        0x4 CMakeFiles/lab4.dir/C_/bin/Pico_SDK_v1.5.0/pico-sdk/src/rp2_common/pico_stdio_uart/stdio_uart.c.obj
 .bss.configured_freq
                0x20000d14       0x28 CMakeFiles/lab4.dir/C_/bin/Pico_SDK_v1.5.0/pico-sdk/src/rp2_common/hardware_clocks/clocks.c.obj
 .bss.default_alarm_pool_entry_ids_high
                0x20000d3c       0x10 CMakeFiles/lab4.dir/C_/bin/Pico_SDK_v1.5.0/pico-sdk/src/common/pico_time/time.c.obj
 .bss.default_alarm_pool_heap_nodes
                0x20000d4c       0x30 CMakeFiles/lab4.dir/C_/bin/Pico_SDK_v1.5.0/pico-sdk/src/common/pico_time/time.c.obj
 .bss.drivers   0x20000d7c        0x4 CMakeFiles/lab4.dir/C_/bin/Pico_SDK_v1.5.0/pico-sdk/src/rp2_common/pico_stdio/stdio.c.obj
 .bss.errno     0x20000d80        0x4 c:/bin/pico_sdk_v1.5.0/gcc-arm-none-eabi/bin/../lib/gcc/arm-none-eabi/10.3.1/../../../../arm-none-eabi/lib/thumb/v6-m/nofp\libg.a(lib_a-reent.o)
                0x20000d80                errno
 .bss.filter    0x20000d84        0x4 CMakeFiles/lab4.dir/C_/bin/Pico_SDK_v1.5.0/pico-sdk/src/rp2_common/pico_stdio/stdio.c.obj
 .bss.heap_end.1
                0x20000d88        0x4 CMakeFiles/lab4.dir/C_/bin/Pico_SDK_v1.5.0/pico-sdk/src/rp2_common/pico_runtime/runtime.c.obj
 .bss.pools     0x20000d8c       0x10 CMakeFiles/lab4.dir/C_/bin/Pico_SDK_v1.5.0/pico-sdk/src/common/pico_time/time.c.obj
 .bss.sd_table  0x20000d9c      0x100 CMakeFiles/lab4.dir/C_/bin/Pico_SDK_v1.5.0/pico-sdk/src/rp2_common/pico_double/double_init_rom.c.obj
                0x20000d9c                sd_table
 .bss.sf_clz_func
                0x20000e9c        0x4 CMakeFiles/lab4.dir/C_/bin/Pico_SDK_v1.5.0/pico-sdk/src/rp2_common/pico_double/double_init_rom.c.obj
                0x20000e9c                sf_clz_func
 .bss.sf_table  0x20000ea0      0x100 CMakeFiles/lab4.dir/C_/bin/Pico_SDK_v1.5.0/pico-sdk/src/rp2_common/pico_float/float_init_rom.c.obj
                0x20000ea0                sf_table
 .bss.sleep_notifier
                0x20000fa0        0x4 CMakeFiles/lab4.dir/C_/bin/Pico_SDK_v1.5.0/pico-sdk/src/common/pico_time/time.c.obj
 .bss.target_hi
                0x20000fa4       0x10 CMakeFiles/lab4.dir/C_/bin/Pico_SDK_v1.5.0/pico-sdk/src/rp2_common/hardware_timer/timer.c.obj
 .bss.uart_char_to_line_feed
                0x20000fb4        0x4 CMakeFiles/lab4.dir/C_/bin/Pico_SDK_v1.5.0/pico-sdk/src/rp2_common/hardware_uart/uart.c.obj
                0x20000fb4                uart_char_to_line_feed
 .bss.uart_instance
                0x20000fb8        0x4 CMakeFiles/lab4.dir/C_/bin/Pico_SDK_v1.5.0/pico-sdk/src/rp2_common/pico_stdio_uart/stdio_uart.c.obj
 .bss.claimed   0x20000fbc        0x1 CMakeFiles/lab4.dir/C_/bin/Pico_SDK_v1.5.0/pico-sdk/src/rp2_common/hardware_timer/timer.c.obj
 .bss.irq_hander_chain_free_slot_head
                0x20000fbd        0x1 CMakeFiles/lab4.dir/C_/bin/Pico_SDK_v1.5.0/pico-sdk/src/rp2_common/hardware_irq/irq.c.obj
 .bss.timer_callbacks_pending
                0x20000fbe        0x1 CMakeFiles/lab4.dir/C_/bin/Pico_SDK_v1.5.0/pico-sdk/src/rp2_common/hardware_timer/timer.c.obj
 *(COMMON)
                0x20000fc0                . = ALIGN (0x4)
 *fill*         0x20000fbf        0x1 
                0x20000fc0                __bss_end__ = .

.heap           0x20000fc0      0x800
                0x20000fc0                __end__ = .
                0x20000fc0                end = __end__
 *(.heap*)
 .heap          0x20000fc0      0x800 CMakeFiles/lab4.dir/C_/bin/Pico_SDK_v1.5.0/pico-sdk/src/rp2_common/pico_standard_link/crt0.S.obj
                0x200017c0                __HeapLimit = .

.stack1_dummy   0x20040000        0x0
 *(.stack1*)

.stack_dummy    0x20041000      0x800
 *(.stack*)
 .stack         0x20041000      0x800 CMakeFiles/lab4.dir/C_/bin/Pico_SDK_v1.5.0/pico-sdk/src/rp2_common/pico_standard_link/crt0.S.obj

.flash_end      0x10007000        0x0
                0x10007000                __flash_binary_end = .
                0x20040000                __StackLimit = (ORIGIN (RAM) + LENGTH (RAM))
                0x20041000                __StackOneTop = (ORIGIN (SCRATCH_X) + LENGTH (SCRATCH_X))
                0x20042000                __StackTop = (ORIGIN (SCRATCH_Y) + LENGTH (SCRATCH_Y))
                0x20041000                __StackOneBottom = (__StackOneTop - SIZEOF (.stack1_dummy))
                0x20041800                __StackBottom = (__StackTop - SIZEOF (.stack_dummy))
                0x20042000                PROVIDE (__stack = __StackTop)
                0x00000001                ASSERT ((__StackLimit >= __HeapLimit), region RAM overflowed)
                0x00000001                ASSERT (((__binary_info_header_end - __logical_binary_start) <= 0x100), Binary info must be in first 256 bytes of the binary)
LOAD CMakeFiles/lab4.dir/main.c.obj
LOAD CMakeFiles/lab4.dir/ring_buffer.c.obj
LOAD CMakeFiles/lab4.dir/uart.c.obj
LOAD CMakeFiles/lab4.dir/C_/bin/Pico_SDK_v1.5.0/pico-sdk/src/rp2_common/pico_stdlib/stdlib.c.obj
LOAD CMakeFiles/lab4.dir/C_/bin/Pico_SDK_v1.5.0/pico-sdk/src/rp2_common/hardware_gpio/gpio.c.obj
LOAD CMakeFiles/lab4.dir/C_/bin/Pico_SDK_v1.5.0/pico-sdk/src/rp2_common/pico_platform/platform.c.obj
LOAD CMakeFiles/lab4.dir/C_/bin/Pico_SDK_v1.5.0/pico-sdk/src/rp2_common/hardware_claim/claim.c.obj
LOAD CMakeFiles/lab4.dir/C_/bin/Pico_SDK_v1.5.0/pico-sdk/src/rp2_common/hardware_sync/sync.c.obj
LOAD CMakeFiles/lab4.dir/C_/bin/Pico_SDK_v1.5.0/pico-sdk/src/rp2_common/hardware_irq/irq.c.obj
LOAD CMakeFiles/lab4.dir/C_/bin/Pico_SDK_v1.5.0/pico-sdk/src/rp2_common/hardware_irq/irq_handler_chain.S.obj
LOAD CMakeFiles/lab4.dir/C_/bin/Pico_SDK_v1.5.0/pico-sdk/src/common/pico_sync/sem.c.obj
LOAD CMakeFiles/lab4.dir/C_/bin/Pico_SDK_v1.5.0/pico-sdk/src/common/pico_sync/lock_core.c.obj
LOAD CMakeFiles/lab4.dir/C_/bin/Pico_SDK_v1.5.0/pico-sdk/src/common/pico_sync/mutex.c.obj
LOAD CMakeFiles/lab4.dir/C_/bin/Pico_SDK_v1.5.0/pico-sdk/src/common/pico_sync/critical_section.c.obj
LOAD CMakeFiles/lab4.dir/C_/bin/Pico_SDK_v1.5.0/pico-sdk/src/common/pico_time/time.c.obj
LOAD CMakeFiles/lab4.dir/C_/bin/Pico_SDK_v1.5.0/pico-sdk/src/common/pico_time/timeout_helper.c.obj
LOAD CMakeFiles/lab4.dir/C_/bin/Pico_SDK_v1.5.0/pico-sdk/src/rp2_common/hardware_timer/timer.c.obj
LOAD CMakeFiles/lab4.dir/C_/bin/Pico_SDK_v1.5.0/pico-sdk/src/common/pico_util/datetime.c.obj
LOAD CMakeFiles/lab4.dir/C_/bin/Pico_SDK_v1.5.0/pico-sdk/src/common/pico_util/pheap.c.obj
LOAD CMakeFiles/lab4.dir/C_/bin/Pico_SDK_v1.5.0/pico-sdk/src/common/pico_util/queue.c.obj
LOAD CMakeFiles/lab4.dir/C_/bin/Pico_SDK_v1.5.0/pico-sdk/src/rp2_common/hardware_uart/uart.c.obj
LOAD CMakeFiles/lab4.dir/C_/bin/Pico_SDK_v1.5.0/pico-sdk/src/rp2_common/hardware_clocks/clocks.c.obj
LOAD CMakeFiles/lab4.dir/C_/bin/Pico_SDK_v1.5.0/pico-sdk/src/rp2_common/hardware_pll/pll.c.obj
LOAD CMakeFiles/lab4.dir/C_/bin/Pico_SDK_v1.5.0/pico-sdk/src/rp2_common/hardware_vreg/vreg.c.obj
LOAD CMakeFiles/lab4.dir/C_/bin/Pico_SDK_v1.5.0/pico-sdk/src/rp2_common/hardware_watchdog/watchdog.c.obj
LOAD CMakeFiles/lab4.dir/C_/bin/Pico_SDK_v1.5.0/pico-sdk/src/rp2_common/hardware_xosc/xosc.c.obj
LOAD CMakeFiles/lab4.dir/C_/bin/Pico_SDK_v1.5.0/pico-sdk/src/rp2_common/hardware_divider/divider.S.obj
LOAD CMakeFiles/lab4.dir/C_/bin/Pico_SDK_v1.5.0/pico-sdk/src/rp2_common/pico_runtime/runtime.c.obj
LOAD CMakeFiles/lab4.dir/C_/bin/Pico_SDK_v1.5.0/pico-sdk/src/rp2_common/pico_printf/printf.c.obj
LOAD CMakeFiles/lab4.dir/C_/bin/Pico_SDK_v1.5.0/pico-sdk/src/rp2_common/pico_bit_ops/bit_ops_aeabi.S.obj
LOAD CMakeFiles/lab4.dir/C_/bin/Pico_SDK_v1.5.0/pico-sdk/src/rp2_common/pico_bootrom/bootrom.c.obj
LOAD CMakeFiles/lab4.dir/C_/bin/Pico_SDK_v1.5.0/pico-sdk/src/rp2_common/pico_divider/divider.S.obj
LOAD CMakeFiles/lab4.dir/C_/bin/Pico_SDK_v1.5.0/pico-sdk/src/rp2_common/pico_double/double_aeabi.S.obj
LOAD CMakeFiles/lab4.dir/C_/bin/Pico_SDK_v1.5.0/pico-sdk/src/rp2_common/pico_double/double_init_rom.c.obj
LOAD CMakeFiles/lab4.dir/C_/bin/Pico_SDK_v1.5.0/pico-sdk/src/rp2_common/pico_double/double_math.c.obj
LOAD CMakeFiles/lab4.dir/C_/bin/Pico_SDK_v1.5.0/pico-sdk/src/rp2_common/pico_double/double_v1_rom_shim.S.obj
LOAD CMakeFiles/lab4.dir/C_/bin/Pico_SDK_v1.5.0/pico-sdk/src/rp2_common/pico_int64_ops/pico_int64_ops_aeabi.S.obj
LOAD CMakeFiles/lab4.dir/C_/bin/Pico_SDK_v1.5.0/pico-sdk/src/rp2_common/pico_float/float_aeabi.S.obj
LOAD CMakeFiles/lab4.dir/C_/bin/Pico_SDK_v1.5.0/pico-sdk/src/rp2_common/pico_float/float_init_rom.c.obj
LOAD CMakeFiles/lab4.dir/C_/bin/Pico_SDK_v1.5.0/pico-sdk/src/rp2_common/pico_float/float_math.c.obj
LOAD CMakeFiles/lab4.dir/C_/bin/Pico_SDK_v1.5.0/pico-sdk/src/rp2_common/pico_float/float_v1_rom_shim.S.obj
LOAD CMakeFiles/lab4.dir/C_/bin/Pico_SDK_v1.5.0/pico-sdk/src/rp2_common/pico_malloc/pico_malloc.c.obj
LOAD CMakeFiles/lab4.dir/C_/bin/Pico_SDK_v1.5.0/pico-sdk/src/rp2_common/pico_mem_ops/mem_ops_aeabi.S.obj
LOAD CMakeFiles/lab4.dir/C_/bin/Pico_SDK_v1.5.0/pico-sdk/src/rp2_common/pico_standard_link/crt0.S.obj
LOAD CMakeFiles/lab4.dir/C_/bin/Pico_SDK_v1.5.0/pico-sdk/src/rp2_common/pico_standard_link/new_delete.cpp.obj
LOAD CMakeFiles/lab4.dir/C_/bin/Pico_SDK_v1.5.0/pico-sdk/src/rp2_common/pico_standard_link/binary_info.c.obj
LOAD CMakeFiles/lab4.dir/C_/bin/Pico_SDK_v1.5.0/pico-sdk/src/rp2_common/pico_stdio/stdio.c.obj
LOAD CMakeFiles/lab4.dir/C_/bin/Pico_SDK_v1.5.0/pico-sdk/src/rp2_common/pico_stdio_uart/stdio_uart.c.obj
LOAD C:\Users\uglyz\AppData\Local\Temp\cc95Lt2j.o
LOAD c:/bin/pico_sdk_v1.5.0/gcc-arm-none-eabi/bin/../lib/gcc/arm-none-eabi/10.3.1/../../../../arm-none-eabi/lib/thumb/v6-m/nofp\libstdc++.a
LOAD c:/bin/pico_sdk_v1.5.0/gcc-arm-none-eabi/bin/../lib/gcc/arm-none-eabi/10.3.1/../../../../arm-none-eabi/lib/thumb/v6-m/nofp\libm.a
START GROUP
LOAD c:/bin/pico_sdk_v1.5.0/gcc-arm-none-eabi/bin/../lib/gcc/arm-none-eabi/10.3.1/thumb/v6-m/nofp\libgcc.a
LOAD c:/bin/pico_sdk_v1.5.0/gcc-arm-none-eabi/bin/../lib/gcc/arm-none-eabi/10.3.1/../../../../arm-none-eabi/lib/thumb/v6-m/nofp\libg.a
LOAD c:/bin/pico_sdk_v1.5.0/gcc-arm-none-eabi/bin/../lib/gcc/arm-none-eabi/10.3.1/../../../../arm-none-eabi/lib/thumb/v6-m/nofp\libc.a
END GROUP
START GROUP
LOAD c:/bin/pico_sdk_v1.5.0/gcc-arm-none-eabi/bin/../lib/gcc/arm-none-eabi/10.3.1/thumb/v6-m/nofp\libgcc.a
LOAD c:/bin/pico_sdk_v1.5.0/gcc-arm-none-eabi/bin/../lib/gcc/arm-none-eabi/10.3.1/../../../../arm-none-eabi/lib/thumb/v6-m/nofp\libc.a
LOAD c:/bin/pico_sdk_v1.5.0/gcc-arm-none-eabi/bin/../lib/gcc/arm-none-eabi/10.3.1/../../../../arm-none-eabi/lib/thumb/v6-m/nofp\libnosys.a
END GROUP
LOAD c:/bin/pico_sdk_v1.5.0/gcc-arm-none-eabi/bin/../lib/gcc/arm-none-eabi/10.3.1/thumb/v6-m/nofp/crtend.o
LOAD c:/bin/pico_sdk_v1.5.0/gcc-arm-none-eabi/bin/../lib/gcc/arm-none-eabi/10.3.1/thumb/v6-m/nofp/crtn.o
OUTPUT(lab4.elf elf32-littlearm)
LOAD linker stubs

.ARM.attributes
                0x00000000       0x28
 .ARM.attributes
                0x00000000       0x1e c:/bin/pico_sdk_v1.5.0/gcc-arm-none-eabi/bin/../lib/gcc/arm-none-eabi/10.3.1/thumb/v6-m/nofp/crti.o
 .ARM.attributes
                0x0000001e       0x2c c:/bin/pico_sdk_v1.5.0/gcc-arm-none-eabi/bin/../lib/gcc/arm-none-eabi/10.3.1/thumb/v6-m/nofp/crtbegin.o
 .ARM.attributes
                0x0000004a       0x2c CMakeFiles/lab4.dir/main.c.obj
 .ARM.attributes
                0x00000076       0x2c CMakeFiles/lab4.dir/ring_buffer.c.obj
 .ARM.attributes
                0x000000a2       0x2c CMakeFiles/lab4.dir/uart.c.obj
 .ARM.attributes
                0x000000ce       0x2c CMakeFiles/lab4.dir/C_/bin/Pico_SDK_v1.5.0/pico-sdk/src/rp2_common/hardware_gpio/gpio.c.obj
 .ARM.attributes
                0x000000fa       0x2c CMakeFiles/lab4.dir/C_/bin/Pico_SDK_v1.5.0/pico-sdk/src/rp2_common/pico_platform/platform.c.obj
 .ARM.attributes
                0x00000126       0x2c CMakeFiles/lab4.dir/C_/bin/Pico_SDK_v1.5.0/pico-sdk/src/rp2_common/hardware_claim/claim.c.obj
 .ARM.attributes
                0x00000152       0x2c CMakeFiles/lab4.dir/C_/bin/Pico_SDK_v1.5.0/pico-sdk/src/rp2_common/hardware_sync/sync.c.obj
 .ARM.attributes
                0x0000017e       0x2c CMakeFiles/lab4.dir/C_/bin/Pico_SDK_v1.5.0/pico-sdk/src/rp2_common/hardware_irq/irq.c.obj
 .ARM.attributes
                0x000001aa       0x22 CMakeFiles/lab4.dir/C_/bin/Pico_SDK_v1.5.0/pico-sdk/src/rp2_common/hardware_irq/irq_handler_chain.S.obj
 .ARM.attributes
                0x000001cc       0x2c CMakeFiles/lab4.dir/C_/bin/Pico_SDK_v1.5.0/pico-sdk/src/common/pico_sync/lock_core.c.obj
 .ARM.attributes
                0x000001f8       0x2c CMakeFiles/lab4.dir/C_/bin/Pico_SDK_v1.5.0/pico-sdk/src/common/pico_sync/mutex.c.obj
 .ARM.attributes
                0x00000224       0x2c CMakeFiles/lab4.dir/C_/bin/Pico_SDK_v1.5.0/pico-sdk/src/common/pico_time/time.c.obj
 .ARM.attributes
                0x00000250       0x2c CMakeFiles/lab4.dir/C_/bin/Pico_SDK_v1.5.0/pico-sdk/src/rp2_common/hardware_timer/timer.c.obj
 .ARM.attributes
                0x0000027c       0x2c CMakeFiles/lab4.dir/C_/bin/Pico_SDK_v1.5.0/pico-sdk/src/common/pico_util/pheap.c.obj
 .ARM.attributes
                0x000002a8       0x2c CMakeFiles/lab4.dir/C_/bin/Pico_SDK_v1.5.0/pico-sdk/src/rp2_common/hardware_uart/uart.c.obj
 .ARM.attributes
                0x000002d4       0x2c CMakeFiles/lab4.dir/C_/bin/Pico_SDK_v1.5.0/pico-sdk/src/rp2_common/hardware_clocks/clocks.c.obj
 .ARM.attributes
                0x00000300       0x2c CMakeFiles/lab4.dir/C_/bin/Pico_SDK_v1.5.0/pico-sdk/src/rp2_common/hardware_pll/pll.c.obj
 .ARM.attributes
                0x0000032c       0x2c CMakeFiles/lab4.dir/C_/bin/Pico_SDK_v1.5.0/pico-sdk/src/rp2_common/hardware_watchdog/watchdog.c.obj
 .ARM.attributes
                0x00000358       0x2c CMakeFiles/lab4.dir/C_/bin/Pico_SDK_v1.5.0/pico-sdk/src/rp2_common/hardware_xosc/xosc.c.obj
 .ARM.attributes
                0x00000384       0x2c CMakeFiles/lab4.dir/C_/bin/Pico_SDK_v1.5.0/pico-sdk/src/rp2_common/pico_runtime/runtime.c.obj
 .ARM.attributes
                0x000003b0       0x2c CMakeFiles/lab4.dir/C_/bin/Pico_SDK_v1.5.0/pico-sdk/src/rp2_common/pico_printf/printf.c.obj
 .ARM.attributes
                0x000003dc       0x22 CMakeFiles/lab4.dir/C_/bin/Pico_SDK_v1.5.0/pico-sdk/src/rp2_common/pico_bit_ops/bit_ops_aeabi.S.obj
 .ARM.attributes
                0x000003fe       0x2c CMakeFiles/lab4.dir/C_/bin/Pico_SDK_v1.5.0/pico-sdk/src/rp2_common/pico_bootrom/bootrom.c.obj
 .ARM.attributes
                0x0000042a       0x22 CMakeFiles/lab4.dir/C_/bin/Pico_SDK_v1.5.0/pico-sdk/src/rp2_common/pico_divider/divider.S.obj
 .ARM.attributes
                0x0000044c       0x22 CMakeFiles/lab4.dir/C_/bin/Pico_SDK_v1.5.0/pico-sdk/src/rp2_common/pico_double/double_aeabi.S.obj
 .ARM.attributes
                0x0000046e       0x2c CMakeFiles/lab4.dir/C_/bin/Pico_SDK_v1.5.0/pico-sdk/src/rp2_common/pico_double/double_init_rom.c.obj
 .ARM.attributes
                0x0000049a       0x22 CMakeFiles/lab4.dir/C_/bin/Pico_SDK_v1.5.0/pico-sdk/src/rp2_common/pico_double/double_v1_rom_shim.S.obj
 .ARM.attributes
                0x000004bc       0x22 CMakeFiles/lab4.dir/C_/bin/Pico_SDK_v1.5.0/pico-sdk/src/rp2_common/pico_int64_ops/pico_int64_ops_aeabi.S.obj
 .ARM.attributes
                0x000004de       0x22 CMakeFiles/lab4.dir/C_/bin/Pico_SDK_v1.5.0/pico-sdk/src/rp2_common/pico_float/float_aeabi.S.obj
 .ARM.attributes
                0x00000500       0x2c CMakeFiles/lab4.dir/C_/bin/Pico_SDK_v1.5.0/pico-sdk/src/rp2_common/pico_float/float_init_rom.c.obj
 .ARM.attributes
                0x0000052c       0x22 CMakeFiles/lab4.dir/C_/bin/Pico_SDK_v1.5.0/pico-sdk/src/rp2_common/pico_float/float_v1_rom_shim.S.obj
 .ARM.attributes
                0x0000054e       0x2c CMakeFiles/lab4.dir/C_/bin/Pico_SDK_v1.5.0/pico-sdk/src/rp2_common/pico_malloc/pico_malloc.c.obj
 .ARM.attributes
                0x0000057a       0x22 CMakeFiles/lab4.dir/C_/bin/Pico_SDK_v1.5.0/pico-sdk/src/rp2_common/pico_mem_ops/mem_ops_aeabi.S.obj
 .ARM.attributes
                0x0000059c       0x22 CMakeFiles/lab4.dir/C_/bin/Pico_SDK_v1.5.0/pico-sdk/src/rp2_common/pico_standard_link/crt0.S.obj
 .ARM.attributes
                0x000005be       0x2c CMakeFiles/lab4.dir/C_/bin/Pico_SDK_v1.5.0/pico-sdk/src/rp2_common/pico_standard_link/binary_info.c.obj
 .ARM.attributes
                0x000005ea       0x2c CMakeFiles/lab4.dir/C_/bin/Pico_SDK_v1.5.0/pico-sdk/src/rp2_common/pico_stdio/stdio.c.obj
 .ARM.attributes
                0x00000616       0x2c CMakeFiles/lab4.dir/C_/bin/Pico_SDK_v1.5.0/pico-sdk/src/rp2_common/pico_stdio_uart/stdio_uart.c.obj
 .ARM.attributes
                0x00000642       0x22 C:\Users\uglyz\AppData\Local\Temp\cc95Lt2j.o
 .ARM.attributes
                0x00000664       0x1e c:/bin/pico_sdk_v1.5.0/gcc-arm-none-eabi/bin/../lib/gcc/arm-none-eabi/10.3.1/thumb/v6-m/nofp\libgcc.a(_dvmd_tls.o)
 .ARM.attributes
                0x00000682       0x2c c:/bin/pico_sdk_v1.5.0/gcc-arm-none-eabi/bin/../lib/gcc/arm-none-eabi/10.3.1/../../../../arm-none-eabi/lib/thumb/v6-m/nofp\libg.a(lib_a-calloc.o)
 .ARM.attributes
                0x000006ae       0x2c c:/bin/pico_sdk_v1.5.0/gcc-arm-none-eabi/bin/../lib/gcc/arm-none-eabi/10.3.1/../../../../arm-none-eabi/lib/thumb/v6-m/nofp\libg.a(lib_a-callocr.o)
 .ARM.attributes
                0x000006da       0x2c c:/bin/pico_sdk_v1.5.0/gcc-arm-none-eabi/bin/../lib/gcc/arm-none-eabi/10.3.1/../../../../arm-none-eabi/lib/thumb/v6-m/nofp\libg.a(lib_a-ctype_.o)
 .ARM.attributes
                0x00000706       0x2c c:/bin/pico_sdk_v1.5.0/gcc-arm-none-eabi/bin/../lib/gcc/arm-none-eabi/10.3.1/../../../../arm-none-eabi/lib/thumb/v6-m/nofp\libg.a(lib_a-errno.o)
 .ARM.attributes
                0x00000732       0x2c c:/bin/pico_sdk_v1.5.0/gcc-arm-none-eabi/bin/../lib/gcc/arm-none-eabi/10.3.1/../../../../arm-none-eabi/lib/thumb/v6-m/nofp\libg.a(lib_a-impure.o)
 .ARM.attributes
                0x0000075e       0x2c c:/bin/pico_sdk_v1.5.0/gcc-arm-none-eabi/bin/../lib/gcc/arm-none-eabi/10.3.1/../../../../arm-none-eabi/lib/thumb/v6-m/nofp\libg.a(lib_a-mallocr.o)
 .ARM.attributes
                0x0000078a       0x2c c:/bin/pico_sdk_v1.5.0/gcc-arm-none-eabi/bin/../lib/gcc/arm-none-eabi/10.3.1/../../../../arm-none-eabi/lib/thumb/v6-m/nofp\libg.a(lib_a-mlock.o)
 .ARM.attributes
                0x000007b6       0x2c c:/bin/pico_sdk_v1.5.0/gcc-arm-none-eabi/bin/../lib/gcc/arm-none-eabi/10.3.1/../../../../arm-none-eabi/lib/thumb/v6-m/nofp\libg.a(lib_a-sbrkr.o)
 .ARM.attributes
                0x000007e2       0x2c c:/bin/pico_sdk_v1.5.0/gcc-arm-none-eabi/bin/../lib/gcc/arm-none-eabi/10.3.1/../../../../arm-none-eabi/lib/thumb/v6-m/nofp\libg.a(lib_a-strlen-stub.o)
 .ARM.attributes
                0x0000080e       0x2c c:/bin/pico_sdk_v1.5.0/gcc-arm-none-eabi/bin/../lib/gcc/arm-none-eabi/10.3.1/../../../../arm-none-eabi/lib/thumb/v6-m/nofp\libg.a(lib_a-freer.o)
 .ARM.attributes
                0x0000083a       0x2c c:/bin/pico_sdk_v1.5.0/gcc-arm-none-eabi/bin/../lib/gcc/arm-none-eabi/10.3.1/../../../../arm-none-eabi/lib/thumb/v6-m/nofp\libg.a(lib_a-lock.o)
 .ARM.attributes
                0x00000866       0x2c c:/bin/pico_sdk_v1.5.0/gcc-arm-none-eabi/bin/../lib/gcc/arm-none-eabi/10.3.1/../../../../arm-none-eabi/lib/thumb/v6-m/nofp\libg.a(lib_a-reent.o)

.comment        0x00000000       0x49
 .comment       0x00000000       0x49 CMakeFiles/lab4.dir/main.c.obj
                                 0x4a (size before relaxing)
 .comment       0x00000049       0x4a CMakeFiles/lab4.dir/ring_buffer.c.obj
 .comment       0x00000049       0x4a CMakeFiles/lab4.dir/uart.c.obj
 .comment       0x00000049       0x4a CMakeFiles/lab4.dir/C_/bin/Pico_SDK_v1.5.0/pico-sdk/src/rp2_common/hardware_gpio/gpio.c.obj
 .comment       0x00000049       0x4a CMakeFiles/lab4.dir/C_/bin/Pico_SDK_v1.5.0/pico-sdk/src/rp2_common/pico_platform/platform.c.obj
 .comment       0x00000049       0x4a CMakeFiles/lab4.dir/C_/bin/Pico_SDK_v1.5.0/pico-sdk/src/rp2_common/hardware_claim/claim.c.obj
 .comment       0x00000049       0x4a CMakeFiles/lab4.dir/C_/bin/Pico_SDK_v1.5.0/pico-sdk/src/rp2_common/hardware_sync/sync.c.obj
 .comment       0x00000049       0x4a CMakeFiles/lab4.dir/C_/bin/Pico_SDK_v1.5.0/pico-sdk/src/rp2_common/hardware_irq/irq.c.obj
 .comment       0x00000049       0x4a CMakeFiles/lab4.dir/C_/bin/Pico_SDK_v1.5.0/pico-sdk/src/common/pico_sync/lock_core.c.obj
 .comment       0x00000049       0x4a CMakeFiles/lab4.dir/C_/bin/Pico_SDK_v1.5.0/pico-sdk/src/common/pico_sync/mutex.c.obj
 .comment       0x00000049       0x4a CMakeFiles/lab4.dir/C_/bin/Pico_SDK_v1.5.0/pico-sdk/src/common/pico_time/time.c.obj
 .comment       0x00000049       0x4a CMakeFiles/lab4.dir/C_/bin/Pico_SDK_v1.5.0/pico-sdk/src/rp2_common/hardware_timer/timer.c.obj
 .comment       0x00000049       0x4a CMakeFiles/lab4.dir/C_/bin/Pico_SDK_v1.5.0/pico-sdk/src/common/pico_util/pheap.c.obj
 .comment       0x00000049       0x4a CMakeFiles/lab4.dir/C_/bin/Pico_SDK_v1.5.0/pico-sdk/src/rp2_common/hardware_uart/uart.c.obj
 .comment       0x00000049       0x4a CMakeFiles/lab4.dir/C_/bin/Pico_SDK_v1.5.0/pico-sdk/src/rp2_common/hardware_clocks/clocks.c.obj
 .comment       0x00000049       0x4a CMakeFiles/lab4.dir/C_/bin/Pico_SDK_v1.5.0/pico-sdk/src/rp2_common/hardware_pll/pll.c.obj
 .comment       0x00000049       0x4a CMakeFiles/lab4.dir/C_/bin/Pico_SDK_v1.5.0/pico-sdk/src/rp2_common/hardware_watchdog/watchdog.c.obj
 .comment       0x00000049       0x4a CMakeFiles/lab4.dir/C_/bin/Pico_SDK_v1.5.0/pico-sdk/src/rp2_common/hardware_xosc/xosc.c.obj
 .comment       0x00000049       0x4a CMakeFiles/lab4.dir/C_/bin/Pico_SDK_v1.5.0/pico-sdk/src/rp2_common/pico_runtime/runtime.c.obj
 .comment       0x00000049       0x4a CMakeFiles/lab4.dir/C_/bin/Pico_SDK_v1.5.0/pico-sdk/src/rp2_common/pico_printf/printf.c.obj
 .comment       0x00000049       0x4a CMakeFiles/lab4.dir/C_/bin/Pico_SDK_v1.5.0/pico-sdk/src/rp2_common/pico_bootrom/bootrom.c.obj
 .comment       0x00000049       0x4a CMakeFiles/lab4.dir/C_/bin/Pico_SDK_v1.5.0/pico-sdk/src/rp2_common/pico_double/double_init_rom.c.obj
 .comment       0x00000049       0x4a CMakeFiles/lab4.dir/C_/bin/Pico_SDK_v1.5.0/pico-sdk/src/rp2_common/pico_float/float_init_rom.c.obj
 .comment       0x00000049       0x4a CMakeFiles/lab4.dir/C_/bin/Pico_SDK_v1.5.0/pico-sdk/src/rp2_common/pico_malloc/pico_malloc.c.obj
 .comment       0x00000049       0x4a CMakeFiles/lab4.dir/C_/bin/Pico_SDK_v1.5.0/pico-sdk/src/rp2_common/pico_standard_link/binary_info.c.obj
 .comment       0x00000049       0x4a CMakeFiles/lab4.dir/C_/bin/Pico_SDK_v1.5.0/pico-sdk/src/rp2_common/pico_stdio/stdio.c.obj
 .comment       0x00000049       0x4a CMakeFiles/lab4.dir/C_/bin/Pico_SDK_v1.5.0/pico-sdk/src/rp2_common/pico_stdio_uart/stdio_uart.c.obj

.debug_info     0x00000000    0x16f0a
 .debug_info    0x00000000      0xaae CMakeFiles/lab4.dir/main.c.obj
 .debug_info    0x00000aae      0x312 CMakeFiles/lab4.dir/ring_buffer.c.obj
 .debug_info    0x00000dc0      0xd4c CMakeFiles/lab4.dir/uart.c.obj
 .debug_info    0x00001b0c     0x16d8 CMakeFiles/lab4.dir/C_/bin/Pico_SDK_v1.5.0/pico-sdk/src/rp2_common/hardware_gpio/gpio.c.obj
 .debug_info    0x000031e4      0x1e3 CMakeFiles/lab4.dir/C_/bin/Pico_SDK_v1.5.0/pico-sdk/src/rp2_common/pico_platform/platform.c.obj
 .debug_info    0x000033c7      0x6bc CMakeFiles/lab4.dir/C_/bin/Pico_SDK_v1.5.0/pico-sdk/src/rp2_common/hardware_claim/claim.c.obj
 .debug_info    0x00003a83      0x58e CMakeFiles/lab4.dir/C_/bin/Pico_SDK_v1.5.0/pico-sdk/src/rp2_common/hardware_sync/sync.c.obj
 .debug_info    0x00004011     0x1c9c CMakeFiles/lab4.dir/C_/bin/Pico_SDK_v1.5.0/pico-sdk/src/rp2_common/hardware_irq/irq.c.obj
 .debug_info    0x00005cad      0x1a4 CMakeFiles/lab4.dir/C_/bin/Pico_SDK_v1.5.0/pico-sdk/src/common/pico_sync/lock_core.c.obj
 .debug_info    0x00005e51     0x20d3 CMakeFiles/lab4.dir/C_/bin/Pico_SDK_v1.5.0/pico-sdk/src/common/pico_sync/mutex.c.obj
 .debug_info    0x00007f24     0x4066 CMakeFiles/lab4.dir/C_/bin/Pico_SDK_v1.5.0/pico-sdk/src/common/pico_time/time.c.obj
 .debug_info    0x0000bf8a     0x13ee CMakeFiles/lab4.dir/C_/bin/Pico_SDK_v1.5.0/pico-sdk/src/rp2_common/hardware_timer/timer.c.obj
 .debug_info    0x0000d378     0x123b CMakeFiles/lab4.dir/C_/bin/Pico_SDK_v1.5.0/pico-sdk/src/common/pico_util/pheap.c.obj
 .debug_info    0x0000e5b3      0xb65 CMakeFiles/lab4.dir/C_/bin/Pico_SDK_v1.5.0/pico-sdk/src/rp2_common/hardware_uart/uart.c.obj
 .debug_info    0x0000f118      0xf8d CMakeFiles/lab4.dir/C_/bin/Pico_SDK_v1.5.0/pico-sdk/src/rp2_common/hardware_clocks/clocks.c.obj
 .debug_info    0x000100a5      0x51b CMakeFiles/lab4.dir/C_/bin/Pico_SDK_v1.5.0/pico-sdk/src/rp2_common/hardware_pll/pll.c.obj
 .debug_info    0x000105c0      0x4ee CMakeFiles/lab4.dir/C_/bin/Pico_SDK_v1.5.0/pico-sdk/src/rp2_common/hardware_watchdog/watchdog.c.obj
 .debug_info    0x00010aae      0x1d8 CMakeFiles/lab4.dir/C_/bin/Pico_SDK_v1.5.0/pico-sdk/src/rp2_common/hardware_xosc/xosc.c.obj
 .debug_info    0x00010c86     0x1028 CMakeFiles/lab4.dir/C_/bin/Pico_SDK_v1.5.0/pico-sdk/src/rp2_common/pico_runtime/runtime.c.obj
 .debug_info    0x00011cae     0x1a5f CMakeFiles/lab4.dir/C_/bin/Pico_SDK_v1.5.0/pico-sdk/src/rp2_common/pico_printf/printf.c.obj
 .debug_info    0x0001370d       0x22 CMakeFiles/lab4.dir/C_/bin/Pico_SDK_v1.5.0/pico-sdk/src/rp2_common/pico_bit_ops/bit_ops_aeabi.S.obj
 .debug_info    0x0001372f      0x27c CMakeFiles/lab4.dir/C_/bin/Pico_SDK_v1.5.0/pico-sdk/src/rp2_common/pico_bootrom/bootrom.c.obj
 .debug_info    0x000139ab       0x22 CMakeFiles/lab4.dir/C_/bin/Pico_SDK_v1.5.0/pico-sdk/src/rp2_common/pico_divider/divider.S.obj
 .debug_info    0x000139cd       0x22 CMakeFiles/lab4.dir/C_/bin/Pico_SDK_v1.5.0/pico-sdk/src/rp2_common/pico_double/double_aeabi.S.obj
 .debug_info    0x000139ef      0x2d1 CMakeFiles/lab4.dir/C_/bin/Pico_SDK_v1.5.0/pico-sdk/src/rp2_common/pico_double/double_init_rom.c.obj
 .debug_info    0x00013cc0       0x22 CMakeFiles/lab4.dir/C_/bin/Pico_SDK_v1.5.0/pico-sdk/src/rp2_common/pico_double/double_v1_rom_shim.S.obj
 .debug_info    0x00013ce2       0x26 CMakeFiles/lab4.dir/C_/bin/Pico_SDK_v1.5.0/pico-sdk/src/rp2_common/pico_int64_ops/pico_int64_ops_aeabi.S.obj
 .debug_info    0x00013d08       0x22 CMakeFiles/lab4.dir/C_/bin/Pico_SDK_v1.5.0/pico-sdk/src/rp2_common/pico_float/float_aeabi.S.obj
 .debug_info    0x00013d2a      0x2eb CMakeFiles/lab4.dir/C_/bin/Pico_SDK_v1.5.0/pico-sdk/src/rp2_common/pico_float/float_init_rom.c.obj
 .debug_info    0x00014015       0x22 CMakeFiles/lab4.dir/C_/bin/Pico_SDK_v1.5.0/pico-sdk/src/rp2_common/pico_float/float_v1_rom_shim.S.obj
 .debug_info    0x00014037      0x334 CMakeFiles/lab4.dir/C_/bin/Pico_SDK_v1.5.0/pico-sdk/src/rp2_common/pico_malloc/pico_malloc.c.obj
 .debug_info    0x0001436b       0x22 CMakeFiles/lab4.dir/C_/bin/Pico_SDK_v1.5.0/pico-sdk/src/rp2_common/pico_mem_ops/mem_ops_aeabi.S.obj
 .debug_info    0x0001438d       0x22 CMakeFiles/lab4.dir/C_/bin/Pico_SDK_v1.5.0/pico-sdk/src/rp2_common/pico_standard_link/crt0.S.obj
 .debug_info    0x000143af      0x2f6 CMakeFiles/lab4.dir/C_/bin/Pico_SDK_v1.5.0/pico-sdk/src/rp2_common/pico_standard_link/binary_info.c.obj
 .debug_info    0x000146a5     0x1821 CMakeFiles/lab4.dir/C_/bin/Pico_SDK_v1.5.0/pico-sdk/src/rp2_common/pico_stdio/stdio.c.obj
 .debug_info    0x00015ec6     0x1044 CMakeFiles/lab4.dir/C_/bin/Pico_SDK_v1.5.0/pico-sdk/src/rp2_common/pico_stdio_uart/stdio_uart.c.obj

.debug_abbrev   0x00000000     0x48c3
 .debug_abbrev  0x00000000      0x2ef CMakeFiles/lab4.dir/main.c.obj
 .debug_abbrev  0x000002ef      0x15d CMakeFiles/lab4.dir/ring_buffer.c.obj
 .debug_abbrev  0x0000044c      0x334 CMakeFiles/lab4.dir/uart.c.obj
 .debug_abbrev  0x00000780      0x339 CMakeFiles/lab4.dir/C_/bin/Pico_SDK_v1.5.0/pico-sdk/src/rp2_common/hardware_gpio/gpio.c.obj
 .debug_abbrev  0x00000ab9       0xeb CMakeFiles/lab4.dir/C_/bin/Pico_SDK_v1.5.0/pico-sdk/src/rp2_common/pico_platform/platform.c.obj
 .debug_abbrev  0x00000ba4      0x2e9 CMakeFiles/lab4.dir/C_/bin/Pico_SDK_v1.5.0/pico-sdk/src/rp2_common/hardware_claim/claim.c.obj
 .debug_abbrev  0x00000e8d      0x21b CMakeFiles/lab4.dir/C_/bin/Pico_SDK_v1.5.0/pico-sdk/src/rp2_common/hardware_sync/sync.c.obj
 .debug_abbrev  0x000010a8      0x4e7 CMakeFiles/lab4.dir/C_/bin/Pico_SDK_v1.5.0/pico-sdk/src/rp2_common/hardware_irq/irq.c.obj